nohup: ignoring input
Error in <TFile::Get>: Unexpected type of TDirectoryFile::fKeys!
Error in <TFile::Get>: Unexpected type of TDirectoryFile::fKeys!
Error in <TFile::GetObjectChecked>: Unexpected type of TDirectoryFile::fKeys!
Error in <TFile::GetObjectChecked>: Unexpected type of TDirectoryFile::fKeys!
Error in <TFile::Get>: Unexpected type of TDirectoryFile::fKeys!
Error in <TFile::GetObjectChecked>: Unexpected type of TDirectoryFile::fKeys!
Error in <TFile::Get>: Unexpected type of TDirectoryFile::fKeys!
Error in <TFile::GetObjectChecked>: Unexpected type of TDirectoryFile::fKeys!
Info in <TCanvas::MakeDefCanvas>:  created default TCanvas with name c1
Info in <TCanvas::MakeDefCanvas>:  created default TCanvas with name c1
Info in <TCanvas::MakeDefCanvas>:  created default TCanvas with name c1
Info in <TCanvas::MakeDefCanvas>:  created default TCanvas with name c1
Error in <TFile::Get>: Unexpected type of TDirectoryFile::fKeys!
Error in <TFile::GetObjectChecked>: Unexpected type of TDirectoryFile::fKeys!
Info in <TCanvas::MakeDefCanvas>:  created default TCanvas with name c1
Error in <TFile::Get>: Unexpected type of TDirectoryFile::fKeys!
Error in <TFile::GetObjectChecked>: Unexpected type of TDirectoryFile::fKeys!
Info in <TCanvas::MakeDefCanvas>:  created default TCanvas with name c1
Error in <TFile::Get>: Unexpected type of TDirectoryFile::fKeys!
Error in <TFile::GetObjectChecked>: Unexpected type of TDirectoryFile::fKeys!
TROOT::Append:0: RuntimeWarning: Replacing existing TH1: sumweights (Potential memory leak).
Error in <TFile::Get>: Unexpected type of TDirectoryFile::fKeys!
Error in <TFile::GetObjectChecked>: Unexpected type of TDirectoryFile::fKeys!
TROOT::Append:0: RuntimeWarning: Replacing existing TH1: sumweights (Potential memory leak).
Error in <TFile::Get>: Unexpected type of TDirectoryFile::fKeys!
Error in <TFile::GetObjectChecked>: Unexpected type of TDirectoryFile::fKeys!
TROOT::Append:0: RuntimeWarning: Replacing existing TH1: sumweights (Potential memory leak).
Error in <TFile::Get>: Unexpected type of TDirectoryFile::fKeys!
Error in <TFile::GetObjectChecked>: Unexpected type of TDirectoryFile::fKeys!
Info in <TCanvas::MakeDefCanvas>:  created default TCanvas with name c1
Error in <TFile::Get>: Unexpected type of TDirectoryFile::fKeys!
Error in <TFile::GetObjectChecked>: Unexpected type of TDirectoryFile::fKeys!
Info in <TCanvas::MakeDefCanvas>:  created default TCanvas with name c1
Error in <TFile::Get>: Unexpected type of TDirectoryFile::fKeys!
Error in <TFile::GetObjectChecked>: Unexpected type of TDirectoryFile::fKeys!
TROOT::Append:0: RuntimeWarning: Replacing existing TH1: sumweights (Potential memory leak).
Error in <TFile::Get>: Unexpected type of TDirectoryFile::fKeys!
Error in <TFile::GetObjectChecked>: Unexpected type of TDirectoryFile::fKeys!
Info in <TCanvas::MakeDefCanvas>:  created default TCanvas with name c1
Error in <TFile::Get>: Unexpected type of TDirectoryFile::fKeys!
Error in <TFile::GetObjectChecked>: Unexpected type of TDirectoryFile::fKeys!
Info in <TCanvas::MakeDefCanvas>:  created default TCanvas with name c1
Error in <TFile::Get>: Unexpected type of TDirectoryFile::fKeys!
Error in <TFile::GetObjectChecked>: Unexpected type of TDirectoryFile::fKeys!
TROOT::Append:0: RuntimeWarning: Replacing existing TH1: sumweights (Potential memory leak).
Error in <TFile::Get>: Unexpected type of TDirectoryFile::fKeys!
Error in <TFile::GetObjectChecked>: Unexpected type of TDirectoryFile::fKeys!
TROOT::Append:0: RuntimeWarning: Replacing existing TH1: sumweights (Potential memory leak).
Error in <TFile::Get>: Unexpected type of TDirectoryFile::fKeys!
Error in <TFile::GetObjectChecked>: Unexpected type of TDirectoryFile::fKeys!
TROOT::Append:0: RuntimeWarning: Replacing existing TH1: sumweights (Potential memory leak).
Error in <TFile::Get>: Unexpected type of TDirectoryFile::fKeys!
Error in <TFile::GetObjectChecked>: Unexpected type of TDirectoryFile::fKeys!
TROOT::Append:0: RuntimeWarning: Replacing existing TH1: sumweights (Potential memory leak).
hadd Target file: Hists27Oct2025-ZZ4l2016_Moriondsel_eeee.root
hadd compression setting for all output: 1
hadd Source file 1: temp_ZTZT_Hists27Oct2025-ZZ4l2016_Moriondsel.root
hadd Source file 2: temp_ZTZ0_Hists27Oct2025-ZZ4l2016_Moriondsel.root
hadd Source file 3: temp_Z0ZT_Hists27Oct2025-ZZ4l2016_Moriondsel.root
hadd Source file 4: temp_Z0Z0_Hists27Oct2025-ZZ4l2016_Moriondsel.root
hadd Source file 5: temp_data_SingleElectron_Run2016B-ver2_HIPM_UL2016_MiniAODv2-v2_Hists27Oct2025-ZZ4l2016_Moriondsel.root
hadd Source file 6: temp_data_SingleElectron_Run2016C-HIPM_UL2016_MiniAODv2-v2_Hists27Oct2025-ZZ4l2016_Moriondsel.root
hadd Source file 7: temp_data_SingleElectron_Run2016D-HIPM_UL2016_MiniAODv2-v2_Hists27Oct2025-ZZ4l2016_Moriondsel.root
hadd Source file 8: temp_data_SingleElectron_Run2016E-HIPM_UL2016_MiniAODv2-v5_Hists27Oct2025-ZZ4l2016_Moriondsel.root
hadd Source file 9: temp_data_SingleElectron__Run2016F-HIPM_UL2016_MiniAODv2-v2_Hists27Oct2025-ZZ4l2016_Moriondsel.root
hadd Source file 10: temp_data_DoubleEG_Run2016B-ver2_HIPM_UL2016_MiniAODv2-v3_Hists27Oct2025-ZZ4l2016_Moriondsel.root
hadd Source file 11: temp_data_DoubleEG_Run2016C-HIPM_UL2016_MiniAODv2-v1_Hists27Oct2025-ZZ4l2016_Moriondsel.root
hadd Source file 12: temp_data_DoubleEG_Run2016D-HIPM_UL2016_MiniAODv2-v1_Hists27Oct2025-ZZ4l2016_Moriondsel.root
hadd Source file 13: temp_data_DoubleEG_Run2016E-HIPM_UL2016_MiniAODv2-v1_Hists27Oct2025-ZZ4l2016_Moriondsel.root
hadd Source file 14: temp_data_DoubleEG_Run2016F-HIPM_UL2016_MiniAODv2-v1_Hists27Oct2025-ZZ4l2016_Moriondsel.root
hadd Source file 15: temp_data_SingleMuon_Run2016B-ver2_HIPM_UL2016_MiniAODv2-v2_Hists27Oct2025-ZZ4l2016_Moriondsel.root
hadd Source file 16: temp_data_SingleMuon_Run2016C-HIPM_UL2016_MiniAODv2-v2_Hists27Oct2025-ZZ4l2016_Moriondsel.root
hadd Source file 17: temp_data_SingleMuon_Run2016D-HIPM_UL2016_MiniAODv2-v2_Hists27Oct2025-ZZ4l2016_Moriondsel.root
hadd Source file 18: temp_data_SingleMuon_Run2016E-HIPM_UL2016_MiniAODv2-v2_Hists27Oct2025-ZZ4l2016_Moriondsel.root
hadd Source file 19: temp_data_SingleMuon_Run2016F-HIPM_UL2016_MiniAODv2-v2_Hists27Oct2025-ZZ4l2016_Moriondsel.root
hadd Source file 20: temp_data_DoubleMuon_Run2016B-ver2_HIPM_UL2016_MiniAODv2-v1_Hists27Oct2025-ZZ4l2016_Moriondsel.root
hadd Source file 21: temp_data_DoubleMuon_Run2016C-HIPM_UL2016_MiniAODv2-v1_Hists27Oct2025-ZZ4l2016_Moriondsel.root
hadd Source file 22: temp_data_DoubleMuon_Run2016D-HIPM_UL2016_MiniAODv2-v1_Hists27Oct2025-ZZ4l2016_Moriondsel.root
hadd Source file 23: temp_data_DoubleMuon_Run2016E-HIPM_UL2016_MiniAODv2-v1_Hists27Oct2025-ZZ4l2016_Moriondsel.root
hadd Source file 24: temp_data_DoubleMuon_Run2016F-HIPM_UL2016_MiniAODv2-v1_Hists27Oct2025-ZZ4l2016_Moriondsel.root
hadd Source file 25: temp_data_MuonEG_Run2016B-ver2_HIPM_UL2016_MiniAODv2-v2_Hists27Oct2025-ZZ4l2016_Moriondsel.root
hadd Source file 26: temp_data_MuonEG_Run2016C-HIPM_UL2016_MiniAODv2-v2_Hists27Oct2025-ZZ4l2016_Moriondsel.root
hadd Source file 27: temp_data_MuonEG_Run2016D-HIPM_UL2016_MiniAODv2-v2_Hists27Oct2025-ZZ4l2016_Moriondsel.root
hadd Source file 28: temp_data_MuonEG_Run2016E-HIPM_UL2016_MiniAODv2-v2_Hists27Oct2025-ZZ4l2016_Moriondsel.root
hadd Source file 29: temp_data_MuonEG_Run2016F-HIPM_UL2016_MiniAODv2-v2_Hists27Oct2025-ZZ4l2016_Moriondsel.root
hadd Source file 30: temp_WWZ_Hists27Oct2025-ZZ4l2016_Moriondsel.root
hadd Source file 31: temp_WZZ_Hists27Oct2025-ZZ4l2016_Moriondsel.root
hadd Source file 32: temp_ZZZ_Hists27Oct2025-ZZ4l2016_Moriondsel.root
hadd Source file 33: temp_ttZ-jets_Hists27Oct2025-ZZ4l2016_Moriondsel.root
hadd Source file 34: temp_tt-jets_Hists27Oct2025-ZZ4l2016_Moriondsel.root
hadd Source file 35: temp_wz3lnu-amcnlo_Hists27Oct2025-ZZ4l2016_Moriondsel.root
hadd Source file 36: temp_DYJetsToLL_M10to-50_Hists27Oct2025-ZZ4l2016_Moriondsel.root
hadd Source file 37: temp_ggZZ4e_Hists27Oct2025-ZZ4l2016_Moriondsel.root
hadd Source file 38: temp_ggZZ2e2mu_Hists27Oct2025-ZZ4l2016_Moriondsel.root
hadd Source file 39: temp_ggZZ4m_Hists27Oct2025-ZZ4l2016_Moriondsel.root
hadd Source file 40: temp_ggZZ4tau_Hists27Oct2025-ZZ4l2016_Moriondsel.root
hadd Source file 41: temp_ggZZ2e2tau_Hists27Oct2025-ZZ4l2016_Moriondsel.root
hadd Source file 42: temp_ggZZ2mu2tau_Hists27Oct2025-ZZ4l2016_Moriondsel.root
hadd Source file 43: temp_zz4l-powheg_Hists27Oct2025-ZZ4l2016_Moriondsel.root
hadd Target path: Hists27Oct2025-ZZ4l2016_Moriondsel_eeee.root:/
hadd Target path: Hists27Oct2025-ZZ4l2016_Moriondsel_eeee.root:/ZTZT
hadd Target path: Hists27Oct2025-ZZ4l2016_Moriondsel_eeee.root:/ZTZ0
hadd Target path: Hists27Oct2025-ZZ4l2016_Moriondsel_eeee.root:/Z0ZT
hadd Target path: Hists27Oct2025-ZZ4l2016_Moriondsel_eeee.root:/Z0Z0
hadd Target path: Hists27Oct2025-ZZ4l2016_Moriondsel_eeee.root:/data_SingleElectron_Run2016B-ver2_HIPM_UL2016_MiniAODv2-v2
hadd Target path: Hists27Oct2025-ZZ4l2016_Moriondsel_eeee.root:/data_SingleElectron_Run2016C-HIPM_UL2016_MiniAODv2-v2
hadd Target path: Hists27Oct2025-ZZ4l2016_Moriondsel_eeee.root:/data_SingleElectron_Run2016D-HIPM_UL2016_MiniAODv2-v2
hadd Target path: Hists27Oct2025-ZZ4l2016_Moriondsel_eeee.root:/data_SingleElectron_Run2016E-HIPM_UL2016_MiniAODv2-v5
hadd Target path: Hists27Oct2025-ZZ4l2016_Moriondsel_eeee.root:/data_SingleElectron__Run2016F-HIPM_UL2016_MiniAODv2-v2
hadd Target path: Hists27Oct2025-ZZ4l2016_Moriondsel_eeee.root:/data_DoubleEG_Run2016B-ver2_HIPM_UL2016_MiniAODv2-v3
hadd Target path: Hists27Oct2025-ZZ4l2016_Moriondsel_eeee.root:/data_DoubleEG_Run2016C-HIPM_UL2016_MiniAODv2-v1
hadd Target path: Hists27Oct2025-ZZ4l2016_Moriondsel_eeee.root:/data_DoubleEG_Run2016D-HIPM_UL2016_MiniAODv2-v1
hadd Target path: Hists27Oct2025-ZZ4l2016_Moriondsel_eeee.root:/data_DoubleEG_Run2016E-HIPM_UL2016_MiniAODv2-v1
hadd Target path: Hists27Oct2025-ZZ4l2016_Moriondsel_eeee.root:/data_DoubleEG_Run2016F-HIPM_UL2016_MiniAODv2-v1
hadd Target path: Hists27Oct2025-ZZ4l2016_Moriondsel_eeee.root:/data_SingleMuon_Run2016B-ver2_HIPM_UL2016_MiniAODv2-v2
hadd Target path: Hists27Oct2025-ZZ4l2016_Moriondsel_eeee.root:/data_SingleMuon_Run2016C-HIPM_UL2016_MiniAODv2-v2
hadd Target path: Hists27Oct2025-ZZ4l2016_Moriondsel_eeee.root:/data_SingleMuon_Run2016D-HIPM_UL2016_MiniAODv2-v2
hadd Target path: Hists27Oct2025-ZZ4l2016_Moriondsel_eeee.root:/data_SingleMuon_Run2016E-HIPM_UL2016_MiniAODv2-v2
hadd Target path: Hists27Oct2025-ZZ4l2016_Moriondsel_eeee.root:/data_SingleMuon_Run2016F-HIPM_UL2016_MiniAODv2-v2
hadd Target path: Hists27Oct2025-ZZ4l2016_Moriondsel_eeee.root:/data_DoubleMuon_Run2016B-ver2_HIPM_UL2016_MiniAODv2-v1
hadd Target path: Hists27Oct2025-ZZ4l2016_Moriondsel_eeee.root:/data_DoubleMuon_Run2016C-HIPM_UL2016_MiniAODv2-v1
hadd Target path: Hists27Oct2025-ZZ4l2016_Moriondsel_eeee.root:/data_DoubleMuon_Run2016D-HIPM_UL2016_MiniAODv2-v1
hadd Target path: Hists27Oct2025-ZZ4l2016_Moriondsel_eeee.root:/data_DoubleMuon_Run2016E-HIPM_UL2016_MiniAODv2-v1
hadd Target path: Hists27Oct2025-ZZ4l2016_Moriondsel_eeee.root:/data_DoubleMuon_Run2016F-HIPM_UL2016_MiniAODv2-v1
hadd Target path: Hists27Oct2025-ZZ4l2016_Moriondsel_eeee.root:/data_MuonEG_Run2016B-ver2_HIPM_UL2016_MiniAODv2-v2
hadd Target path: Hists27Oct2025-ZZ4l2016_Moriondsel_eeee.root:/data_MuonEG_Run2016C-HIPM_UL2016_MiniAODv2-v2
hadd Target path: Hists27Oct2025-ZZ4l2016_Moriondsel_eeee.root:/data_MuonEG_Run2016D-HIPM_UL2016_MiniAODv2-v2
hadd Target path: Hists27Oct2025-ZZ4l2016_Moriondsel_eeee.root:/data_MuonEG_Run2016E-HIPM_UL2016_MiniAODv2-v2
hadd Target path: Hists27Oct2025-ZZ4l2016_Moriondsel_eeee.root:/data_MuonEG_Run2016F-HIPM_UL2016_MiniAODv2-v2
hadd Target path: Hists27Oct2025-ZZ4l2016_Moriondsel_eeee.root:/WWZ
hadd Target path: Hists27Oct2025-ZZ4l2016_Moriondsel_eeee.root:/WZZ
hadd Target path: Hists27Oct2025-ZZ4l2016_Moriondsel_eeee.root:/ZZZ
hadd Target path: Hists27Oct2025-ZZ4l2016_Moriondsel_eeee.root:/ttZ-jets
hadd Target path: Hists27Oct2025-ZZ4l2016_Moriondsel_eeee.root:/tt-jets
hadd Target path: Hists27Oct2025-ZZ4l2016_Moriondsel_eeee.root:/wz3lnu-amcnlo
hadd Target path: Hists27Oct2025-ZZ4l2016_Moriondsel_eeee.root:/DYJetsToLL_M10to-50
hadd Target path: Hists27Oct2025-ZZ4l2016_Moriondsel_eeee.root:/ggZZ4e
hadd Target path: Hists27Oct2025-ZZ4l2016_Moriondsel_eeee.root:/ggZZ2e2mu
hadd Target path: Hists27Oct2025-ZZ4l2016_Moriondsel_eeee.root:/ggZZ4m
hadd Target path: Hists27Oct2025-ZZ4l2016_Moriondsel_eeee.root:/ggZZ4tau
hadd Target path: Hists27Oct2025-ZZ4l2016_Moriondsel_eeee.root:/ggZZ2e2tau
hadd Target path: Hists27Oct2025-ZZ4l2016_Moriondsel_eeee.root:/ggZZ2mu2tau
hadd Target path: Hists27Oct2025-ZZ4l2016_Moriondsel_eeee.root:/zz4l-powheg
hadd Target file: Hists27Oct2025-ZZ4l2016_Moriondsel_eemm.root
hadd compression setting for all output: 1
hadd Source file 1: temp_ZTZT_Hists27Oct2025-ZZ4l2016_Moriondsel.root
hadd Source file 2: temp_ZTZ0_Hists27Oct2025-ZZ4l2016_Moriondsel.root
hadd Source file 3: temp_Z0ZT_Hists27Oct2025-ZZ4l2016_Moriondsel.root
hadd Source file 4: temp_Z0Z0_Hists27Oct2025-ZZ4l2016_Moriondsel.root
hadd Source file 5: temp_data_SingleElectron_Run2016B-ver2_HIPM_UL2016_MiniAODv2-v2_Hists27Oct2025-ZZ4l2016_Moriondsel.root
hadd Source file 6: temp_data_SingleElectron_Run2016C-HIPM_UL2016_MiniAODv2-v2_Hists27Oct2025-ZZ4l2016_Moriondsel.root
hadd Source file 7: temp_data_SingleElectron_Run2016D-HIPM_UL2016_MiniAODv2-v2_Hists27Oct2025-ZZ4l2016_Moriondsel.root
hadd Source file 8: temp_data_SingleElectron_Run2016E-HIPM_UL2016_MiniAODv2-v5_Hists27Oct2025-ZZ4l2016_Moriondsel.root
hadd Source file 9: temp_data_SingleElectron__Run2016F-HIPM_UL2016_MiniAODv2-v2_Hists27Oct2025-ZZ4l2016_Moriondsel.root
hadd Source file 10: temp_data_DoubleEG_Run2016B-ver2_HIPM_UL2016_MiniAODv2-v3_Hists27Oct2025-ZZ4l2016_Moriondsel.root
hadd Source file 11: temp_data_DoubleEG_Run2016C-HIPM_UL2016_MiniAODv2-v1_Hists27Oct2025-ZZ4l2016_Moriondsel.root
hadd Source file 12: temp_data_DoubleEG_Run2016D-HIPM_UL2016_MiniAODv2-v1_Hists27Oct2025-ZZ4l2016_Moriondsel.root
hadd Source file 13: temp_data_DoubleEG_Run2016E-HIPM_UL2016_MiniAODv2-v1_Hists27Oct2025-ZZ4l2016_Moriondsel.root
hadd Source file 14: temp_data_DoubleEG_Run2016F-HIPM_UL2016_MiniAODv2-v1_Hists27Oct2025-ZZ4l2016_Moriondsel.root
hadd Source file 15: temp_data_SingleMuon_Run2016B-ver2_HIPM_UL2016_MiniAODv2-v2_Hists27Oct2025-ZZ4l2016_Moriondsel.root
hadd Source file 16: temp_data_SingleMuon_Run2016C-HIPM_UL2016_MiniAODv2-v2_Hists27Oct2025-ZZ4l2016_Moriondsel.root
hadd Source file 17: temp_data_SingleMuon_Run2016D-HIPM_UL2016_MiniAODv2-v2_Hists27Oct2025-ZZ4l2016_Moriondsel.root
hadd Source file 18: temp_data_SingleMuon_Run2016E-HIPM_UL2016_MiniAODv2-v2_Hists27Oct2025-ZZ4l2016_Moriondsel.root
hadd Source file 19: temp_data_SingleMuon_Run2016F-HIPM_UL2016_MiniAODv2-v2_Hists27Oct2025-ZZ4l2016_Moriondsel.root
hadd Source file 20: temp_data_DoubleMuon_Run2016B-ver2_HIPM_UL2016_MiniAODv2-v1_Hists27Oct2025-ZZ4l2016_Moriondsel.root
hadd Source file 21: temp_data_DoubleMuon_Run2016C-HIPM_UL2016_MiniAODv2-v1_Hists27Oct2025-ZZ4l2016_Moriondsel.root
hadd Source file 22: temp_data_DoubleMuon_Run2016D-HIPM_UL2016_MiniAODv2-v1_Hists27Oct2025-ZZ4l2016_Moriondsel.root
hadd Source file 23: temp_data_DoubleMuon_Run2016E-HIPM_UL2016_MiniAODv2-v1_Hists27Oct2025-ZZ4l2016_Moriondsel.root
hadd Source file 24: temp_data_DoubleMuon_Run2016F-HIPM_UL2016_MiniAODv2-v1_Hists27Oct2025-ZZ4l2016_Moriondsel.root
hadd Source file 25: temp_data_MuonEG_Run2016B-ver2_HIPM_UL2016_MiniAODv2-v2_Hists27Oct2025-ZZ4l2016_Moriondsel.root
hadd Source file 26: temp_data_MuonEG_Run2016C-HIPM_UL2016_MiniAODv2-v2_Hists27Oct2025-ZZ4l2016_Moriondsel.root
hadd Source file 27: temp_data_MuonEG_Run2016D-HIPM_UL2016_MiniAODv2-v2_Hists27Oct2025-ZZ4l2016_Moriondsel.root
hadd Source file 28: temp_data_MuonEG_Run2016E-HIPM_UL2016_MiniAODv2-v2_Hists27Oct2025-ZZ4l2016_Moriondsel.root
hadd Source file 29: temp_data_MuonEG_Run2016F-HIPM_UL2016_MiniAODv2-v2_Hists27Oct2025-ZZ4l2016_Moriondsel.root
hadd Source file 30: temp_WWZ_Hists27Oct2025-ZZ4l2016_Moriondsel.root
hadd Source file 31: temp_WZZ_Hists27Oct2025-ZZ4l2016_Moriondsel.root
hadd Source file 32: temp_ZZZ_Hists27Oct2025-ZZ4l2016_Moriondsel.root
hadd Source file 33: temp_ttZ-jets_Hists27Oct2025-ZZ4l2016_Moriondsel.root
hadd Source file 34: temp_tt-jets_Hists27Oct2025-ZZ4l2016_Moriondsel.root
hadd Source file 35: temp_wz3lnu-amcnlo_Hists27Oct2025-ZZ4l2016_Moriondsel.root
hadd Source file 36: temp_DYJetsToLL_M10to-50_Hists27Oct2025-ZZ4l2016_Moriondsel.root
hadd Source file 37: temp_ggZZ4e_Hists27Oct2025-ZZ4l2016_Moriondsel.root
hadd Source file 38: temp_ggZZ2e2mu_Hists27Oct2025-ZZ4l2016_Moriondsel.root
hadd Source file 39: temp_ggZZ4m_Hists27Oct2025-ZZ4l2016_Moriondsel.root
hadd Source file 40: temp_ggZZ4tau_Hists27Oct2025-ZZ4l2016_Moriondsel.root
hadd Source file 41: temp_ggZZ2e2tau_Hists27Oct2025-ZZ4l2016_Moriondsel.root
hadd Source file 42: temp_ggZZ2mu2tau_Hists27Oct2025-ZZ4l2016_Moriondsel.root
hadd Source file 43: temp_zz4l-powheg_Hists27Oct2025-ZZ4l2016_Moriondsel.root
hadd Target path: Hists27Oct2025-ZZ4l2016_Moriondsel_eemm.root:/
hadd Target path: Hists27Oct2025-ZZ4l2016_Moriondsel_eemm.root:/ZTZT
hadd Target path: Hists27Oct2025-ZZ4l2016_Moriondsel_eemm.root:/ZTZ0
hadd Target path: Hists27Oct2025-ZZ4l2016_Moriondsel_eemm.root:/Z0ZT
hadd Target path: Hists27Oct2025-ZZ4l2016_Moriondsel_eemm.root:/Z0Z0
hadd Target path: Hists27Oct2025-ZZ4l2016_Moriondsel_eemm.root:/data_SingleElectron_Run2016B-ver2_HIPM_UL2016_MiniAODv2-v2
hadd Target path: Hists27Oct2025-ZZ4l2016_Moriondsel_eemm.root:/data_SingleElectron_Run2016C-HIPM_UL2016_MiniAODv2-v2
hadd Target path: Hists27Oct2025-ZZ4l2016_Moriondsel_eemm.root:/data_SingleElectron_Run2016D-HIPM_UL2016_MiniAODv2-v2
hadd Target path: Hists27Oct2025-ZZ4l2016_Moriondsel_eemm.root:/data_SingleElectron_Run2016E-HIPM_UL2016_MiniAODv2-v5
hadd Target path: Hists27Oct2025-ZZ4l2016_Moriondsel_eemm.root:/data_SingleElectron__Run2016F-HIPM_UL2016_MiniAODv2-v2
hadd Target path: Hists27Oct2025-ZZ4l2016_Moriondsel_eemm.root:/data_DoubleEG_Run2016B-ver2_HIPM_UL2016_MiniAODv2-v3
hadd Target path: Hists27Oct2025-ZZ4l2016_Moriondsel_eemm.root:/data_DoubleEG_Run2016C-HIPM_UL2016_MiniAODv2-v1
hadd Target path: Hists27Oct2025-ZZ4l2016_Moriondsel_eemm.root:/data_DoubleEG_Run2016D-HIPM_UL2016_MiniAODv2-v1
hadd Target path: Hists27Oct2025-ZZ4l2016_Moriondsel_eemm.root:/data_DoubleEG_Run2016E-HIPM_UL2016_MiniAODv2-v1
hadd Target path: Hists27Oct2025-ZZ4l2016_Moriondsel_eemm.root:/data_DoubleEG_Run2016F-HIPM_UL2016_MiniAODv2-v1
hadd Target path: Hists27Oct2025-ZZ4l2016_Moriondsel_eemm.root:/data_SingleMuon_Run2016B-ver2_HIPM_UL2016_MiniAODv2-v2
hadd Target path: Hists27Oct2025-ZZ4l2016_Moriondsel_eemm.root:/data_SingleMuon_Run2016C-HIPM_UL2016_MiniAODv2-v2
hadd Target path: Hists27Oct2025-ZZ4l2016_Moriondsel_eemm.root:/data_SingleMuon_Run2016D-HIPM_UL2016_MiniAODv2-v2
hadd Target path: Hists27Oct2025-ZZ4l2016_Moriondsel_eemm.root:/data_SingleMuon_Run2016E-HIPM_UL2016_MiniAODv2-v2
hadd Target path: Hists27Oct2025-ZZ4l2016_Moriondsel_eemm.root:/data_SingleMuon_Run2016F-HIPM_UL2016_MiniAODv2-v2
hadd Target path: Hists27Oct2025-ZZ4l2016_Moriondsel_eemm.root:/data_DoubleMuon_Run2016B-ver2_HIPM_UL2016_MiniAODv2-v1
hadd Target path: Hists27Oct2025-ZZ4l2016_Moriondsel_eemm.root:/data_DoubleMuon_Run2016C-HIPM_UL2016_MiniAODv2-v1
hadd Target path: Hists27Oct2025-ZZ4l2016_Moriondsel_eemm.root:/data_DoubleMuon_Run2016D-HIPM_UL2016_MiniAODv2-v1
hadd Target path: Hists27Oct2025-ZZ4l2016_Moriondsel_eemm.root:/data_DoubleMuon_Run2016E-HIPM_UL2016_MiniAODv2-v1
hadd Target path: Hists27Oct2025-ZZ4l2016_Moriondsel_eemm.root:/data_DoubleMuon_Run2016F-HIPM_UL2016_MiniAODv2-v1
hadd Target path: Hists27Oct2025-ZZ4l2016_Moriondsel_eemm.root:/data_MuonEG_Run2016B-ver2_HIPM_UL2016_MiniAODv2-v2
hadd Target path: Hists27Oct2025-ZZ4l2016_Moriondsel_eemm.root:/data_MuonEG_Run2016C-HIPM_UL2016_MiniAODv2-v2
hadd Target path: Hists27Oct2025-ZZ4l2016_Moriondsel_eemm.root:/data_MuonEG_Run2016D-HIPM_UL2016_MiniAODv2-v2
hadd Target path: Hists27Oct2025-ZZ4l2016_Moriondsel_eemm.root:/data_MuonEG_Run2016E-HIPM_UL2016_MiniAODv2-v2
hadd Target path: Hists27Oct2025-ZZ4l2016_Moriondsel_eemm.root:/data_MuonEG_Run2016F-HIPM_UL2016_MiniAODv2-v2
hadd Target path: Hists27Oct2025-ZZ4l2016_Moriondsel_eemm.root:/WWZ
hadd Target path: Hists27Oct2025-ZZ4l2016_Moriondsel_eemm.root:/WZZ
hadd Target path: Hists27Oct2025-ZZ4l2016_Moriondsel_eemm.root:/ZZZ
hadd Target path: Hists27Oct2025-ZZ4l2016_Moriondsel_eemm.root:/ttZ-jets
hadd Target path: Hists27Oct2025-ZZ4l2016_Moriondsel_eemm.root:/tt-jets
hadd Target path: Hists27Oct2025-ZZ4l2016_Moriondsel_eemm.root:/wz3lnu-amcnlo
hadd Target path: Hists27Oct2025-ZZ4l2016_Moriondsel_eemm.root:/DYJetsToLL_M10to-50
hadd Target path: Hists27Oct2025-ZZ4l2016_Moriondsel_eemm.root:/ggZZ4e
hadd Target path: Hists27Oct2025-ZZ4l2016_Moriondsel_eemm.root:/ggZZ2e2mu
hadd Target path: Hists27Oct2025-ZZ4l2016_Moriondsel_eemm.root:/ggZZ4m
hadd Target path: Hists27Oct2025-ZZ4l2016_Moriondsel_eemm.root:/ggZZ4tau
hadd Target path: Hists27Oct2025-ZZ4l2016_Moriondsel_eemm.root:/ggZZ2e2tau
hadd Target path: Hists27Oct2025-ZZ4l2016_Moriondsel_eemm.root:/ggZZ2mu2tau
hadd Target path: Hists27Oct2025-ZZ4l2016_Moriondsel_eemm.root:/zz4l-powheg
hadd Target file: Hists27Oct2025-ZZ4l2016_Moriondsel_mmee.root
hadd compression setting for all output: 1
hadd Source file 1: temp_ZTZT_Hists27Oct2025-ZZ4l2016_Moriondsel.root
hadd Source file 2: temp_ZTZ0_Hists27Oct2025-ZZ4l2016_Moriondsel.root
hadd Source file 3: temp_Z0ZT_Hists27Oct2025-ZZ4l2016_Moriondsel.root
hadd Source file 4: temp_Z0Z0_Hists27Oct2025-ZZ4l2016_Moriondsel.root
hadd Source file 5: temp_data_SingleElectron_Run2016B-ver2_HIPM_UL2016_MiniAODv2-v2_Hists27Oct2025-ZZ4l2016_Moriondsel.root
hadd Source file 6: temp_data_SingleElectron_Run2016C-HIPM_UL2016_MiniAODv2-v2_Hists27Oct2025-ZZ4l2016_Moriondsel.root
hadd Source file 7: temp_data_SingleElectron_Run2016D-HIPM_UL2016_MiniAODv2-v2_Hists27Oct2025-ZZ4l2016_Moriondsel.root
hadd Source file 8: temp_data_SingleElectron_Run2016E-HIPM_UL2016_MiniAODv2-v5_Hists27Oct2025-ZZ4l2016_Moriondsel.root
hadd Source file 9: temp_data_SingleElectron__Run2016F-HIPM_UL2016_MiniAODv2-v2_Hists27Oct2025-ZZ4l2016_Moriondsel.root
hadd Source file 10: temp_data_DoubleEG_Run2016B-ver2_HIPM_UL2016_MiniAODv2-v3_Hists27Oct2025-ZZ4l2016_Moriondsel.root
hadd Source file 11: temp_data_DoubleEG_Run2016C-HIPM_UL2016_MiniAODv2-v1_Hists27Oct2025-ZZ4l2016_Moriondsel.root
hadd Source file 12: temp_data_DoubleEG_Run2016D-HIPM_UL2016_MiniAODv2-v1_Hists27Oct2025-ZZ4l2016_Moriondsel.root
hadd Source file 13: temp_data_DoubleEG_Run2016E-HIPM_UL2016_MiniAODv2-v1_Hists27Oct2025-ZZ4l2016_Moriondsel.root
hadd Source file 14: temp_data_DoubleEG_Run2016F-HIPM_UL2016_MiniAODv2-v1_Hists27Oct2025-ZZ4l2016_Moriondsel.root
hadd Source file 15: temp_data_SingleMuon_Run2016B-ver2_HIPM_UL2016_MiniAODv2-v2_Hists27Oct2025-ZZ4l2016_Moriondsel.root
hadd Source file 16: temp_data_SingleMuon_Run2016C-HIPM_UL2016_MiniAODv2-v2_Hists27Oct2025-ZZ4l2016_Moriondsel.root
hadd Source file 17: temp_data_SingleMuon_Run2016D-HIPM_UL2016_MiniAODv2-v2_Hists27Oct2025-ZZ4l2016_Moriondsel.root
hadd Source file 18: temp_data_SingleMuon_Run2016E-HIPM_UL2016_MiniAODv2-v2_Hists27Oct2025-ZZ4l2016_Moriondsel.root
hadd Source file 19: temp_data_SingleMuon_Run2016F-HIPM_UL2016_MiniAODv2-v2_Hists27Oct2025-ZZ4l2016_Moriondsel.root
hadd Source file 20: temp_data_DoubleMuon_Run2016B-ver2_HIPM_UL2016_MiniAODv2-v1_Hists27Oct2025-ZZ4l2016_Moriondsel.root
hadd Source file 21: temp_data_DoubleMuon_Run2016C-HIPM_UL2016_MiniAODv2-v1_Hists27Oct2025-ZZ4l2016_Moriondsel.root
hadd Source file 22: temp_data_DoubleMuon_Run2016D-HIPM_UL2016_MiniAODv2-v1_Hists27Oct2025-ZZ4l2016_Moriondsel.root
hadd Source file 23: temp_data_DoubleMuon_Run2016E-HIPM_UL2016_MiniAODv2-v1_Hists27Oct2025-ZZ4l2016_Moriondsel.root
hadd Source file 24: temp_data_DoubleMuon_Run2016F-HIPM_UL2016_MiniAODv2-v1_Hists27Oct2025-ZZ4l2016_Moriondsel.root
hadd Source file 25: temp_data_MuonEG_Run2016B-ver2_HIPM_UL2016_MiniAODv2-v2_Hists27Oct2025-ZZ4l2016_Moriondsel.root
hadd Source file 26: temp_data_MuonEG_Run2016C-HIPM_UL2016_MiniAODv2-v2_Hists27Oct2025-ZZ4l2016_Moriondsel.root
hadd Source file 27: temp_data_MuonEG_Run2016D-HIPM_UL2016_MiniAODv2-v2_Hists27Oct2025-ZZ4l2016_Moriondsel.root
hadd Source file 28: temp_data_MuonEG_Run2016E-HIPM_UL2016_MiniAODv2-v2_Hists27Oct2025-ZZ4l2016_Moriondsel.root
hadd Source file 29: temp_data_MuonEG_Run2016F-HIPM_UL2016_MiniAODv2-v2_Hists27Oct2025-ZZ4l2016_Moriondsel.root
hadd Source file 30: temp_WWZ_Hists27Oct2025-ZZ4l2016_Moriondsel.root
hadd Source file 31: temp_WZZ_Hists27Oct2025-ZZ4l2016_Moriondsel.root
hadd Source file 32: temp_ZZZ_Hists27Oct2025-ZZ4l2016_Moriondsel.root
hadd Source file 33: temp_ttZ-jets_Hists27Oct2025-ZZ4l2016_Moriondsel.root
hadd Source file 34: temp_tt-jets_Hists27Oct2025-ZZ4l2016_Moriondsel.root
hadd Source file 35: temp_wz3lnu-amcnlo_Hists27Oct2025-ZZ4l2016_Moriondsel.root
hadd Source file 36: temp_DYJetsToLL_M10to-50_Hists27Oct2025-ZZ4l2016_Moriondsel.root
hadd Source file 37: temp_ggZZ4e_Hists27Oct2025-ZZ4l2016_Moriondsel.root
hadd Source file 38: temp_ggZZ2e2mu_Hists27Oct2025-ZZ4l2016_Moriondsel.root
hadd Source file 39: temp_ggZZ4m_Hists27Oct2025-ZZ4l2016_Moriondsel.root
hadd Source file 40: temp_ggZZ4tau_Hists27Oct2025-ZZ4l2016_Moriondsel.root
hadd Source file 41: temp_ggZZ2e2tau_Hists27Oct2025-ZZ4l2016_Moriondsel.root
hadd Source file 42: temp_ggZZ2mu2tau_Hists27Oct2025-ZZ4l2016_Moriondsel.root
hadd Source file 43: temp_zz4l-powheg_Hists27Oct2025-ZZ4l2016_Moriondsel.root
hadd Target path: Hists27Oct2025-ZZ4l2016_Moriondsel_mmee.root:/
hadd Target path: Hists27Oct2025-ZZ4l2016_Moriondsel_mmee.root:/ZTZT
hadd Target path: Hists27Oct2025-ZZ4l2016_Moriondsel_mmee.root:/ZTZ0
hadd Target path: Hists27Oct2025-ZZ4l2016_Moriondsel_mmee.root:/Z0ZT
hadd Target path: Hists27Oct2025-ZZ4l2016_Moriondsel_mmee.root:/Z0Z0
hadd Target path: Hists27Oct2025-ZZ4l2016_Moriondsel_mmee.root:/data_SingleElectron_Run2016B-ver2_HIPM_UL2016_MiniAODv2-v2
hadd Target path: Hists27Oct2025-ZZ4l2016_Moriondsel_mmee.root:/data_SingleElectron_Run2016C-HIPM_UL2016_MiniAODv2-v2
hadd Target path: Hists27Oct2025-ZZ4l2016_Moriondsel_mmee.root:/data_SingleElectron_Run2016D-HIPM_UL2016_MiniAODv2-v2
hadd Target path: Hists27Oct2025-ZZ4l2016_Moriondsel_mmee.root:/data_SingleElectron_Run2016E-HIPM_UL2016_MiniAODv2-v5
hadd Target path: Hists27Oct2025-ZZ4l2016_Moriondsel_mmee.root:/data_SingleElectron__Run2016F-HIPM_UL2016_MiniAODv2-v2
hadd Target path: Hists27Oct2025-ZZ4l2016_Moriondsel_mmee.root:/data_DoubleEG_Run2016B-ver2_HIPM_UL2016_MiniAODv2-v3
hadd Target path: Hists27Oct2025-ZZ4l2016_Moriondsel_mmee.root:/data_DoubleEG_Run2016C-HIPM_UL2016_MiniAODv2-v1
hadd Target path: Hists27Oct2025-ZZ4l2016_Moriondsel_mmee.root:/data_DoubleEG_Run2016D-HIPM_UL2016_MiniAODv2-v1
hadd Target path: Hists27Oct2025-ZZ4l2016_Moriondsel_mmee.root:/data_DoubleEG_Run2016E-HIPM_UL2016_MiniAODv2-v1
hadd Target path: Hists27Oct2025-ZZ4l2016_Moriondsel_mmee.root:/data_DoubleEG_Run2016F-HIPM_UL2016_MiniAODv2-v1
hadd Target path: Hists27Oct2025-ZZ4l2016_Moriondsel_mmee.root:/data_SingleMuon_Run2016B-ver2_HIPM_UL2016_MiniAODv2-v2
hadd Target path: Hists27Oct2025-ZZ4l2016_Moriondsel_mmee.root:/data_SingleMuon_Run2016C-HIPM_UL2016_MiniAODv2-v2
hadd Target path: Hists27Oct2025-ZZ4l2016_Moriondsel_mmee.root:/data_SingleMuon_Run2016D-HIPM_UL2016_MiniAODv2-v2
hadd Target path: Hists27Oct2025-ZZ4l2016_Moriondsel_mmee.root:/data_SingleMuon_Run2016E-HIPM_UL2016_MiniAODv2-v2
hadd Target path: Hists27Oct2025-ZZ4l2016_Moriondsel_mmee.root:/data_SingleMuon_Run2016F-HIPM_UL2016_MiniAODv2-v2
hadd Target path: Hists27Oct2025-ZZ4l2016_Moriondsel_mmee.root:/data_DoubleMuon_Run2016B-ver2_HIPM_UL2016_MiniAODv2-v1
hadd Target path: Hists27Oct2025-ZZ4l2016_Moriondsel_mmee.root:/data_DoubleMuon_Run2016C-HIPM_UL2016_MiniAODv2-v1
hadd Target path: Hists27Oct2025-ZZ4l2016_Moriondsel_mmee.root:/data_DoubleMuon_Run2016D-HIPM_UL2016_MiniAODv2-v1
hadd Target path: Hists27Oct2025-ZZ4l2016_Moriondsel_mmee.root:/data_DoubleMuon_Run2016E-HIPM_UL2016_MiniAODv2-v1
hadd Target path: Hists27Oct2025-ZZ4l2016_Moriondsel_mmee.root:/data_DoubleMuon_Run2016F-HIPM_UL2016_MiniAODv2-v1
hadd Target path: Hists27Oct2025-ZZ4l2016_Moriondsel_mmee.root:/data_MuonEG_Run2016B-ver2_HIPM_UL2016_MiniAODv2-v2
hadd Target path: Hists27Oct2025-ZZ4l2016_Moriondsel_mmee.root:/data_MuonEG_Run2016C-HIPM_UL2016_MiniAODv2-v2
hadd Target path: Hists27Oct2025-ZZ4l2016_Moriondsel_mmee.root:/data_MuonEG_Run2016D-HIPM_UL2016_MiniAODv2-v2
hadd Target path: Hists27Oct2025-ZZ4l2016_Moriondsel_mmee.root:/data_MuonEG_Run2016E-HIPM_UL2016_MiniAODv2-v2
hadd Target path: Hists27Oct2025-ZZ4l2016_Moriondsel_mmee.root:/data_MuonEG_Run2016F-HIPM_UL2016_MiniAODv2-v2
hadd Target path: Hists27Oct2025-ZZ4l2016_Moriondsel_mmee.root:/WWZ
hadd Target path: Hists27Oct2025-ZZ4l2016_Moriondsel_mmee.root:/WZZ
hadd Target path: Hists27Oct2025-ZZ4l2016_Moriondsel_mmee.root:/ZZZ
hadd Target path: Hists27Oct2025-ZZ4l2016_Moriondsel_mmee.root:/ttZ-jets
hadd Target path: Hists27Oct2025-ZZ4l2016_Moriondsel_mmee.root:/tt-jets
hadd Target path: Hists27Oct2025-ZZ4l2016_Moriondsel_mmee.root:/wz3lnu-amcnlo
hadd Target path: Hists27Oct2025-ZZ4l2016_Moriondsel_mmee.root:/DYJetsToLL_M10to-50
hadd Target path: Hists27Oct2025-ZZ4l2016_Moriondsel_mmee.root:/ggZZ4e
hadd Target path: Hists27Oct2025-ZZ4l2016_Moriondsel_mmee.root:/ggZZ2e2mu
hadd Target path: Hists27Oct2025-ZZ4l2016_Moriondsel_mmee.root:/ggZZ4m
hadd Target path: Hists27Oct2025-ZZ4l2016_Moriondsel_mmee.root:/ggZZ4tau
hadd Target path: Hists27Oct2025-ZZ4l2016_Moriondsel_mmee.root:/ggZZ2e2tau
hadd Target path: Hists27Oct2025-ZZ4l2016_Moriondsel_mmee.root:/ggZZ2mu2tau
hadd Target path: Hists27Oct2025-ZZ4l2016_Moriondsel_mmee.root:/zz4l-powheg
hadd Target file: Hists27Oct2025-ZZ4l2016_Moriondsel_mmmm.root
hadd compression setting for all output: 1
hadd Source file 1: temp_ZTZT_Hists27Oct2025-ZZ4l2016_Moriondsel.root
hadd Source file 2: temp_ZTZ0_Hists27Oct2025-ZZ4l2016_Moriondsel.root
hadd Source file 3: temp_Z0ZT_Hists27Oct2025-ZZ4l2016_Moriondsel.root
hadd Source file 4: temp_Z0Z0_Hists27Oct2025-ZZ4l2016_Moriondsel.root
hadd Source file 5: temp_data_SingleElectron_Run2016B-ver2_HIPM_UL2016_MiniAODv2-v2_Hists27Oct2025-ZZ4l2016_Moriondsel.root
hadd Source file 6: temp_data_SingleElectron_Run2016C-HIPM_UL2016_MiniAODv2-v2_Hists27Oct2025-ZZ4l2016_Moriondsel.root
hadd Source file 7: temp_data_SingleElectron_Run2016D-HIPM_UL2016_MiniAODv2-v2_Hists27Oct2025-ZZ4l2016_Moriondsel.root
hadd Source file 8: temp_data_SingleElectron_Run2016E-HIPM_UL2016_MiniAODv2-v5_Hists27Oct2025-ZZ4l2016_Moriondsel.root
hadd Source file 9: temp_data_SingleElectron__Run2016F-HIPM_UL2016_MiniAODv2-v2_Hists27Oct2025-ZZ4l2016_Moriondsel.root
hadd Source file 10: temp_data_DoubleEG_Run2016B-ver2_HIPM_UL2016_MiniAODv2-v3_Hists27Oct2025-ZZ4l2016_Moriondsel.root
hadd Source file 11: temp_data_DoubleEG_Run2016C-HIPM_UL2016_MiniAODv2-v1_Hists27Oct2025-ZZ4l2016_Moriondsel.root
hadd Source file 12: temp_data_DoubleEG_Run2016D-HIPM_UL2016_MiniAODv2-v1_Hists27Oct2025-ZZ4l2016_Moriondsel.root
hadd Source file 13: temp_data_DoubleEG_Run2016E-HIPM_UL2016_MiniAODv2-v1_Hists27Oct2025-ZZ4l2016_Moriondsel.root
hadd Source file 14: temp_data_DoubleEG_Run2016F-HIPM_UL2016_MiniAODv2-v1_Hists27Oct2025-ZZ4l2016_Moriondsel.root
hadd Source file 15: temp_data_SingleMuon_Run2016B-ver2_HIPM_UL2016_MiniAODv2-v2_Hists27Oct2025-ZZ4l2016_Moriondsel.root
hadd Source file 16: temp_data_SingleMuon_Run2016C-HIPM_UL2016_MiniAODv2-v2_Hists27Oct2025-ZZ4l2016_Moriondsel.root
hadd Source file 17: temp_data_SingleMuon_Run2016D-HIPM_UL2016_MiniAODv2-v2_Hists27Oct2025-ZZ4l2016_Moriondsel.root
hadd Source file 18: temp_data_SingleMuon_Run2016E-HIPM_UL2016_MiniAODv2-v2_Hists27Oct2025-ZZ4l2016_Moriondsel.root
hadd Source file 19: temp_data_SingleMuon_Run2016F-HIPM_UL2016_MiniAODv2-v2_Hists27Oct2025-ZZ4l2016_Moriondsel.root
hadd Source file 20: temp_data_DoubleMuon_Run2016B-ver2_HIPM_UL2016_MiniAODv2-v1_Hists27Oct2025-ZZ4l2016_Moriondsel.root
hadd Source file 21: temp_data_DoubleMuon_Run2016C-HIPM_UL2016_MiniAODv2-v1_Hists27Oct2025-ZZ4l2016_Moriondsel.root
hadd Source file 22: temp_data_DoubleMuon_Run2016D-HIPM_UL2016_MiniAODv2-v1_Hists27Oct2025-ZZ4l2016_Moriondsel.root
hadd Source file 23: temp_data_DoubleMuon_Run2016E-HIPM_UL2016_MiniAODv2-v1_Hists27Oct2025-ZZ4l2016_Moriondsel.root
hadd Source file 24: temp_data_DoubleMuon_Run2016F-HIPM_UL2016_MiniAODv2-v1_Hists27Oct2025-ZZ4l2016_Moriondsel.root
hadd Source file 25: temp_data_MuonEG_Run2016B-ver2_HIPM_UL2016_MiniAODv2-v2_Hists27Oct2025-ZZ4l2016_Moriondsel.root
hadd Source file 26: temp_data_MuonEG_Run2016C-HIPM_UL2016_MiniAODv2-v2_Hists27Oct2025-ZZ4l2016_Moriondsel.root
hadd Source file 27: temp_data_MuonEG_Run2016D-HIPM_UL2016_MiniAODv2-v2_Hists27Oct2025-ZZ4l2016_Moriondsel.root
hadd Source file 28: temp_data_MuonEG_Run2016E-HIPM_UL2016_MiniAODv2-v2_Hists27Oct2025-ZZ4l2016_Moriondsel.root
hadd Source file 29: temp_data_MuonEG_Run2016F-HIPM_UL2016_MiniAODv2-v2_Hists27Oct2025-ZZ4l2016_Moriondsel.root
hadd Source file 30: temp_WWZ_Hists27Oct2025-ZZ4l2016_Moriondsel.root
hadd Source file 31: temp_WZZ_Hists27Oct2025-ZZ4l2016_Moriondsel.root
hadd Source file 32: temp_ZZZ_Hists27Oct2025-ZZ4l2016_Moriondsel.root
hadd Source file 33: temp_ttZ-jets_Hists27Oct2025-ZZ4l2016_Moriondsel.root
hadd Source file 34: temp_tt-jets_Hists27Oct2025-ZZ4l2016_Moriondsel.root
hadd Source file 35: temp_wz3lnu-amcnlo_Hists27Oct2025-ZZ4l2016_Moriondsel.root
hadd Source file 36: temp_DYJetsToLL_M10to-50_Hists27Oct2025-ZZ4l2016_Moriondsel.root
hadd Source file 37: temp_ggZZ4e_Hists27Oct2025-ZZ4l2016_Moriondsel.root
hadd Source file 38: temp_ggZZ2e2mu_Hists27Oct2025-ZZ4l2016_Moriondsel.root
hadd Source file 39: temp_ggZZ4m_Hists27Oct2025-ZZ4l2016_Moriondsel.root
hadd Source file 40: temp_ggZZ4tau_Hists27Oct2025-ZZ4l2016_Moriondsel.root
hadd Source file 41: temp_ggZZ2e2tau_Hists27Oct2025-ZZ4l2016_Moriondsel.root
hadd Source file 42: temp_ggZZ2mu2tau_Hists27Oct2025-ZZ4l2016_Moriondsel.root
hadd Source file 43: temp_zz4l-powheg_Hists27Oct2025-ZZ4l2016_Moriondsel.root
hadd Target path: Hists27Oct2025-ZZ4l2016_Moriondsel_mmmm.root:/
hadd Target path: Hists27Oct2025-ZZ4l2016_Moriondsel_mmmm.root:/ZTZT
hadd Target path: Hists27Oct2025-ZZ4l2016_Moriondsel_mmmm.root:/ZTZ0
hadd Target path: Hists27Oct2025-ZZ4l2016_Moriondsel_mmmm.root:/Z0ZT
hadd Target path: Hists27Oct2025-ZZ4l2016_Moriondsel_mmmm.root:/Z0Z0
hadd Target path: Hists27Oct2025-ZZ4l2016_Moriondsel_mmmm.root:/data_SingleElectron_Run2016B-ver2_HIPM_UL2016_MiniAODv2-v2
hadd Target path: Hists27Oct2025-ZZ4l2016_Moriondsel_mmmm.root:/data_SingleElectron_Run2016C-HIPM_UL2016_MiniAODv2-v2
hadd Target path: Hists27Oct2025-ZZ4l2016_Moriondsel_mmmm.root:/data_SingleElectron_Run2016D-HIPM_UL2016_MiniAODv2-v2
hadd Target path: Hists27Oct2025-ZZ4l2016_Moriondsel_mmmm.root:/data_SingleElectron_Run2016E-HIPM_UL2016_MiniAODv2-v5
hadd Target path: Hists27Oct2025-ZZ4l2016_Moriondsel_mmmm.root:/data_SingleElectron__Run2016F-HIPM_UL2016_MiniAODv2-v2
hadd Target path: Hists27Oct2025-ZZ4l2016_Moriondsel_mmmm.root:/data_DoubleEG_Run2016B-ver2_HIPM_UL2016_MiniAODv2-v3
hadd Target path: Hists27Oct2025-ZZ4l2016_Moriondsel_mmmm.root:/data_DoubleEG_Run2016C-HIPM_UL2016_MiniAODv2-v1
hadd Target path: Hists27Oct2025-ZZ4l2016_Moriondsel_mmmm.root:/data_DoubleEG_Run2016D-HIPM_UL2016_MiniAODv2-v1
hadd Target path: Hists27Oct2025-ZZ4l2016_Moriondsel_mmmm.root:/data_DoubleEG_Run2016E-HIPM_UL2016_MiniAODv2-v1
hadd Target path: Hists27Oct2025-ZZ4l2016_Moriondsel_mmmm.root:/data_DoubleEG_Run2016F-HIPM_UL2016_MiniAODv2-v1
hadd Target path: Hists27Oct2025-ZZ4l2016_Moriondsel_mmmm.root:/data_SingleMuon_Run2016B-ver2_HIPM_UL2016_MiniAODv2-v2
hadd Target path: Hists27Oct2025-ZZ4l2016_Moriondsel_mmmm.root:/data_SingleMuon_Run2016C-HIPM_UL2016_MiniAODv2-v2
hadd Target path: Hists27Oct2025-ZZ4l2016_Moriondsel_mmmm.root:/data_SingleMuon_Run2016D-HIPM_UL2016_MiniAODv2-v2
hadd Target path: Hists27Oct2025-ZZ4l2016_Moriondsel_mmmm.root:/data_SingleMuon_Run2016E-HIPM_UL2016_MiniAODv2-v2
hadd Target path: Hists27Oct2025-ZZ4l2016_Moriondsel_mmmm.root:/data_SingleMuon_Run2016F-HIPM_UL2016_MiniAODv2-v2
hadd Target path: Hists27Oct2025-ZZ4l2016_Moriondsel_mmmm.root:/data_DoubleMuon_Run2016B-ver2_HIPM_UL2016_MiniAODv2-v1
hadd Target path: Hists27Oct2025-ZZ4l2016_Moriondsel_mmmm.root:/data_DoubleMuon_Run2016C-HIPM_UL2016_MiniAODv2-v1
hadd Target path: Hists27Oct2025-ZZ4l2016_Moriondsel_mmmm.root:/data_DoubleMuon_Run2016D-HIPM_UL2016_MiniAODv2-v1
hadd Target path: Hists27Oct2025-ZZ4l2016_Moriondsel_mmmm.root:/data_DoubleMuon_Run2016E-HIPM_UL2016_MiniAODv2-v1
hadd Target path: Hists27Oct2025-ZZ4l2016_Moriondsel_mmmm.root:/data_DoubleMuon_Run2016F-HIPM_UL2016_MiniAODv2-v1
hadd Target path: Hists27Oct2025-ZZ4l2016_Moriondsel_mmmm.root:/data_MuonEG_Run2016B-ver2_HIPM_UL2016_MiniAODv2-v2
hadd Target path: Hists27Oct2025-ZZ4l2016_Moriondsel_mmmm.root:/data_MuonEG_Run2016C-HIPM_UL2016_MiniAODv2-v2
hadd Target path: Hists27Oct2025-ZZ4l2016_Moriondsel_mmmm.root:/data_MuonEG_Run2016D-HIPM_UL2016_MiniAODv2-v2
hadd Target path: Hists27Oct2025-ZZ4l2016_Moriondsel_mmmm.root:/data_MuonEG_Run2016E-HIPM_UL2016_MiniAODv2-v2
hadd Target path: Hists27Oct2025-ZZ4l2016_Moriondsel_mmmm.root:/data_MuonEG_Run2016F-HIPM_UL2016_MiniAODv2-v2
hadd Target path: Hists27Oct2025-ZZ4l2016_Moriondsel_mmmm.root:/WWZ
hadd Target path: Hists27Oct2025-ZZ4l2016_Moriondsel_mmmm.root:/WZZ
hadd Target path: Hists27Oct2025-ZZ4l2016_Moriondsel_mmmm.root:/ZZZ
hadd Target path: Hists27Oct2025-ZZ4l2016_Moriondsel_mmmm.root:/ttZ-jets
hadd Target path: Hists27Oct2025-ZZ4l2016_Moriondsel_mmmm.root:/tt-jets
hadd Target path: Hists27Oct2025-ZZ4l2016_Moriondsel_mmmm.root:/wz3lnu-amcnlo
hadd Target path: Hists27Oct2025-ZZ4l2016_Moriondsel_mmmm.root:/DYJetsToLL_M10to-50
hadd Target path: Hists27Oct2025-ZZ4l2016_Moriondsel_mmmm.root:/ggZZ4e
hadd Target path: Hists27Oct2025-ZZ4l2016_Moriondsel_mmmm.root:/ggZZ2e2mu
hadd Target path: Hists27Oct2025-ZZ4l2016_Moriondsel_mmmm.root:/ggZZ4m
hadd Target path: Hists27Oct2025-ZZ4l2016_Moriondsel_mmmm.root:/ggZZ4tau
hadd Target path: Hists27Oct2025-ZZ4l2016_Moriondsel_mmmm.root:/ggZZ2e2tau
hadd Target path: Hists27Oct2025-ZZ4l2016_Moriondsel_mmmm.root:/ggZZ2mu2tau
hadd Target path: Hists27Oct2025-ZZ4l2016_Moriondsel_mmmm.root:/zz4l-powheg
hadd Target file: Hists27Oct2025-ZZ4l2016_Moriondsel.root
hadd compression setting for all output: 1
hadd Source file 1: Hists27Oct2025-ZZ4l2016_Moriondsel_eeee.root
hadd Source file 2: Hists27Oct2025-ZZ4l2016_Moriondsel_eemm.root
hadd Source file 3: Hists27Oct2025-ZZ4l2016_Moriondsel_mmee.root
hadd Source file 4: Hists27Oct2025-ZZ4l2016_Moriondsel_mmmm.root
hadd Target path: Hists27Oct2025-ZZ4l2016_Moriondsel.root:/
hadd Target path: Hists27Oct2025-ZZ4l2016_Moriondsel.root:/ZTZT
hadd Target path: Hists27Oct2025-ZZ4l2016_Moriondsel.root:/ZTZ0
hadd Target path: Hists27Oct2025-ZZ4l2016_Moriondsel.root:/Z0ZT
hadd Target path: Hists27Oct2025-ZZ4l2016_Moriondsel.root:/Z0Z0
hadd Target path: Hists27Oct2025-ZZ4l2016_Moriondsel.root:/data_SingleElectron_Run2016B-ver2_HIPM_UL2016_MiniAODv2-v2
hadd Target path: Hists27Oct2025-ZZ4l2016_Moriondsel.root:/data_SingleElectron_Run2016C-HIPM_UL2016_MiniAODv2-v2
hadd Target path: Hists27Oct2025-ZZ4l2016_Moriondsel.root:/data_SingleElectron_Run2016D-HIPM_UL2016_MiniAODv2-v2
hadd Target path: Hists27Oct2025-ZZ4l2016_Moriondsel.root:/data_SingleElectron_Run2016E-HIPM_UL2016_MiniAODv2-v5
hadd Target path: Hists27Oct2025-ZZ4l2016_Moriondsel.root:/data_SingleElectron__Run2016F-HIPM_UL2016_MiniAODv2-v2
hadd Target path: Hists27Oct2025-ZZ4l2016_Moriondsel.root:/data_DoubleEG_Run2016B-ver2_HIPM_UL2016_MiniAODv2-v3
hadd Target path: Hists27Oct2025-ZZ4l2016_Moriondsel.root:/data_DoubleEG_Run2016C-HIPM_UL2016_MiniAODv2-v1
hadd Target path: Hists27Oct2025-ZZ4l2016_Moriondsel.root:/data_DoubleEG_Run2016D-HIPM_UL2016_MiniAODv2-v1
hadd Target path: Hists27Oct2025-ZZ4l2016_Moriondsel.root:/data_DoubleEG_Run2016E-HIPM_UL2016_MiniAODv2-v1
hadd Target path: Hists27Oct2025-ZZ4l2016_Moriondsel.root:/data_DoubleEG_Run2016F-HIPM_UL2016_MiniAODv2-v1
hadd Target path: Hists27Oct2025-ZZ4l2016_Moriondsel.root:/data_SingleMuon_Run2016B-ver2_HIPM_UL2016_MiniAODv2-v2
hadd Target path: Hists27Oct2025-ZZ4l2016_Moriondsel.root:/data_SingleMuon_Run2016C-HIPM_UL2016_MiniAODv2-v2
hadd Target path: Hists27Oct2025-ZZ4l2016_Moriondsel.root:/data_SingleMuon_Run2016D-HIPM_UL2016_MiniAODv2-v2
hadd Target path: Hists27Oct2025-ZZ4l2016_Moriondsel.root:/data_SingleMuon_Run2016E-HIPM_UL2016_MiniAODv2-v2
hadd Target path: Hists27Oct2025-ZZ4l2016_Moriondsel.root:/data_SingleMuon_Run2016F-HIPM_UL2016_MiniAODv2-v2
hadd Target path: Hists27Oct2025-ZZ4l2016_Moriondsel.root:/data_DoubleMuon_Run2016B-ver2_HIPM_UL2016_MiniAODv2-v1
hadd Target path: Hists27Oct2025-ZZ4l2016_Moriondsel.root:/data_DoubleMuon_Run2016C-HIPM_UL2016_MiniAODv2-v1
hadd Target path: Hists27Oct2025-ZZ4l2016_Moriondsel.root:/data_DoubleMuon_Run2016D-HIPM_UL2016_MiniAODv2-v1
hadd Target path: Hists27Oct2025-ZZ4l2016_Moriondsel.root:/data_DoubleMuon_Run2016E-HIPM_UL2016_MiniAODv2-v1
hadd Target path: Hists27Oct2025-ZZ4l2016_Moriondsel.root:/data_DoubleMuon_Run2016F-HIPM_UL2016_MiniAODv2-v1
hadd Target path: Hists27Oct2025-ZZ4l2016_Moriondsel.root:/data_MuonEG_Run2016B-ver2_HIPM_UL2016_MiniAODv2-v2
hadd Target path: Hists27Oct2025-ZZ4l2016_Moriondsel.root:/data_MuonEG_Run2016C-HIPM_UL2016_MiniAODv2-v2
hadd Target path: Hists27Oct2025-ZZ4l2016_Moriondsel.root:/data_MuonEG_Run2016D-HIPM_UL2016_MiniAODv2-v2
hadd Target path: Hists27Oct2025-ZZ4l2016_Moriondsel.root:/data_MuonEG_Run2016E-HIPM_UL2016_MiniAODv2-v2
hadd Target path: Hists27Oct2025-ZZ4l2016_Moriondsel.root:/data_MuonEG_Run2016F-HIPM_UL2016_MiniAODv2-v2
hadd Target path: Hists27Oct2025-ZZ4l2016_Moriondsel.root:/WWZ
hadd Target path: Hists27Oct2025-ZZ4l2016_Moriondsel.root:/WZZ
hadd Target path: Hists27Oct2025-ZZ4l2016_Moriondsel.root:/ZZZ
hadd Target path: Hists27Oct2025-ZZ4l2016_Moriondsel.root:/ttZ-jets
hadd Target path: Hists27Oct2025-ZZ4l2016_Moriondsel.root:/tt-jets
hadd Target path: Hists27Oct2025-ZZ4l2016_Moriondsel.root:/wz3lnu-amcnlo
hadd Target path: Hists27Oct2025-ZZ4l2016_Moriondsel.root:/DYJetsToLL_M10to-50
hadd Target path: Hists27Oct2025-ZZ4l2016_Moriondsel.root:/ggZZ4e
hadd Target path: Hists27Oct2025-ZZ4l2016_Moriondsel.root:/ggZZ2e2mu
hadd Target path: Hists27Oct2025-ZZ4l2016_Moriondsel.root:/ggZZ4m
hadd Target path: Hists27Oct2025-ZZ4l2016_Moriondsel.root:/ggZZ4tau
hadd Target path: Hists27Oct2025-ZZ4l2016_Moriondsel.root:/ggZZ2e2tau
hadd Target path: Hists27Oct2025-ZZ4l2016_Moriondsel.root:/ggZZ2mu2tau
hadd Target path: Hists27Oct2025-ZZ4l2016_Moriondsel.root:/zz4l-powheg
Pause here
hadd Target file: Hists27Oct2025-ZZ4l2016_Moriondbkgd_eeee.root
hadd compression setting for all output: 1
hadd Source file 1: temp_ZTZT_Hists27Oct2025-ZZ4l2016_Moriondbkgd.root
hadd Source file 2: temp_ZTZ0_Hists27Oct2025-ZZ4l2016_Moriondbkgd.root
hadd Source file 3: temp_Z0ZT_Hists27Oct2025-ZZ4l2016_Moriondbkgd.root
hadd Source file 4: temp_Z0Z0_Hists27Oct2025-ZZ4l2016_Moriondbkgd.root
hadd Source file 5: temp_data_SingleElectron_Run2016B-ver2_HIPM_UL2016_MiniAODv2-v2_Hists27Oct2025-ZZ4l2016_Moriondbkgd.root
hadd Source file 6: temp_data_SingleElectron_Run2016C-HIPM_UL2016_MiniAODv2-v2_Hists27Oct2025-ZZ4l2016_Moriondbkgd.root
hadd Source file 7: temp_data_SingleElectron_Run2016D-HIPM_UL2016_MiniAODv2-v2_Hists27Oct2025-ZZ4l2016_Moriondbkgd.root
hadd Source file 8: temp_data_SingleElectron_Run2016E-HIPM_UL2016_MiniAODv2-v5_Hists27Oct2025-ZZ4l2016_Moriondbkgd.root
hadd Source file 9: temp_data_SingleElectron__Run2016F-HIPM_UL2016_MiniAODv2-v2_Hists27Oct2025-ZZ4l2016_Moriondbkgd.root
hadd Source file 10: temp_data_DoubleEG_Run2016B-ver2_HIPM_UL2016_MiniAODv2-v3_Hists27Oct2025-ZZ4l2016_Moriondbkgd.root
hadd Source file 11: temp_data_DoubleEG_Run2016C-HIPM_UL2016_MiniAODv2-v1_Hists27Oct2025-ZZ4l2016_Moriondbkgd.root
hadd Source file 12: temp_data_DoubleEG_Run2016D-HIPM_UL2016_MiniAODv2-v1_Hists27Oct2025-ZZ4l2016_Moriondbkgd.root
hadd Source file 13: temp_data_DoubleEG_Run2016E-HIPM_UL2016_MiniAODv2-v1_Hists27Oct2025-ZZ4l2016_Moriondbkgd.root
hadd Source file 14: temp_data_DoubleEG_Run2016F-HIPM_UL2016_MiniAODv2-v1_Hists27Oct2025-ZZ4l2016_Moriondbkgd.root
hadd Source file 15: temp_data_SingleMuon_Run2016B-ver2_HIPM_UL2016_MiniAODv2-v2_Hists27Oct2025-ZZ4l2016_Moriondbkgd.root
hadd Source file 16: temp_data_SingleMuon_Run2016C-HIPM_UL2016_MiniAODv2-v2_Hists27Oct2025-ZZ4l2016_Moriondbkgd.root
hadd Source file 17: temp_data_SingleMuon_Run2016D-HIPM_UL2016_MiniAODv2-v2_Hists27Oct2025-ZZ4l2016_Moriondbkgd.root
hadd Source file 18: temp_data_SingleMuon_Run2016E-HIPM_UL2016_MiniAODv2-v2_Hists27Oct2025-ZZ4l2016_Moriondbkgd.root
hadd Source file 19: temp_data_SingleMuon_Run2016F-HIPM_UL2016_MiniAODv2-v2_Hists27Oct2025-ZZ4l2016_Moriondbkgd.root
hadd Source file 20: temp_data_DoubleMuon_Run2016B-ver2_HIPM_UL2016_MiniAODv2-v1_Hists27Oct2025-ZZ4l2016_Moriondbkgd.root
hadd Source file 21: temp_data_DoubleMuon_Run2016C-HIPM_UL2016_MiniAODv2-v1_Hists27Oct2025-ZZ4l2016_Moriondbkgd.root
hadd Source file 22: temp_data_DoubleMuon_Run2016D-HIPM_UL2016_MiniAODv2-v1_Hists27Oct2025-ZZ4l2016_Moriondbkgd.root
hadd Source file 23: temp_data_DoubleMuon_Run2016E-HIPM_UL2016_MiniAODv2-v1_Hists27Oct2025-ZZ4l2016_Moriondbkgd.root
hadd Source file 24: temp_data_DoubleMuon_Run2016F-HIPM_UL2016_MiniAODv2-v1_Hists27Oct2025-ZZ4l2016_Moriondbkgd.root
hadd Source file 25: temp_data_MuonEG_Run2016B-ver2_HIPM_UL2016_MiniAODv2-v2_Hists27Oct2025-ZZ4l2016_Moriondbkgd.root
hadd Source file 26: temp_data_MuonEG_Run2016C-HIPM_UL2016_MiniAODv2-v2_Hists27Oct2025-ZZ4l2016_Moriondbkgd.root
hadd Source file 27: temp_data_MuonEG_Run2016D-HIPM_UL2016_MiniAODv2-v2_Hists27Oct2025-ZZ4l2016_Moriondbkgd.root
hadd Source file 28: temp_data_MuonEG_Run2016E-HIPM_UL2016_MiniAODv2-v2_Hists27Oct2025-ZZ4l2016_Moriondbkgd.root
hadd Source file 29: temp_data_MuonEG_Run2016F-HIPM_UL2016_MiniAODv2-v2_Hists27Oct2025-ZZ4l2016_Moriondbkgd.root
hadd Source file 30: temp_WWZ_Hists27Oct2025-ZZ4l2016_Moriondbkgd.root
hadd Source file 31: temp_WZZ_Hists27Oct2025-ZZ4l2016_Moriondbkgd.root
hadd Source file 32: temp_ZZZ_Hists27Oct2025-ZZ4l2016_Moriondbkgd.root
hadd Source file 33: temp_ttZ-jets_Hists27Oct2025-ZZ4l2016_Moriondbkgd.root
hadd Source file 34: temp_tt-jets_Hists27Oct2025-ZZ4l2016_Moriondbkgd.root
hadd Source file 35: temp_wz3lnu-amcnlo_Hists27Oct2025-ZZ4l2016_Moriondbkgd.root
hadd Source file 36: temp_DYJetsToLL_M10to-50_Hists27Oct2025-ZZ4l2016_Moriondbkgd.root
hadd Source file 37: temp_ggZZ4e_Hists27Oct2025-ZZ4l2016_Moriondbkgd.root
hadd Source file 38: temp_ggZZ2e2mu_Hists27Oct2025-ZZ4l2016_Moriondbkgd.root
hadd Source file 39: temp_ggZZ4m_Hists27Oct2025-ZZ4l2016_Moriondbkgd.root
hadd Source file 40: temp_ggZZ4tau_Hists27Oct2025-ZZ4l2016_Moriondbkgd.root
hadd Source file 41: temp_ggZZ2e2tau_Hists27Oct2025-ZZ4l2016_Moriondbkgd.root
hadd Source file 42: temp_ggZZ2mu2tau_Hists27Oct2025-ZZ4l2016_Moriondbkgd.root
hadd Source file 43: temp_zz4l-powheg_Hists27Oct2025-ZZ4l2016_Moriondbkgd.root
hadd Target path: Hists27Oct2025-ZZ4l2016_Moriondbkgd_eeee.root:/
hadd Target path: Hists27Oct2025-ZZ4l2016_Moriondbkgd_eeee.root:/ZTZT
hadd Target path: Hists27Oct2025-ZZ4l2016_Moriondbkgd_eeee.root:/ZTZ0
hadd Target path: Hists27Oct2025-ZZ4l2016_Moriondbkgd_eeee.root:/Z0ZT
hadd Target path: Hists27Oct2025-ZZ4l2016_Moriondbkgd_eeee.root:/Z0Z0
hadd Target path: Hists27Oct2025-ZZ4l2016_Moriondbkgd_eeee.root:/data_SingleElectron_Run2016B-ver2_HIPM_UL2016_MiniAODv2-v2
hadd Target path: Hists27Oct2025-ZZ4l2016_Moriondbkgd_eeee.root:/data_SingleElectron_Run2016C-HIPM_UL2016_MiniAODv2-v2
hadd Target path: Hists27Oct2025-ZZ4l2016_Moriondbkgd_eeee.root:/data_SingleElectron_Run2016D-HIPM_UL2016_MiniAODv2-v2
hadd Target path: Hists27Oct2025-ZZ4l2016_Moriondbkgd_eeee.root:/data_SingleElectron_Run2016E-HIPM_UL2016_MiniAODv2-v5
hadd Target path: Hists27Oct2025-ZZ4l2016_Moriondbkgd_eeee.root:/data_SingleElectron__Run2016F-HIPM_UL2016_MiniAODv2-v2
hadd Target path: Hists27Oct2025-ZZ4l2016_Moriondbkgd_eeee.root:/data_DoubleEG_Run2016B-ver2_HIPM_UL2016_MiniAODv2-v3
hadd Target path: Hists27Oct2025-ZZ4l2016_Moriondbkgd_eeee.root:/data_DoubleEG_Run2016C-HIPM_UL2016_MiniAODv2-v1
hadd Target path: Hists27Oct2025-ZZ4l2016_Moriondbkgd_eeee.root:/data_DoubleEG_Run2016D-HIPM_UL2016_MiniAODv2-v1
hadd Target path: Hists27Oct2025-ZZ4l2016_Moriondbkgd_eeee.root:/data_DoubleEG_Run2016E-HIPM_UL2016_MiniAODv2-v1
hadd Target path: Hists27Oct2025-ZZ4l2016_Moriondbkgd_eeee.root:/data_DoubleEG_Run2016F-HIPM_UL2016_MiniAODv2-v1
hadd Target path: Hists27Oct2025-ZZ4l2016_Moriondbkgd_eeee.root:/data_SingleMuon_Run2016B-ver2_HIPM_UL2016_MiniAODv2-v2
hadd Target path: Hists27Oct2025-ZZ4l2016_Moriondbkgd_eeee.root:/data_SingleMuon_Run2016C-HIPM_UL2016_MiniAODv2-v2
hadd Target path: Hists27Oct2025-ZZ4l2016_Moriondbkgd_eeee.root:/data_SingleMuon_Run2016D-HIPM_UL2016_MiniAODv2-v2
hadd Target path: Hists27Oct2025-ZZ4l2016_Moriondbkgd_eeee.root:/data_SingleMuon_Run2016E-HIPM_UL2016_MiniAODv2-v2
hadd Target path: Hists27Oct2025-ZZ4l2016_Moriondbkgd_eeee.root:/data_SingleMuon_Run2016F-HIPM_UL2016_MiniAODv2-v2
hadd Target path: Hists27Oct2025-ZZ4l2016_Moriondbkgd_eeee.root:/data_DoubleMuon_Run2016B-ver2_HIPM_UL2016_MiniAODv2-v1
hadd Target path: Hists27Oct2025-ZZ4l2016_Moriondbkgd_eeee.root:/data_DoubleMuon_Run2016C-HIPM_UL2016_MiniAODv2-v1
hadd Target path: Hists27Oct2025-ZZ4l2016_Moriondbkgd_eeee.root:/data_DoubleMuon_Run2016D-HIPM_UL2016_MiniAODv2-v1
hadd Target path: Hists27Oct2025-ZZ4l2016_Moriondbkgd_eeee.root:/data_DoubleMuon_Run2016E-HIPM_UL2016_MiniAODv2-v1
hadd Target path: Hists27Oct2025-ZZ4l2016_Moriondbkgd_eeee.root:/data_DoubleMuon_Run2016F-HIPM_UL2016_MiniAODv2-v1
hadd Target path: Hists27Oct2025-ZZ4l2016_Moriondbkgd_eeee.root:/data_MuonEG_Run2016B-ver2_HIPM_UL2016_MiniAODv2-v2
hadd Target path: Hists27Oct2025-ZZ4l2016_Moriondbkgd_eeee.root:/data_MuonEG_Run2016C-HIPM_UL2016_MiniAODv2-v2
hadd Target path: Hists27Oct2025-ZZ4l2016_Moriondbkgd_eeee.root:/data_MuonEG_Run2016D-HIPM_UL2016_MiniAODv2-v2
hadd Target path: Hists27Oct2025-ZZ4l2016_Moriondbkgd_eeee.root:/data_MuonEG_Run2016E-HIPM_UL2016_MiniAODv2-v2
hadd Target path: Hists27Oct2025-ZZ4l2016_Moriondbkgd_eeee.root:/data_MuonEG_Run2016F-HIPM_UL2016_MiniAODv2-v2
hadd Target path: Hists27Oct2025-ZZ4l2016_Moriondbkgd_eeee.root:/WWZ
hadd Target path: Hists27Oct2025-ZZ4l2016_Moriondbkgd_eeee.root:/WZZ
hadd Target path: Hists27Oct2025-ZZ4l2016_Moriondbkgd_eeee.root:/ZZZ
hadd Target path: Hists27Oct2025-ZZ4l2016_Moriondbkgd_eeee.root:/ttZ-jets
hadd Target path: Hists27Oct2025-ZZ4l2016_Moriondbkgd_eeee.root:/tt-jets
hadd Target path: Hists27Oct2025-ZZ4l2016_Moriondbkgd_eeee.root:/wz3lnu-amcnlo
hadd Target path: Hists27Oct2025-ZZ4l2016_Moriondbkgd_eeee.root:/DYJetsToLL_M10to-50
hadd Target path: Hists27Oct2025-ZZ4l2016_Moriondbkgd_eeee.root:/ggZZ4e
hadd Target path: Hists27Oct2025-ZZ4l2016_Moriondbkgd_eeee.root:/ggZZ2e2mu
hadd Target path: Hists27Oct2025-ZZ4l2016_Moriondbkgd_eeee.root:/ggZZ4m
hadd Target path: Hists27Oct2025-ZZ4l2016_Moriondbkgd_eeee.root:/ggZZ4tau
hadd Target path: Hists27Oct2025-ZZ4l2016_Moriondbkgd_eeee.root:/ggZZ2e2tau
hadd Target path: Hists27Oct2025-ZZ4l2016_Moriondbkgd_eeee.root:/ggZZ2mu2tau
hadd Target path: Hists27Oct2025-ZZ4l2016_Moriondbkgd_eeee.root:/zz4l-powheg
hadd Target file: Hists27Oct2025-ZZ4l2016_Moriondbkgd_eemm.root
hadd compression setting for all output: 1
hadd Source file 1: temp_ZTZT_Hists27Oct2025-ZZ4l2016_Moriondbkgd.root
hadd Source file 2: temp_ZTZ0_Hists27Oct2025-ZZ4l2016_Moriondbkgd.root
hadd Source file 3: temp_Z0ZT_Hists27Oct2025-ZZ4l2016_Moriondbkgd.root
hadd Source file 4: temp_Z0Z0_Hists27Oct2025-ZZ4l2016_Moriondbkgd.root
hadd Source file 5: temp_data_SingleElectron_Run2016B-ver2_HIPM_UL2016_MiniAODv2-v2_Hists27Oct2025-ZZ4l2016_Moriondbkgd.root
hadd Source file 6: temp_data_SingleElectron_Run2016C-HIPM_UL2016_MiniAODv2-v2_Hists27Oct2025-ZZ4l2016_Moriondbkgd.root
hadd Source file 7: temp_data_SingleElectron_Run2016D-HIPM_UL2016_MiniAODv2-v2_Hists27Oct2025-ZZ4l2016_Moriondbkgd.root
hadd Source file 8: temp_data_SingleElectron_Run2016E-HIPM_UL2016_MiniAODv2-v5_Hists27Oct2025-ZZ4l2016_Moriondbkgd.root
hadd Source file 9: temp_data_SingleElectron__Run2016F-HIPM_UL2016_MiniAODv2-v2_Hists27Oct2025-ZZ4l2016_Moriondbkgd.root
hadd Source file 10: temp_data_DoubleEG_Run2016B-ver2_HIPM_UL2016_MiniAODv2-v3_Hists27Oct2025-ZZ4l2016_Moriondbkgd.root
hadd Source file 11: temp_data_DoubleEG_Run2016C-HIPM_UL2016_MiniAODv2-v1_Hists27Oct2025-ZZ4l2016_Moriondbkgd.root
hadd Source file 12: temp_data_DoubleEG_Run2016D-HIPM_UL2016_MiniAODv2-v1_Hists27Oct2025-ZZ4l2016_Moriondbkgd.root
hadd Source file 13: temp_data_DoubleEG_Run2016E-HIPM_UL2016_MiniAODv2-v1_Hists27Oct2025-ZZ4l2016_Moriondbkgd.root
hadd Source file 14: temp_data_DoubleEG_Run2016F-HIPM_UL2016_MiniAODv2-v1_Hists27Oct2025-ZZ4l2016_Moriondbkgd.root
hadd Source file 15: temp_data_SingleMuon_Run2016B-ver2_HIPM_UL2016_MiniAODv2-v2_Hists27Oct2025-ZZ4l2016_Moriondbkgd.root
hadd Source file 16: temp_data_SingleMuon_Run2016C-HIPM_UL2016_MiniAODv2-v2_Hists27Oct2025-ZZ4l2016_Moriondbkgd.root
hadd Source file 17: temp_data_SingleMuon_Run2016D-HIPM_UL2016_MiniAODv2-v2_Hists27Oct2025-ZZ4l2016_Moriondbkgd.root
hadd Source file 18: temp_data_SingleMuon_Run2016E-HIPM_UL2016_MiniAODv2-v2_Hists27Oct2025-ZZ4l2016_Moriondbkgd.root
hadd Source file 19: temp_data_SingleMuon_Run2016F-HIPM_UL2016_MiniAODv2-v2_Hists27Oct2025-ZZ4l2016_Moriondbkgd.root
hadd Source file 20: temp_data_DoubleMuon_Run2016B-ver2_HIPM_UL2016_MiniAODv2-v1_Hists27Oct2025-ZZ4l2016_Moriondbkgd.root
hadd Source file 21: temp_data_DoubleMuon_Run2016C-HIPM_UL2016_MiniAODv2-v1_Hists27Oct2025-ZZ4l2016_Moriondbkgd.root
hadd Source file 22: temp_data_DoubleMuon_Run2016D-HIPM_UL2016_MiniAODv2-v1_Hists27Oct2025-ZZ4l2016_Moriondbkgd.root
hadd Source file 23: temp_data_DoubleMuon_Run2016E-HIPM_UL2016_MiniAODv2-v1_Hists27Oct2025-ZZ4l2016_Moriondbkgd.root
hadd Source file 24: temp_data_DoubleMuon_Run2016F-HIPM_UL2016_MiniAODv2-v1_Hists27Oct2025-ZZ4l2016_Moriondbkgd.root
hadd Source file 25: temp_data_MuonEG_Run2016B-ver2_HIPM_UL2016_MiniAODv2-v2_Hists27Oct2025-ZZ4l2016_Moriondbkgd.root
hadd Source file 26: temp_data_MuonEG_Run2016C-HIPM_UL2016_MiniAODv2-v2_Hists27Oct2025-ZZ4l2016_Moriondbkgd.root
hadd Source file 27: temp_data_MuonEG_Run2016D-HIPM_UL2016_MiniAODv2-v2_Hists27Oct2025-ZZ4l2016_Moriondbkgd.root
hadd Source file 28: temp_data_MuonEG_Run2016E-HIPM_UL2016_MiniAODv2-v2_Hists27Oct2025-ZZ4l2016_Moriondbkgd.root
hadd Source file 29: temp_data_MuonEG_Run2016F-HIPM_UL2016_MiniAODv2-v2_Hists27Oct2025-ZZ4l2016_Moriondbkgd.root
hadd Source file 30: temp_WWZ_Hists27Oct2025-ZZ4l2016_Moriondbkgd.root
hadd Source file 31: temp_WZZ_Hists27Oct2025-ZZ4l2016_Moriondbkgd.root
hadd Source file 32: temp_ZZZ_Hists27Oct2025-ZZ4l2016_Moriondbkgd.root
hadd Source file 33: temp_ttZ-jets_Hists27Oct2025-ZZ4l2016_Moriondbkgd.root
hadd Source file 34: temp_tt-jets_Hists27Oct2025-ZZ4l2016_Moriondbkgd.root
hadd Source file 35: temp_wz3lnu-amcnlo_Hists27Oct2025-ZZ4l2016_Moriondbkgd.root
hadd Source file 36: temp_DYJetsToLL_M10to-50_Hists27Oct2025-ZZ4l2016_Moriondbkgd.root
hadd Source file 37: temp_ggZZ4e_Hists27Oct2025-ZZ4l2016_Moriondbkgd.root
hadd Source file 38: temp_ggZZ2e2mu_Hists27Oct2025-ZZ4l2016_Moriondbkgd.root
hadd Source file 39: temp_ggZZ4m_Hists27Oct2025-ZZ4l2016_Moriondbkgd.root
hadd Source file 40: temp_ggZZ4tau_Hists27Oct2025-ZZ4l2016_Moriondbkgd.root
hadd Source file 41: temp_ggZZ2e2tau_Hists27Oct2025-ZZ4l2016_Moriondbkgd.root
hadd Source file 42: temp_ggZZ2mu2tau_Hists27Oct2025-ZZ4l2016_Moriondbkgd.root
hadd Source file 43: temp_zz4l-powheg_Hists27Oct2025-ZZ4l2016_Moriondbkgd.root
hadd Target path: Hists27Oct2025-ZZ4l2016_Moriondbkgd_eemm.root:/
hadd Target path: Hists27Oct2025-ZZ4l2016_Moriondbkgd_eemm.root:/ZTZT
hadd Target path: Hists27Oct2025-ZZ4l2016_Moriondbkgd_eemm.root:/ZTZ0
hadd Target path: Hists27Oct2025-ZZ4l2016_Moriondbkgd_eemm.root:/Z0ZT
hadd Target path: Hists27Oct2025-ZZ4l2016_Moriondbkgd_eemm.root:/Z0Z0
hadd Target path: Hists27Oct2025-ZZ4l2016_Moriondbkgd_eemm.root:/data_SingleElectron_Run2016B-ver2_HIPM_UL2016_MiniAODv2-v2
hadd Target path: Hists27Oct2025-ZZ4l2016_Moriondbkgd_eemm.root:/data_SingleElectron_Run2016C-HIPM_UL2016_MiniAODv2-v2
hadd Target path: Hists27Oct2025-ZZ4l2016_Moriondbkgd_eemm.root:/data_SingleElectron_Run2016D-HIPM_UL2016_MiniAODv2-v2
hadd Target path: Hists27Oct2025-ZZ4l2016_Moriondbkgd_eemm.root:/data_SingleElectron_Run2016E-HIPM_UL2016_MiniAODv2-v5
hadd Target path: Hists27Oct2025-ZZ4l2016_Moriondbkgd_eemm.root:/data_SingleElectron__Run2016F-HIPM_UL2016_MiniAODv2-v2
hadd Target path: Hists27Oct2025-ZZ4l2016_Moriondbkgd_eemm.root:/data_DoubleEG_Run2016B-ver2_HIPM_UL2016_MiniAODv2-v3
hadd Target path: Hists27Oct2025-ZZ4l2016_Moriondbkgd_eemm.root:/data_DoubleEG_Run2016C-HIPM_UL2016_MiniAODv2-v1
hadd Target path: Hists27Oct2025-ZZ4l2016_Moriondbkgd_eemm.root:/data_DoubleEG_Run2016D-HIPM_UL2016_MiniAODv2-v1
hadd Target path: Hists27Oct2025-ZZ4l2016_Moriondbkgd_eemm.root:/data_DoubleEG_Run2016E-HIPM_UL2016_MiniAODv2-v1
hadd Target path: Hists27Oct2025-ZZ4l2016_Moriondbkgd_eemm.root:/data_DoubleEG_Run2016F-HIPM_UL2016_MiniAODv2-v1
hadd Target path: Hists27Oct2025-ZZ4l2016_Moriondbkgd_eemm.root:/data_SingleMuon_Run2016B-ver2_HIPM_UL2016_MiniAODv2-v2
hadd Target path: Hists27Oct2025-ZZ4l2016_Moriondbkgd_eemm.root:/data_SingleMuon_Run2016C-HIPM_UL2016_MiniAODv2-v2
hadd Target path: Hists27Oct2025-ZZ4l2016_Moriondbkgd_eemm.root:/data_SingleMuon_Run2016D-HIPM_UL2016_MiniAODv2-v2
hadd Target path: Hists27Oct2025-ZZ4l2016_Moriondbkgd_eemm.root:/data_SingleMuon_Run2016E-HIPM_UL2016_MiniAODv2-v2
hadd Target path: Hists27Oct2025-ZZ4l2016_Moriondbkgd_eemm.root:/data_SingleMuon_Run2016F-HIPM_UL2016_MiniAODv2-v2
hadd Target path: Hists27Oct2025-ZZ4l2016_Moriondbkgd_eemm.root:/data_DoubleMuon_Run2016B-ver2_HIPM_UL2016_MiniAODv2-v1
hadd Target path: Hists27Oct2025-ZZ4l2016_Moriondbkgd_eemm.root:/data_DoubleMuon_Run2016C-HIPM_UL2016_MiniAODv2-v1
hadd Target path: Hists27Oct2025-ZZ4l2016_Moriondbkgd_eemm.root:/data_DoubleMuon_Run2016D-HIPM_UL2016_MiniAODv2-v1
hadd Target path: Hists27Oct2025-ZZ4l2016_Moriondbkgd_eemm.root:/data_DoubleMuon_Run2016E-HIPM_UL2016_MiniAODv2-v1
hadd Target path: Hists27Oct2025-ZZ4l2016_Moriondbkgd_eemm.root:/data_DoubleMuon_Run2016F-HIPM_UL2016_MiniAODv2-v1
hadd Target path: Hists27Oct2025-ZZ4l2016_Moriondbkgd_eemm.root:/data_MuonEG_Run2016B-ver2_HIPM_UL2016_MiniAODv2-v2
hadd Target path: Hists27Oct2025-ZZ4l2016_Moriondbkgd_eemm.root:/data_MuonEG_Run2016C-HIPM_UL2016_MiniAODv2-v2
hadd Target path: Hists27Oct2025-ZZ4l2016_Moriondbkgd_eemm.root:/data_MuonEG_Run2016D-HIPM_UL2016_MiniAODv2-v2
hadd Target path: Hists27Oct2025-ZZ4l2016_Moriondbkgd_eemm.root:/data_MuonEG_Run2016E-HIPM_UL2016_MiniAODv2-v2
hadd Target path: Hists27Oct2025-ZZ4l2016_Moriondbkgd_eemm.root:/data_MuonEG_Run2016F-HIPM_UL2016_MiniAODv2-v2
hadd Target path: Hists27Oct2025-ZZ4l2016_Moriondbkgd_eemm.root:/WWZ
hadd Target path: Hists27Oct2025-ZZ4l2016_Moriondbkgd_eemm.root:/WZZ
hadd Target path: Hists27Oct2025-ZZ4l2016_Moriondbkgd_eemm.root:/ZZZ
hadd Target path: Hists27Oct2025-ZZ4l2016_Moriondbkgd_eemm.root:/ttZ-jets
hadd Target path: Hists27Oct2025-ZZ4l2016_Moriondbkgd_eemm.root:/tt-jets
hadd Target path: Hists27Oct2025-ZZ4l2016_Moriondbkgd_eemm.root:/wz3lnu-amcnlo
hadd Target path: Hists27Oct2025-ZZ4l2016_Moriondbkgd_eemm.root:/DYJetsToLL_M10to-50
hadd Target path: Hists27Oct2025-ZZ4l2016_Moriondbkgd_eemm.root:/ggZZ4e
hadd Target path: Hists27Oct2025-ZZ4l2016_Moriondbkgd_eemm.root:/ggZZ2e2mu
hadd Target path: Hists27Oct2025-ZZ4l2016_Moriondbkgd_eemm.root:/ggZZ4m
hadd Target path: Hists27Oct2025-ZZ4l2016_Moriondbkgd_eemm.root:/ggZZ4tau
hadd Target path: Hists27Oct2025-ZZ4l2016_Moriondbkgd_eemm.root:/ggZZ2e2tau
hadd Target path: Hists27Oct2025-ZZ4l2016_Moriondbkgd_eemm.root:/ggZZ2mu2tau
hadd Target path: Hists27Oct2025-ZZ4l2016_Moriondbkgd_eemm.root:/zz4l-powheg
hadd Target file: Hists27Oct2025-ZZ4l2016_Moriondbkgd_mmee.root
hadd compression setting for all output: 1
hadd Source file 1: temp_ZTZT_Hists27Oct2025-ZZ4l2016_Moriondbkgd.root
hadd Source file 2: temp_ZTZ0_Hists27Oct2025-ZZ4l2016_Moriondbkgd.root
hadd Source file 3: temp_Z0ZT_Hists27Oct2025-ZZ4l2016_Moriondbkgd.root
hadd Source file 4: temp_Z0Z0_Hists27Oct2025-ZZ4l2016_Moriondbkgd.root
hadd Source file 5: temp_data_SingleElectron_Run2016B-ver2_HIPM_UL2016_MiniAODv2-v2_Hists27Oct2025-ZZ4l2016_Moriondbkgd.root
hadd Source file 6: temp_data_SingleElectron_Run2016C-HIPM_UL2016_MiniAODv2-v2_Hists27Oct2025-ZZ4l2016_Moriondbkgd.root
hadd Source file 7: temp_data_SingleElectron_Run2016D-HIPM_UL2016_MiniAODv2-v2_Hists27Oct2025-ZZ4l2016_Moriondbkgd.root
hadd Source file 8: temp_data_SingleElectron_Run2016E-HIPM_UL2016_MiniAODv2-v5_Hists27Oct2025-ZZ4l2016_Moriondbkgd.root
hadd Source file 9: temp_data_SingleElectron__Run2016F-HIPM_UL2016_MiniAODv2-v2_Hists27Oct2025-ZZ4l2016_Moriondbkgd.root
hadd Source file 10: temp_data_DoubleEG_Run2016B-ver2_HIPM_UL2016_MiniAODv2-v3_Hists27Oct2025-ZZ4l2016_Moriondbkgd.root
hadd Source file 11: temp_data_DoubleEG_Run2016C-HIPM_UL2016_MiniAODv2-v1_Hists27Oct2025-ZZ4l2016_Moriondbkgd.root
hadd Source file 12: temp_data_DoubleEG_Run2016D-HIPM_UL2016_MiniAODv2-v1_Hists27Oct2025-ZZ4l2016_Moriondbkgd.root
hadd Source file 13: temp_data_DoubleEG_Run2016E-HIPM_UL2016_MiniAODv2-v1_Hists27Oct2025-ZZ4l2016_Moriondbkgd.root
hadd Source file 14: temp_data_DoubleEG_Run2016F-HIPM_UL2016_MiniAODv2-v1_Hists27Oct2025-ZZ4l2016_Moriondbkgd.root
hadd Source file 15: temp_data_SingleMuon_Run2016B-ver2_HIPM_UL2016_MiniAODv2-v2_Hists27Oct2025-ZZ4l2016_Moriondbkgd.root
hadd Source file 16: temp_data_SingleMuon_Run2016C-HIPM_UL2016_MiniAODv2-v2_Hists27Oct2025-ZZ4l2016_Moriondbkgd.root
hadd Source file 17: temp_data_SingleMuon_Run2016D-HIPM_UL2016_MiniAODv2-v2_Hists27Oct2025-ZZ4l2016_Moriondbkgd.root
hadd Source file 18: temp_data_SingleMuon_Run2016E-HIPM_UL2016_MiniAODv2-v2_Hists27Oct2025-ZZ4l2016_Moriondbkgd.root
hadd Source file 19: temp_data_SingleMuon_Run2016F-HIPM_UL2016_MiniAODv2-v2_Hists27Oct2025-ZZ4l2016_Moriondbkgd.root
hadd Source file 20: temp_data_DoubleMuon_Run2016B-ver2_HIPM_UL2016_MiniAODv2-v1_Hists27Oct2025-ZZ4l2016_Moriondbkgd.root
hadd Source file 21: temp_data_DoubleMuon_Run2016C-HIPM_UL2016_MiniAODv2-v1_Hists27Oct2025-ZZ4l2016_Moriondbkgd.root
hadd Source file 22: temp_data_DoubleMuon_Run2016D-HIPM_UL2016_MiniAODv2-v1_Hists27Oct2025-ZZ4l2016_Moriondbkgd.root
hadd Source file 23: temp_data_DoubleMuon_Run2016E-HIPM_UL2016_MiniAODv2-v1_Hists27Oct2025-ZZ4l2016_Moriondbkgd.root
hadd Source file 24: temp_data_DoubleMuon_Run2016F-HIPM_UL2016_MiniAODv2-v1_Hists27Oct2025-ZZ4l2016_Moriondbkgd.root
hadd Source file 25: temp_data_MuonEG_Run2016B-ver2_HIPM_UL2016_MiniAODv2-v2_Hists27Oct2025-ZZ4l2016_Moriondbkgd.root
hadd Source file 26: temp_data_MuonEG_Run2016C-HIPM_UL2016_MiniAODv2-v2_Hists27Oct2025-ZZ4l2016_Moriondbkgd.root
hadd Source file 27: temp_data_MuonEG_Run2016D-HIPM_UL2016_MiniAODv2-v2_Hists27Oct2025-ZZ4l2016_Moriondbkgd.root
hadd Source file 28: temp_data_MuonEG_Run2016E-HIPM_UL2016_MiniAODv2-v2_Hists27Oct2025-ZZ4l2016_Moriondbkgd.root
hadd Source file 29: temp_data_MuonEG_Run2016F-HIPM_UL2016_MiniAODv2-v2_Hists27Oct2025-ZZ4l2016_Moriondbkgd.root
hadd Source file 30: temp_WWZ_Hists27Oct2025-ZZ4l2016_Moriondbkgd.root
hadd Source file 31: temp_WZZ_Hists27Oct2025-ZZ4l2016_Moriondbkgd.root
hadd Source file 32: temp_ZZZ_Hists27Oct2025-ZZ4l2016_Moriondbkgd.root
hadd Source file 33: temp_ttZ-jets_Hists27Oct2025-ZZ4l2016_Moriondbkgd.root
hadd Source file 34: temp_tt-jets_Hists27Oct2025-ZZ4l2016_Moriondbkgd.root
hadd Source file 35: temp_wz3lnu-amcnlo_Hists27Oct2025-ZZ4l2016_Moriondbkgd.root
hadd Source file 36: temp_DYJetsToLL_M10to-50_Hists27Oct2025-ZZ4l2016_Moriondbkgd.root
hadd Source file 37: temp_ggZZ4e_Hists27Oct2025-ZZ4l2016_Moriondbkgd.root
hadd Source file 38: temp_ggZZ2e2mu_Hists27Oct2025-ZZ4l2016_Moriondbkgd.root
hadd Source file 39: temp_ggZZ4m_Hists27Oct2025-ZZ4l2016_Moriondbkgd.root
hadd Source file 40: temp_ggZZ4tau_Hists27Oct2025-ZZ4l2016_Moriondbkgd.root
hadd Source file 41: temp_ggZZ2e2tau_Hists27Oct2025-ZZ4l2016_Moriondbkgd.root
hadd Source file 42: temp_ggZZ2mu2tau_Hists27Oct2025-ZZ4l2016_Moriondbkgd.root
hadd Source file 43: temp_zz4l-powheg_Hists27Oct2025-ZZ4l2016_Moriondbkgd.root
hadd Target path: Hists27Oct2025-ZZ4l2016_Moriondbkgd_mmee.root:/
hadd Target path: Hists27Oct2025-ZZ4l2016_Moriondbkgd_mmee.root:/ZTZT
hadd Target path: Hists27Oct2025-ZZ4l2016_Moriondbkgd_mmee.root:/ZTZ0
hadd Target path: Hists27Oct2025-ZZ4l2016_Moriondbkgd_mmee.root:/Z0ZT
hadd Target path: Hists27Oct2025-ZZ4l2016_Moriondbkgd_mmee.root:/Z0Z0
hadd Target path: Hists27Oct2025-ZZ4l2016_Moriondbkgd_mmee.root:/data_SingleElectron_Run2016B-ver2_HIPM_UL2016_MiniAODv2-v2
hadd Target path: Hists27Oct2025-ZZ4l2016_Moriondbkgd_mmee.root:/data_SingleElectron_Run2016C-HIPM_UL2016_MiniAODv2-v2
hadd Target path: Hists27Oct2025-ZZ4l2016_Moriondbkgd_mmee.root:/data_SingleElectron_Run2016D-HIPM_UL2016_MiniAODv2-v2
hadd Target path: Hists27Oct2025-ZZ4l2016_Moriondbkgd_mmee.root:/data_SingleElectron_Run2016E-HIPM_UL2016_MiniAODv2-v5
hadd Target path: Hists27Oct2025-ZZ4l2016_Moriondbkgd_mmee.root:/data_SingleElectron__Run2016F-HIPM_UL2016_MiniAODv2-v2
hadd Target path: Hists27Oct2025-ZZ4l2016_Moriondbkgd_mmee.root:/data_DoubleEG_Run2016B-ver2_HIPM_UL2016_MiniAODv2-v3
hadd Target path: Hists27Oct2025-ZZ4l2016_Moriondbkgd_mmee.root:/data_DoubleEG_Run2016C-HIPM_UL2016_MiniAODv2-v1
hadd Target path: Hists27Oct2025-ZZ4l2016_Moriondbkgd_mmee.root:/data_DoubleEG_Run2016D-HIPM_UL2016_MiniAODv2-v1
hadd Target path: Hists27Oct2025-ZZ4l2016_Moriondbkgd_mmee.root:/data_DoubleEG_Run2016E-HIPM_UL2016_MiniAODv2-v1
hadd Target path: Hists27Oct2025-ZZ4l2016_Moriondbkgd_mmee.root:/data_DoubleEG_Run2016F-HIPM_UL2016_MiniAODv2-v1
hadd Target path: Hists27Oct2025-ZZ4l2016_Moriondbkgd_mmee.root:/data_SingleMuon_Run2016B-ver2_HIPM_UL2016_MiniAODv2-v2
hadd Target path: Hists27Oct2025-ZZ4l2016_Moriondbkgd_mmee.root:/data_SingleMuon_Run2016C-HIPM_UL2016_MiniAODv2-v2
hadd Target path: Hists27Oct2025-ZZ4l2016_Moriondbkgd_mmee.root:/data_SingleMuon_Run2016D-HIPM_UL2016_MiniAODv2-v2
hadd Target path: Hists27Oct2025-ZZ4l2016_Moriondbkgd_mmee.root:/data_SingleMuon_Run2016E-HIPM_UL2016_MiniAODv2-v2
hadd Target path: Hists27Oct2025-ZZ4l2016_Moriondbkgd_mmee.root:/data_SingleMuon_Run2016F-HIPM_UL2016_MiniAODv2-v2
hadd Target path: Hists27Oct2025-ZZ4l2016_Moriondbkgd_mmee.root:/data_DoubleMuon_Run2016B-ver2_HIPM_UL2016_MiniAODv2-v1
hadd Target path: Hists27Oct2025-ZZ4l2016_Moriondbkgd_mmee.root:/data_DoubleMuon_Run2016C-HIPM_UL2016_MiniAODv2-v1
hadd Target path: Hists27Oct2025-ZZ4l2016_Moriondbkgd_mmee.root:/data_DoubleMuon_Run2016D-HIPM_UL2016_MiniAODv2-v1
hadd Target path: Hists27Oct2025-ZZ4l2016_Moriondbkgd_mmee.root:/data_DoubleMuon_Run2016E-HIPM_UL2016_MiniAODv2-v1
hadd Target path: Hists27Oct2025-ZZ4l2016_Moriondbkgd_mmee.root:/data_DoubleMuon_Run2016F-HIPM_UL2016_MiniAODv2-v1
hadd Target path: Hists27Oct2025-ZZ4l2016_Moriondbkgd_mmee.root:/data_MuonEG_Run2016B-ver2_HIPM_UL2016_MiniAODv2-v2
hadd Target path: Hists27Oct2025-ZZ4l2016_Moriondbkgd_mmee.root:/data_MuonEG_Run2016C-HIPM_UL2016_MiniAODv2-v2
hadd Target path: Hists27Oct2025-ZZ4l2016_Moriondbkgd_mmee.root:/data_MuonEG_Run2016D-HIPM_UL2016_MiniAODv2-v2
hadd Target path: Hists27Oct2025-ZZ4l2016_Moriondbkgd_mmee.root:/data_MuonEG_Run2016E-HIPM_UL2016_MiniAODv2-v2
hadd Target path: Hists27Oct2025-ZZ4l2016_Moriondbkgd_mmee.root:/data_MuonEG_Run2016F-HIPM_UL2016_MiniAODv2-v2
hadd Target path: Hists27Oct2025-ZZ4l2016_Moriondbkgd_mmee.root:/WWZ
hadd Target path: Hists27Oct2025-ZZ4l2016_Moriondbkgd_mmee.root:/WZZ
hadd Target path: Hists27Oct2025-ZZ4l2016_Moriondbkgd_mmee.root:/ZZZ
hadd Target path: Hists27Oct2025-ZZ4l2016_Moriondbkgd_mmee.root:/ttZ-jets
hadd Target path: Hists27Oct2025-ZZ4l2016_Moriondbkgd_mmee.root:/tt-jets
hadd Target path: Hists27Oct2025-ZZ4l2016_Moriondbkgd_mmee.root:/wz3lnu-amcnlo
hadd Target path: Hists27Oct2025-ZZ4l2016_Moriondbkgd_mmee.root:/DYJetsToLL_M10to-50
hadd Target path: Hists27Oct2025-ZZ4l2016_Moriondbkgd_mmee.root:/ggZZ4e
hadd Target path: Hists27Oct2025-ZZ4l2016_Moriondbkgd_mmee.root:/ggZZ2e2mu
hadd Target path: Hists27Oct2025-ZZ4l2016_Moriondbkgd_mmee.root:/ggZZ4m
hadd Target path: Hists27Oct2025-ZZ4l2016_Moriondbkgd_mmee.root:/ggZZ4tau
hadd Target path: Hists27Oct2025-ZZ4l2016_Moriondbkgd_mmee.root:/ggZZ2e2tau
hadd Target path: Hists27Oct2025-ZZ4l2016_Moriondbkgd_mmee.root:/ggZZ2mu2tau
hadd Target path: Hists27Oct2025-ZZ4l2016_Moriondbkgd_mmee.root:/zz4l-powheg
hadd Target file: Hists27Oct2025-ZZ4l2016_Moriondbkgd_mmmm.root
hadd compression setting for all output: 1
hadd Source file 1: temp_ZTZT_Hists27Oct2025-ZZ4l2016_Moriondbkgd.root
hadd Source file 2: temp_ZTZ0_Hists27Oct2025-ZZ4l2016_Moriondbkgd.root
hadd Source file 3: temp_Z0ZT_Hists27Oct2025-ZZ4l2016_Moriondbkgd.root
hadd Source file 4: temp_Z0Z0_Hists27Oct2025-ZZ4l2016_Moriondbkgd.root
hadd Source file 5: temp_data_SingleElectron_Run2016B-ver2_HIPM_UL2016_MiniAODv2-v2_Hists27Oct2025-ZZ4l2016_Moriondbkgd.root
hadd Source file 6: temp_data_SingleElectron_Run2016C-HIPM_UL2016_MiniAODv2-v2_Hists27Oct2025-ZZ4l2016_Moriondbkgd.root
hadd Source file 7: temp_data_SingleElectron_Run2016D-HIPM_UL2016_MiniAODv2-v2_Hists27Oct2025-ZZ4l2016_Moriondbkgd.root
hadd Source file 8: temp_data_SingleElectron_Run2016E-HIPM_UL2016_MiniAODv2-v5_Hists27Oct2025-ZZ4l2016_Moriondbkgd.root
hadd Source file 9: temp_data_SingleElectron__Run2016F-HIPM_UL2016_MiniAODv2-v2_Hists27Oct2025-ZZ4l2016_Moriondbkgd.root
hadd Source file 10: temp_data_DoubleEG_Run2016B-ver2_HIPM_UL2016_MiniAODv2-v3_Hists27Oct2025-ZZ4l2016_Moriondbkgd.root
hadd Source file 11: temp_data_DoubleEG_Run2016C-HIPM_UL2016_MiniAODv2-v1_Hists27Oct2025-ZZ4l2016_Moriondbkgd.root
hadd Source file 12: temp_data_DoubleEG_Run2016D-HIPM_UL2016_MiniAODv2-v1_Hists27Oct2025-ZZ4l2016_Moriondbkgd.root
hadd Source file 13: temp_data_DoubleEG_Run2016E-HIPM_UL2016_MiniAODv2-v1_Hists27Oct2025-ZZ4l2016_Moriondbkgd.root
hadd Source file 14: temp_data_DoubleEG_Run2016F-HIPM_UL2016_MiniAODv2-v1_Hists27Oct2025-ZZ4l2016_Moriondbkgd.root
hadd Source file 15: temp_data_SingleMuon_Run2016B-ver2_HIPM_UL2016_MiniAODv2-v2_Hists27Oct2025-ZZ4l2016_Moriondbkgd.root
hadd Source file 16: temp_data_SingleMuon_Run2016C-HIPM_UL2016_MiniAODv2-v2_Hists27Oct2025-ZZ4l2016_Moriondbkgd.root
hadd Source file 17: temp_data_SingleMuon_Run2016D-HIPM_UL2016_MiniAODv2-v2_Hists27Oct2025-ZZ4l2016_Moriondbkgd.root
hadd Source file 18: temp_data_SingleMuon_Run2016E-HIPM_UL2016_MiniAODv2-v2_Hists27Oct2025-ZZ4l2016_Moriondbkgd.root
hadd Source file 19: temp_data_SingleMuon_Run2016F-HIPM_UL2016_MiniAODv2-v2_Hists27Oct2025-ZZ4l2016_Moriondbkgd.root
hadd Source file 20: temp_data_DoubleMuon_Run2016B-ver2_HIPM_UL2016_MiniAODv2-v1_Hists27Oct2025-ZZ4l2016_Moriondbkgd.root
hadd Source file 21: temp_data_DoubleMuon_Run2016C-HIPM_UL2016_MiniAODv2-v1_Hists27Oct2025-ZZ4l2016_Moriondbkgd.root
hadd Source file 22: temp_data_DoubleMuon_Run2016D-HIPM_UL2016_MiniAODv2-v1_Hists27Oct2025-ZZ4l2016_Moriondbkgd.root
hadd Source file 23: temp_data_DoubleMuon_Run2016E-HIPM_UL2016_MiniAODv2-v1_Hists27Oct2025-ZZ4l2016_Moriondbkgd.root
hadd Source file 24: temp_data_DoubleMuon_Run2016F-HIPM_UL2016_MiniAODv2-v1_Hists27Oct2025-ZZ4l2016_Moriondbkgd.root
hadd Source file 25: temp_data_MuonEG_Run2016B-ver2_HIPM_UL2016_MiniAODv2-v2_Hists27Oct2025-ZZ4l2016_Moriondbkgd.root
hadd Source file 26: temp_data_MuonEG_Run2016C-HIPM_UL2016_MiniAODv2-v2_Hists27Oct2025-ZZ4l2016_Moriondbkgd.root
hadd Source file 27: temp_data_MuonEG_Run2016D-HIPM_UL2016_MiniAODv2-v2_Hists27Oct2025-ZZ4l2016_Moriondbkgd.root
hadd Source file 28: temp_data_MuonEG_Run2016E-HIPM_UL2016_MiniAODv2-v2_Hists27Oct2025-ZZ4l2016_Moriondbkgd.root
hadd Source file 29: temp_data_MuonEG_Run2016F-HIPM_UL2016_MiniAODv2-v2_Hists27Oct2025-ZZ4l2016_Moriondbkgd.root
hadd Source file 30: temp_WWZ_Hists27Oct2025-ZZ4l2016_Moriondbkgd.root
hadd Source file 31: temp_WZZ_Hists27Oct2025-ZZ4l2016_Moriondbkgd.root
hadd Source file 32: temp_ZZZ_Hists27Oct2025-ZZ4l2016_Moriondbkgd.root
hadd Source file 33: temp_ttZ-jets_Hists27Oct2025-ZZ4l2016_Moriondbkgd.root
hadd Source file 34: temp_tt-jets_Hists27Oct2025-ZZ4l2016_Moriondbkgd.root
hadd Source file 35: temp_wz3lnu-amcnlo_Hists27Oct2025-ZZ4l2016_Moriondbkgd.root
hadd Source file 36: temp_DYJetsToLL_M10to-50_Hists27Oct2025-ZZ4l2016_Moriondbkgd.root
hadd Source file 37: temp_ggZZ4e_Hists27Oct2025-ZZ4l2016_Moriondbkgd.root
hadd Source file 38: temp_ggZZ2e2mu_Hists27Oct2025-ZZ4l2016_Moriondbkgd.root
hadd Source file 39: temp_ggZZ4m_Hists27Oct2025-ZZ4l2016_Moriondbkgd.root
hadd Source file 40: temp_ggZZ4tau_Hists27Oct2025-ZZ4l2016_Moriondbkgd.root
hadd Source file 41: temp_ggZZ2e2tau_Hists27Oct2025-ZZ4l2016_Moriondbkgd.root
hadd Source file 42: temp_ggZZ2mu2tau_Hists27Oct2025-ZZ4l2016_Moriondbkgd.root
hadd Source file 43: temp_zz4l-powheg_Hists27Oct2025-ZZ4l2016_Moriondbkgd.root
hadd Target path: Hists27Oct2025-ZZ4l2016_Moriondbkgd_mmmm.root:/
hadd Target path: Hists27Oct2025-ZZ4l2016_Moriondbkgd_mmmm.root:/ZTZT
hadd Target path: Hists27Oct2025-ZZ4l2016_Moriondbkgd_mmmm.root:/ZTZ0
hadd Target path: Hists27Oct2025-ZZ4l2016_Moriondbkgd_mmmm.root:/Z0ZT
hadd Target path: Hists27Oct2025-ZZ4l2016_Moriondbkgd_mmmm.root:/Z0Z0
hadd Target path: Hists27Oct2025-ZZ4l2016_Moriondbkgd_mmmm.root:/data_SingleElectron_Run2016B-ver2_HIPM_UL2016_MiniAODv2-v2
hadd Target path: Hists27Oct2025-ZZ4l2016_Moriondbkgd_mmmm.root:/data_SingleElectron_Run2016C-HIPM_UL2016_MiniAODv2-v2
hadd Target path: Hists27Oct2025-ZZ4l2016_Moriondbkgd_mmmm.root:/data_SingleElectron_Run2016D-HIPM_UL2016_MiniAODv2-v2
hadd Target path: Hists27Oct2025-ZZ4l2016_Moriondbkgd_mmmm.root:/data_SingleElectron_Run2016E-HIPM_UL2016_MiniAODv2-v5
hadd Target path: Hists27Oct2025-ZZ4l2016_Moriondbkgd_mmmm.root:/data_SingleElectron__Run2016F-HIPM_UL2016_MiniAODv2-v2
hadd Target path: Hists27Oct2025-ZZ4l2016_Moriondbkgd_mmmm.root:/data_DoubleEG_Run2016B-ver2_HIPM_UL2016_MiniAODv2-v3
hadd Target path: Hists27Oct2025-ZZ4l2016_Moriondbkgd_mmmm.root:/data_DoubleEG_Run2016C-HIPM_UL2016_MiniAODv2-v1
hadd Target path: Hists27Oct2025-ZZ4l2016_Moriondbkgd_mmmm.root:/data_DoubleEG_Run2016D-HIPM_UL2016_MiniAODv2-v1
hadd Target path: Hists27Oct2025-ZZ4l2016_Moriondbkgd_mmmm.root:/data_DoubleEG_Run2016E-HIPM_UL2016_MiniAODv2-v1
hadd Target path: Hists27Oct2025-ZZ4l2016_Moriondbkgd_mmmm.root:/data_DoubleEG_Run2016F-HIPM_UL2016_MiniAODv2-v1
hadd Target path: Hists27Oct2025-ZZ4l2016_Moriondbkgd_mmmm.root:/data_SingleMuon_Run2016B-ver2_HIPM_UL2016_MiniAODv2-v2
hadd Target path: Hists27Oct2025-ZZ4l2016_Moriondbkgd_mmmm.root:/data_SingleMuon_Run2016C-HIPM_UL2016_MiniAODv2-v2
hadd Target path: Hists27Oct2025-ZZ4l2016_Moriondbkgd_mmmm.root:/data_SingleMuon_Run2016D-HIPM_UL2016_MiniAODv2-v2
hadd Target path: Hists27Oct2025-ZZ4l2016_Moriondbkgd_mmmm.root:/data_SingleMuon_Run2016E-HIPM_UL2016_MiniAODv2-v2
hadd Target path: Hists27Oct2025-ZZ4l2016_Moriondbkgd_mmmm.root:/data_SingleMuon_Run2016F-HIPM_UL2016_MiniAODv2-v2
hadd Target path: Hists27Oct2025-ZZ4l2016_Moriondbkgd_mmmm.root:/data_DoubleMuon_Run2016B-ver2_HIPM_UL2016_MiniAODv2-v1
hadd Target path: Hists27Oct2025-ZZ4l2016_Moriondbkgd_mmmm.root:/data_DoubleMuon_Run2016C-HIPM_UL2016_MiniAODv2-v1
hadd Target path: Hists27Oct2025-ZZ4l2016_Moriondbkgd_mmmm.root:/data_DoubleMuon_Run2016D-HIPM_UL2016_MiniAODv2-v1
hadd Target path: Hists27Oct2025-ZZ4l2016_Moriondbkgd_mmmm.root:/data_DoubleMuon_Run2016E-HIPM_UL2016_MiniAODv2-v1
hadd Target path: Hists27Oct2025-ZZ4l2016_Moriondbkgd_mmmm.root:/data_DoubleMuon_Run2016F-HIPM_UL2016_MiniAODv2-v1
hadd Target path: Hists27Oct2025-ZZ4l2016_Moriondbkgd_mmmm.root:/data_MuonEG_Run2016B-ver2_HIPM_UL2016_MiniAODv2-v2
hadd Target path: Hists27Oct2025-ZZ4l2016_Moriondbkgd_mmmm.root:/data_MuonEG_Run2016C-HIPM_UL2016_MiniAODv2-v2
hadd Target path: Hists27Oct2025-ZZ4l2016_Moriondbkgd_mmmm.root:/data_MuonEG_Run2016D-HIPM_UL2016_MiniAODv2-v2
hadd Target path: Hists27Oct2025-ZZ4l2016_Moriondbkgd_mmmm.root:/data_MuonEG_Run2016E-HIPM_UL2016_MiniAODv2-v2
hadd Target path: Hists27Oct2025-ZZ4l2016_Moriondbkgd_mmmm.root:/data_MuonEG_Run2016F-HIPM_UL2016_MiniAODv2-v2
hadd Target path: Hists27Oct2025-ZZ4l2016_Moriondbkgd_mmmm.root:/WWZ
hadd Target path: Hists27Oct2025-ZZ4l2016_Moriondbkgd_mmmm.root:/WZZ
hadd Target path: Hists27Oct2025-ZZ4l2016_Moriondbkgd_mmmm.root:/ZZZ
hadd Target path: Hists27Oct2025-ZZ4l2016_Moriondbkgd_mmmm.root:/ttZ-jets
hadd Target path: Hists27Oct2025-ZZ4l2016_Moriondbkgd_mmmm.root:/tt-jets
hadd Target path: Hists27Oct2025-ZZ4l2016_Moriondbkgd_mmmm.root:/wz3lnu-amcnlo
hadd Target path: Hists27Oct2025-ZZ4l2016_Moriondbkgd_mmmm.root:/DYJetsToLL_M10to-50
hadd Target path: Hists27Oct2025-ZZ4l2016_Moriondbkgd_mmmm.root:/ggZZ4e
hadd Target path: Hists27Oct2025-ZZ4l2016_Moriondbkgd_mmmm.root:/ggZZ2e2mu
hadd Target path: Hists27Oct2025-ZZ4l2016_Moriondbkgd_mmmm.root:/ggZZ4m
hadd Target path: Hists27Oct2025-ZZ4l2016_Moriondbkgd_mmmm.root:/ggZZ4tau
hadd Target path: Hists27Oct2025-ZZ4l2016_Moriondbkgd_mmmm.root:/ggZZ2e2tau
hadd Target path: Hists27Oct2025-ZZ4l2016_Moriondbkgd_mmmm.root:/ggZZ2mu2tau
hadd Target path: Hists27Oct2025-ZZ4l2016_Moriondbkgd_mmmm.root:/zz4l-powheg
hadd Target file: Hists27Oct2025-ZZ4l2016_Moriondbkgd.root
hadd compression setting for all output: 1
hadd Source file 1: Hists27Oct2025-ZZ4l2016_Moriondbkgd_eeee.root
hadd Source file 2: Hists27Oct2025-ZZ4l2016_Moriondbkgd_eemm.root
hadd Source file 3: Hists27Oct2025-ZZ4l2016_Moriondbkgd_mmee.root
hadd Source file 4: Hists27Oct2025-ZZ4l2016_Moriondbkgd_mmmm.root
hadd Target path: Hists27Oct2025-ZZ4l2016_Moriondbkgd.root:/
hadd Target path: Hists27Oct2025-ZZ4l2016_Moriondbkgd.root:/ZTZT
hadd Target path: Hists27Oct2025-ZZ4l2016_Moriondbkgd.root:/ZTZ0
hadd Target path: Hists27Oct2025-ZZ4l2016_Moriondbkgd.root:/Z0ZT
hadd Target path: Hists27Oct2025-ZZ4l2016_Moriondbkgd.root:/Z0Z0
hadd Target path: Hists27Oct2025-ZZ4l2016_Moriondbkgd.root:/data_SingleElectron_Run2016B-ver2_HIPM_UL2016_MiniAODv2-v2
hadd Target path: Hists27Oct2025-ZZ4l2016_Moriondbkgd.root:/data_SingleElectron_Run2016C-HIPM_UL2016_MiniAODv2-v2
hadd Target path: Hists27Oct2025-ZZ4l2016_Moriondbkgd.root:/data_SingleElectron_Run2016D-HIPM_UL2016_MiniAODv2-v2
hadd Target path: Hists27Oct2025-ZZ4l2016_Moriondbkgd.root:/data_SingleElectron_Run2016E-HIPM_UL2016_MiniAODv2-v5
hadd Target path: Hists27Oct2025-ZZ4l2016_Moriondbkgd.root:/data_SingleElectron__Run2016F-HIPM_UL2016_MiniAODv2-v2
hadd Target path: Hists27Oct2025-ZZ4l2016_Moriondbkgd.root:/data_DoubleEG_Run2016B-ver2_HIPM_UL2016_MiniAODv2-v3
hadd Target path: Hists27Oct2025-ZZ4l2016_Moriondbkgd.root:/data_DoubleEG_Run2016C-HIPM_UL2016_MiniAODv2-v1
hadd Target path: Hists27Oct2025-ZZ4l2016_Moriondbkgd.root:/data_DoubleEG_Run2016D-HIPM_UL2016_MiniAODv2-v1
hadd Target path: Hists27Oct2025-ZZ4l2016_Moriondbkgd.root:/data_DoubleEG_Run2016E-HIPM_UL2016_MiniAODv2-v1
hadd Target path: Hists27Oct2025-ZZ4l2016_Moriondbkgd.root:/data_DoubleEG_Run2016F-HIPM_UL2016_MiniAODv2-v1
hadd Target path: Hists27Oct2025-ZZ4l2016_Moriondbkgd.root:/data_SingleMuon_Run2016B-ver2_HIPM_UL2016_MiniAODv2-v2
hadd Target path: Hists27Oct2025-ZZ4l2016_Moriondbkgd.root:/data_SingleMuon_Run2016C-HIPM_UL2016_MiniAODv2-v2
hadd Target path: Hists27Oct2025-ZZ4l2016_Moriondbkgd.root:/data_SingleMuon_Run2016D-HIPM_UL2016_MiniAODv2-v2
hadd Target path: Hists27Oct2025-ZZ4l2016_Moriondbkgd.root:/data_SingleMuon_Run2016E-HIPM_UL2016_MiniAODv2-v2
hadd Target path: Hists27Oct2025-ZZ4l2016_Moriondbkgd.root:/data_SingleMuon_Run2016F-HIPM_UL2016_MiniAODv2-v2
hadd Target path: Hists27Oct2025-ZZ4l2016_Moriondbkgd.root:/data_DoubleMuon_Run2016B-ver2_HIPM_UL2016_MiniAODv2-v1
hadd Target path: Hists27Oct2025-ZZ4l2016_Moriondbkgd.root:/data_DoubleMuon_Run2016C-HIPM_UL2016_MiniAODv2-v1
hadd Target path: Hists27Oct2025-ZZ4l2016_Moriondbkgd.root:/data_DoubleMuon_Run2016D-HIPM_UL2016_MiniAODv2-v1
hadd Target path: Hists27Oct2025-ZZ4l2016_Moriondbkgd.root:/data_DoubleMuon_Run2016E-HIPM_UL2016_MiniAODv2-v1
hadd Target path: Hists27Oct2025-ZZ4l2016_Moriondbkgd.root:/data_DoubleMuon_Run2016F-HIPM_UL2016_MiniAODv2-v1
hadd Target path: Hists27Oct2025-ZZ4l2016_Moriondbkgd.root:/data_MuonEG_Run2016B-ver2_HIPM_UL2016_MiniAODv2-v2
hadd Target path: Hists27Oct2025-ZZ4l2016_Moriondbkgd.root:/data_MuonEG_Run2016C-HIPM_UL2016_MiniAODv2-v2
hadd Target path: Hists27Oct2025-ZZ4l2016_Moriondbkgd.root:/data_MuonEG_Run2016D-HIPM_UL2016_MiniAODv2-v2
hadd Target path: Hists27Oct2025-ZZ4l2016_Moriondbkgd.root:/data_MuonEG_Run2016E-HIPM_UL2016_MiniAODv2-v2
hadd Target path: Hists27Oct2025-ZZ4l2016_Moriondbkgd.root:/data_MuonEG_Run2016F-HIPM_UL2016_MiniAODv2-v2
hadd Target path: Hists27Oct2025-ZZ4l2016_Moriondbkgd.root:/WWZ
hadd Target path: Hists27Oct2025-ZZ4l2016_Moriondbkgd.root:/WZZ
hadd Target path: Hists27Oct2025-ZZ4l2016_Moriondbkgd.root:/ZZZ
hadd Target path: Hists27Oct2025-ZZ4l2016_Moriondbkgd.root:/ttZ-jets
hadd Target path: Hists27Oct2025-ZZ4l2016_Moriondbkgd.root:/tt-jets
hadd Target path: Hists27Oct2025-ZZ4l2016_Moriondbkgd.root:/wz3lnu-amcnlo
hadd Target path: Hists27Oct2025-ZZ4l2016_Moriondbkgd.root:/DYJetsToLL_M10to-50
hadd Target path: Hists27Oct2025-ZZ4l2016_Moriondbkgd.root:/ggZZ4e
hadd Target path: Hists27Oct2025-ZZ4l2016_Moriondbkgd.root:/ggZZ2e2mu
hadd Target path: Hists27Oct2025-ZZ4l2016_Moriondbkgd.root:/ggZZ4m
hadd Target path: Hists27Oct2025-ZZ4l2016_Moriondbkgd.root:/ggZZ4tau
hadd Target path: Hists27Oct2025-ZZ4l2016_Moriondbkgd.root:/ggZZ2e2tau
hadd Target path: Hists27Oct2025-ZZ4l2016_Moriondbkgd.root:/ggZZ2mu2tau
hadd Target path: Hists27Oct2025-ZZ4l2016_Moriondbkgd.root:/zz4l-powheg
hadd Target file: Hists27Oct2025-ZZ4l2016_Moriond.root
hadd compression setting for all output: 1
hadd Source file 1: Hists27Oct2025-ZZ4l2016_Moriondsel.root
hadd Source file 2: Hists27Oct2025-ZZ4l2016_Moriondbkgd.root
hadd Target path: Hists27Oct2025-ZZ4l2016_Moriond.root:/
hadd Target path: Hists27Oct2025-ZZ4l2016_Moriond.root:/ZTZT
hadd Target path: Hists27Oct2025-ZZ4l2016_Moriond.root:/ZTZ0
hadd Target path: Hists27Oct2025-ZZ4l2016_Moriond.root:/Z0ZT
hadd Target path: Hists27Oct2025-ZZ4l2016_Moriond.root:/Z0Z0
hadd Target path: Hists27Oct2025-ZZ4l2016_Moriond.root:/data_SingleElectron_Run2016B-ver2_HIPM_UL2016_MiniAODv2-v2
hadd Target path: Hists27Oct2025-ZZ4l2016_Moriond.root:/data_SingleElectron_Run2016C-HIPM_UL2016_MiniAODv2-v2
hadd Target path: Hists27Oct2025-ZZ4l2016_Moriond.root:/data_SingleElectron_Run2016D-HIPM_UL2016_MiniAODv2-v2
hadd Target path: Hists27Oct2025-ZZ4l2016_Moriond.root:/data_SingleElectron_Run2016E-HIPM_UL2016_MiniAODv2-v5
hadd Target path: Hists27Oct2025-ZZ4l2016_Moriond.root:/data_SingleElectron__Run2016F-HIPM_UL2016_MiniAODv2-v2
hadd Target path: Hists27Oct2025-ZZ4l2016_Moriond.root:/data_DoubleEG_Run2016B-ver2_HIPM_UL2016_MiniAODv2-v3
hadd Target path: Hists27Oct2025-ZZ4l2016_Moriond.root:/data_DoubleEG_Run2016C-HIPM_UL2016_MiniAODv2-v1
hadd Target path: Hists27Oct2025-ZZ4l2016_Moriond.root:/data_DoubleEG_Run2016D-HIPM_UL2016_MiniAODv2-v1
hadd Target path: Hists27Oct2025-ZZ4l2016_Moriond.root:/data_DoubleEG_Run2016E-HIPM_UL2016_MiniAODv2-v1
hadd Target path: Hists27Oct2025-ZZ4l2016_Moriond.root:/data_DoubleEG_Run2016F-HIPM_UL2016_MiniAODv2-v1
hadd Target path: Hists27Oct2025-ZZ4l2016_Moriond.root:/data_SingleMuon_Run2016B-ver2_HIPM_UL2016_MiniAODv2-v2
hadd Target path: Hists27Oct2025-ZZ4l2016_Moriond.root:/data_SingleMuon_Run2016C-HIPM_UL2016_MiniAODv2-v2
hadd Target path: Hists27Oct2025-ZZ4l2016_Moriond.root:/data_SingleMuon_Run2016D-HIPM_UL2016_MiniAODv2-v2
hadd Target path: Hists27Oct2025-ZZ4l2016_Moriond.root:/data_SingleMuon_Run2016E-HIPM_UL2016_MiniAODv2-v2
hadd Target path: Hists27Oct2025-ZZ4l2016_Moriond.root:/data_SingleMuon_Run2016F-HIPM_UL2016_MiniAODv2-v2
hadd Target path: Hists27Oct2025-ZZ4l2016_Moriond.root:/data_DoubleMuon_Run2016B-ver2_HIPM_UL2016_MiniAODv2-v1
hadd Target path: Hists27Oct2025-ZZ4l2016_Moriond.root:/data_DoubleMuon_Run2016C-HIPM_UL2016_MiniAODv2-v1
hadd Target path: Hists27Oct2025-ZZ4l2016_Moriond.root:/data_DoubleMuon_Run2016D-HIPM_UL2016_MiniAODv2-v1
hadd Target path: Hists27Oct2025-ZZ4l2016_Moriond.root:/data_DoubleMuon_Run2016E-HIPM_UL2016_MiniAODv2-v1
hadd Target path: Hists27Oct2025-ZZ4l2016_Moriond.root:/data_DoubleMuon_Run2016F-HIPM_UL2016_MiniAODv2-v1
hadd Target path: Hists27Oct2025-ZZ4l2016_Moriond.root:/data_MuonEG_Run2016B-ver2_HIPM_UL2016_MiniAODv2-v2
hadd Target path: Hists27Oct2025-ZZ4l2016_Moriond.root:/data_MuonEG_Run2016C-HIPM_UL2016_MiniAODv2-v2
hadd Target path: Hists27Oct2025-ZZ4l2016_Moriond.root:/data_MuonEG_Run2016D-HIPM_UL2016_MiniAODv2-v2
hadd Target path: Hists27Oct2025-ZZ4l2016_Moriond.root:/data_MuonEG_Run2016E-HIPM_UL2016_MiniAODv2-v2
hadd Target path: Hists27Oct2025-ZZ4l2016_Moriond.root:/data_MuonEG_Run2016F-HIPM_UL2016_MiniAODv2-v2
hadd Target path: Hists27Oct2025-ZZ4l2016_Moriond.root:/WWZ
hadd Target path: Hists27Oct2025-ZZ4l2016_Moriond.root:/WZZ
hadd Target path: Hists27Oct2025-ZZ4l2016_Moriond.root:/ZZZ
hadd Target path: Hists27Oct2025-ZZ4l2016_Moriond.root:/ttZ-jets
hadd Target path: Hists27Oct2025-ZZ4l2016_Moriond.root:/tt-jets
hadd Target path: Hists27Oct2025-ZZ4l2016_Moriond.root:/wz3lnu-amcnlo
hadd Target path: Hists27Oct2025-ZZ4l2016_Moriond.root:/DYJetsToLL_M10to-50
hadd Target path: Hists27Oct2025-ZZ4l2016_Moriond.root:/ggZZ4e
hadd Target path: Hists27Oct2025-ZZ4l2016_Moriond.root:/ggZZ2e2mu
hadd Target path: Hists27Oct2025-ZZ4l2016_Moriond.root:/ggZZ4m
hadd Target path: Hists27Oct2025-ZZ4l2016_Moriond.root:/ggZZ4tau
hadd Target path: Hists27Oct2025-ZZ4l2016_Moriond.root:/ggZZ2e2tau
hadd Target path: Hists27Oct2025-ZZ4l2016_Moriond.root:/ggZZ2mu2tau
hadd Target path: Hists27Oct2025-ZZ4l2016_Moriond.root:/zz4l-powheg
Job done!!===================================
