nohup: ignoring input
Error in <TFile::Get>: Unexpected type of TDirectoryFile::fKeys!
Error in <TFile::Get>: Unexpected type of TDirectoryFile::fKeys!
Error in <TFile::GetObjectChecked>: Unexpected type of TDirectoryFile::fKeys!
Error in <TFile::GetObjectChecked>: Unexpected type of TDirectoryFile::fKeys!
Error in <TFile::Get>: Unexpected type of TDirectoryFile::fKeys!
Error in <TFile::GetObjectChecked>: Unexpected type of TDirectoryFile::fKeys!
Error in <TFile::Get>: Unexpected type of TDirectoryFile::fKeys!
Error in <TFile::GetObjectChecked>: Unexpected type of TDirectoryFile::fKeys!
Info in <TCanvas::MakeDefCanvas>:  created default TCanvas with name c1
Info in <TCanvas::MakeDefCanvas>:  created default TCanvas with name c1
Info in <TCanvas::MakeDefCanvas>:  created default TCanvas with name c1
Info in <TCanvas::MakeDefCanvas>:  created default TCanvas with name c1
Error in <TFile::Get>: Unexpected type of TDirectoryFile::fKeys!
Error in <TFile::GetObjectChecked>: Unexpected type of TDirectoryFile::fKeys!
Info in <TCanvas::MakeDefCanvas>:  created default TCanvas with name c1
Error in <TFile::Get>: Unexpected type of TDirectoryFile::fKeys!
Error in <TFile::GetObjectChecked>: Unexpected type of TDirectoryFile::fKeys!
Info in <TCanvas::MakeDefCanvas>:  created default TCanvas with name c1
Error in <TFile::Get>: Unexpected type of TDirectoryFile::fKeys!
Error in <TFile::GetObjectChecked>: Unexpected type of TDirectoryFile::fKeys!
Info in <TCanvas::MakeDefCanvas>:  created default TCanvas with name c1
Error in <TFile::Get>: Unexpected type of TDirectoryFile::fKeys!
Error in <TFile::GetObjectChecked>: Unexpected type of TDirectoryFile::fKeys!
Info in <TCanvas::MakeDefCanvas>:  created default TCanvas with name c1
Error in <TFile::Get>: Unexpected type of TDirectoryFile::fKeys!
Error in <TFile::GetObjectChecked>: Unexpected type of TDirectoryFile::fKeys!
TROOT::Append:0: RuntimeWarning: Replacing existing TH1: sumweights (Potential memory leak).
WARNING:root:No output found for dataset tt-jets
WARNING:root:Skipping dataset tt-jets
Error in <TFile::Get>: Unexpected type of TDirectoryFile::fKeys!
Error in <TFile::GetObjectChecked>: Unexpected type of TDirectoryFile::fKeys!
WARNING:root:No output found for dataset wz3lnu-amcnlo
WARNING:root:Skipping dataset wz3lnu-amcnlo
Error in <TFile::Get>: Unexpected type of TDirectoryFile::fKeys!
Error in <TFile::GetObjectChecked>: Unexpected type of TDirectoryFile::fKeys!
Error in <TFile::Get>: Unexpected type of TDirectoryFile::fKeys!
Error in <TFile::GetObjectChecked>: Unexpected type of TDirectoryFile::fKeys!
Error in <TFile::Get>: Unexpected type of TDirectoryFile::fKeys!
Error in <TFile::GetObjectChecked>: Unexpected type of TDirectoryFile::fKeys!
Info in <TCanvas::MakeDefCanvas>:  created default TCanvas with name c1
Error in <TFile::Get>: Unexpected type of TDirectoryFile::fKeys!
Error in <TFile::GetObjectChecked>: Unexpected type of TDirectoryFile::fKeys!
TROOT::Append:0: RuntimeWarning: Replacing existing TH1: sumweights (Potential memory leak).
Error in <TFile::Get>: Unexpected type of TDirectoryFile::fKeys!
Error in <TFile::GetObjectChecked>: Unexpected type of TDirectoryFile::fKeys!
TROOT::Append:0: RuntimeWarning: Replacing existing TH1: sumweights (Potential memory leak).
Error in <TFile::Get>: Unexpected type of TDirectoryFile::fKeys!
Error in <TFile::GetObjectChecked>: Unexpected type of TDirectoryFile::fKeys!
TROOT::Append:0: RuntimeWarning: Replacing existing TH1: sumweights (Potential memory leak).
Error in <TFile::Get>: Unexpected type of TDirectoryFile::fKeys!
Error in <TFile::GetObjectChecked>: Unexpected type of TDirectoryFile::fKeys!
TROOT::Append:0: RuntimeWarning: Replacing existing TH1: sumweights (Potential memory leak).
Error in <TFile::Get>: Unexpected type of TDirectoryFile::fKeys!
Error in <TFile::GetObjectChecked>: Unexpected type of TDirectoryFile::fKeys!
TROOT::Append:0: RuntimeWarning: Replacing existing TH1: sumweights (Potential memory leak).
Info in <TCanvas::MakeDefCanvas>:  created default TCanvas with name c1
hadd Target file: Hists09Nov2025-ZZ4l2016_Moriondsel_eeee.root
hadd compression setting for all output: 1
hadd Source file 1: temp_ZTZT_Hists09Nov2025-ZZ4l2016_Moriondsel.root
hadd Source file 2: temp_ZTZ0_Hists09Nov2025-ZZ4l2016_Moriondsel.root
hadd Source file 3: temp_Z0ZT_Hists09Nov2025-ZZ4l2016_Moriondsel.root
hadd Source file 4: temp_Z0Z0_Hists09Nov2025-ZZ4l2016_Moriondsel.root
hadd Source file 5: temp_data_SingleElectron_Run2016F_UL2016_MiniAODv2-v2_Hists09Nov2025-ZZ4l2016_Moriondsel.root
hadd Source file 6: temp_data_SingleElectron_Run2016G_UL2016_MiniAODv2-v2_Hists09Nov2025-ZZ4l2016_Moriondsel.root
hadd Source file 7: temp_data_SingleElectron_Run2016H_UL2016_MiniAODv2-v2_Hists09Nov2025-ZZ4l2016_Moriondsel.root
hadd Source file 8: temp_data_DoubleEG_Run2016F_UL2016_MiniAODv2-v1_Hists09Nov2025-ZZ4l2016_Moriondsel.root
hadd Source file 9: temp_data_DoubleEG_Run2016G_UL2016_MiniAODv2-v1_Hists09Nov2025-ZZ4l2016_Moriondsel.root
hadd Source file 10: temp_data_DoubleEG_Run2016H_UL2016_MiniAODv2-v1_Hists09Nov2025-ZZ4l2016_Moriondsel.root
hadd Source file 11: temp_data_SingleMuon_Run2016F_UL2016_MiniAODv2-v2_Hists09Nov2025-ZZ4l2016_Moriondsel.root
hadd Source file 12: temp_data_SingleMuon_Run2016G_UL2016_MiniAODv2-v2_Hists09Nov2025-ZZ4l2016_Moriondsel.root
hadd Source file 13: temp_data_SingleMuon_Run2016H_UL2016_MiniAODv2-v2_Hists09Nov2025-ZZ4l2016_Moriondsel.root
hadd Source file 14: temp_data_DoubleMuon_Run2016F_UL2016_MiniAODv2-v1_Hists09Nov2025-ZZ4l2016_Moriondsel.root
hadd Source file 15: temp_data_DoubleMuon_Run2016G_UL2016_MiniAODv2-v1_Hists09Nov2025-ZZ4l2016_Moriondsel.root
hadd Source file 16: temp_data_DoubleMuon_Run2016H_UL2016_MiniAODv2-v1_Hists09Nov2025-ZZ4l2016_Moriondsel.root
hadd Source file 17: temp_data_MuonEG_Run2016F_UL2016_MiniAODv2-v2_Hists09Nov2025-ZZ4l2016_Moriondsel.root
hadd Source file 18: temp_data_MuonEG_Run2016G_UL2016_MiniAODv2-v2_Hists09Nov2025-ZZ4l2016_Moriondsel.root
hadd Source file 19: temp_data_MuonEG_Run2016H_UL2016_MiniAODv2-v2_Hists09Nov2025-ZZ4l2016_Moriondsel.root
hadd Source file 20: temp_WWZ_Hists09Nov2025-ZZ4l2016_Moriondsel.root
hadd Source file 21: temp_WZZ_Hists09Nov2025-ZZ4l2016_Moriondsel.root
hadd Source file 22: temp_ZZZ_Hists09Nov2025-ZZ4l2016_Moriondsel.root
hadd Source file 23: temp_ttZ-jets_Hists09Nov2025-ZZ4l2016_Moriondsel.root
hadd Source file 24: temp_DYJetsToLL_M10to-50_Hists09Nov2025-ZZ4l2016_Moriondsel.root
hadd Source file 25: temp_ggZZ4e_Hists09Nov2025-ZZ4l2016_Moriondsel.root
hadd Source file 26: temp_ggZZ2e2mu_Hists09Nov2025-ZZ4l2016_Moriondsel.root
hadd Source file 27: temp_ggZZ4m_Hists09Nov2025-ZZ4l2016_Moriondsel.root
hadd Source file 28: temp_ggZZ4tau_Hists09Nov2025-ZZ4l2016_Moriondsel.root
hadd Source file 29: temp_ggZZ2e2tau_Hists09Nov2025-ZZ4l2016_Moriondsel.root
hadd Source file 30: temp_ggZZ2mu2tau_Hists09Nov2025-ZZ4l2016_Moriondsel.root
hadd Source file 31: temp_zz4l-powheg_Hists09Nov2025-ZZ4l2016_Moriondsel.root
hadd Target path: Hists09Nov2025-ZZ4l2016_Moriondsel_eeee.root:/
hadd Target path: Hists09Nov2025-ZZ4l2016_Moriondsel_eeee.root:/ZTZT
hadd Target path: Hists09Nov2025-ZZ4l2016_Moriondsel_eeee.root:/ZTZ0
hadd Target path: Hists09Nov2025-ZZ4l2016_Moriondsel_eeee.root:/Z0ZT
hadd Target path: Hists09Nov2025-ZZ4l2016_Moriondsel_eeee.root:/Z0Z0
hadd Target path: Hists09Nov2025-ZZ4l2016_Moriondsel_eeee.root:/data_SingleElectron_Run2016F_UL2016_MiniAODv2-v2
hadd Target path: Hists09Nov2025-ZZ4l2016_Moriondsel_eeee.root:/data_SingleElectron_Run2016G_UL2016_MiniAODv2-v2
hadd Target path: Hists09Nov2025-ZZ4l2016_Moriondsel_eeee.root:/data_SingleElectron_Run2016H_UL2016_MiniAODv2-v2
hadd Target path: Hists09Nov2025-ZZ4l2016_Moriondsel_eeee.root:/data_DoubleEG_Run2016F_UL2016_MiniAODv2-v1
hadd Target path: Hists09Nov2025-ZZ4l2016_Moriondsel_eeee.root:/data_DoubleEG_Run2016G_UL2016_MiniAODv2-v1
hadd Target path: Hists09Nov2025-ZZ4l2016_Moriondsel_eeee.root:/data_DoubleEG_Run2016H_UL2016_MiniAODv2-v1
hadd Target path: Hists09Nov2025-ZZ4l2016_Moriondsel_eeee.root:/data_SingleMuon_Run2016F_UL2016_MiniAODv2-v2
hadd Target path: Hists09Nov2025-ZZ4l2016_Moriondsel_eeee.root:/data_SingleMuon_Run2016G_UL2016_MiniAODv2-v2
hadd Target path: Hists09Nov2025-ZZ4l2016_Moriondsel_eeee.root:/data_SingleMuon_Run2016H_UL2016_MiniAODv2-v2
hadd Target path: Hists09Nov2025-ZZ4l2016_Moriondsel_eeee.root:/data_DoubleMuon_Run2016F_UL2016_MiniAODv2-v1
hadd Target path: Hists09Nov2025-ZZ4l2016_Moriondsel_eeee.root:/data_DoubleMuon_Run2016G_UL2016_MiniAODv2-v1
hadd Target path: Hists09Nov2025-ZZ4l2016_Moriondsel_eeee.root:/data_DoubleMuon_Run2016H_UL2016_MiniAODv2-v1
hadd Target path: Hists09Nov2025-ZZ4l2016_Moriondsel_eeee.root:/data_MuonEG_Run2016F_UL2016_MiniAODv2-v2
hadd Target path: Hists09Nov2025-ZZ4l2016_Moriondsel_eeee.root:/data_MuonEG_Run2016G_UL2016_MiniAODv2-v2
hadd Target path: Hists09Nov2025-ZZ4l2016_Moriondsel_eeee.root:/data_MuonEG_Run2016H_UL2016_MiniAODv2-v2
hadd Target path: Hists09Nov2025-ZZ4l2016_Moriondsel_eeee.root:/WWZ
hadd Target path: Hists09Nov2025-ZZ4l2016_Moriondsel_eeee.root:/WZZ
hadd Target path: Hists09Nov2025-ZZ4l2016_Moriondsel_eeee.root:/ZZZ
hadd Target path: Hists09Nov2025-ZZ4l2016_Moriondsel_eeee.root:/ttZ-jets
hadd Target path: Hists09Nov2025-ZZ4l2016_Moriondsel_eeee.root:/DYJetsToLL_M10to-50
hadd Target path: Hists09Nov2025-ZZ4l2016_Moriondsel_eeee.root:/ggZZ4e
hadd Target path: Hists09Nov2025-ZZ4l2016_Moriondsel_eeee.root:/ggZZ2e2mu
hadd Target path: Hists09Nov2025-ZZ4l2016_Moriondsel_eeee.root:/ggZZ4m
hadd Target path: Hists09Nov2025-ZZ4l2016_Moriondsel_eeee.root:/ggZZ4tau
hadd Target path: Hists09Nov2025-ZZ4l2016_Moriondsel_eeee.root:/ggZZ2e2tau
hadd Target path: Hists09Nov2025-ZZ4l2016_Moriondsel_eeee.root:/ggZZ2mu2tau
hadd Target path: Hists09Nov2025-ZZ4l2016_Moriondsel_eeee.root:/zz4l-powheg
WARNING:root:No output found for dataset tt-jets
WARNING:root:Skipping dataset tt-jets
WARNING:root:No output found for dataset wz3lnu-amcnlo
WARNING:root:Skipping dataset wz3lnu-amcnlo
hadd Target file: Hists09Nov2025-ZZ4l2016_Moriondsel_eemm.root
hadd compression setting for all output: 1
hadd Source file 1: temp_data_SingleElectron_Run2016F_UL2016_MiniAODv2-v2_Hists09Nov2025-ZZ4l2016_Moriondsel.root
hadd Source file 2: temp_data_SingleElectron_Run2016G_UL2016_MiniAODv2-v2_Hists09Nov2025-ZZ4l2016_Moriondsel.root
hadd Source file 3: temp_data_SingleElectron_Run2016H_UL2016_MiniAODv2-v2_Hists09Nov2025-ZZ4l2016_Moriondsel.root
hadd Source file 4: temp_data_DoubleEG_Run2016F_UL2016_MiniAODv2-v1_Hists09Nov2025-ZZ4l2016_Moriondsel.root
hadd Source file 5: temp_data_DoubleEG_Run2016G_UL2016_MiniAODv2-v1_Hists09Nov2025-ZZ4l2016_Moriondsel.root
hadd Source file 6: temp_data_DoubleEG_Run2016H_UL2016_MiniAODv2-v1_Hists09Nov2025-ZZ4l2016_Moriondsel.root
hadd Source file 7: temp_data_SingleMuon_Run2016F_UL2016_MiniAODv2-v2_Hists09Nov2025-ZZ4l2016_Moriondsel.root
hadd Source file 8: temp_data_SingleMuon_Run2016G_UL2016_MiniAODv2-v2_Hists09Nov2025-ZZ4l2016_Moriondsel.root
hadd Source file 9: temp_data_SingleMuon_Run2016H_UL2016_MiniAODv2-v2_Hists09Nov2025-ZZ4l2016_Moriondsel.root
hadd Source file 10: temp_data_DoubleMuon_Run2016F_UL2016_MiniAODv2-v1_Hists09Nov2025-ZZ4l2016_Moriondsel.root
hadd Source file 11: temp_data_DoubleMuon_Run2016G_UL2016_MiniAODv2-v1_Hists09Nov2025-ZZ4l2016_Moriondsel.root
hadd Source file 12: temp_data_DoubleMuon_Run2016H_UL2016_MiniAODv2-v1_Hists09Nov2025-ZZ4l2016_Moriondsel.root
hadd Source file 13: temp_data_MuonEG_Run2016F_UL2016_MiniAODv2-v2_Hists09Nov2025-ZZ4l2016_Moriondsel.root
hadd Source file 14: temp_data_MuonEG_Run2016G_UL2016_MiniAODv2-v2_Hists09Nov2025-ZZ4l2016_Moriondsel.root
hadd Source file 15: temp_data_MuonEG_Run2016H_UL2016_MiniAODv2-v2_Hists09Nov2025-ZZ4l2016_Moriondsel.root
hadd Source file 16: temp_WWZ_Hists09Nov2025-ZZ4l2016_Moriondsel.root
hadd Source file 17: temp_WZZ_Hists09Nov2025-ZZ4l2016_Moriondsel.root
hadd Source file 18: temp_tt-jets_Hists09Nov2025-ZZ4l2016_Moriondsel.root
hadd Source file 19: temp_wz3lnu-amcnlo_Hists09Nov2025-ZZ4l2016_Moriondsel.root
hadd Source file 20: temp_DYJetsToLL_M10to-50_Hists09Nov2025-ZZ4l2016_Moriondsel.root
hadd Source file 21: temp_ggZZ4e_Hists09Nov2025-ZZ4l2016_Moriondsel.root
hadd Source file 22: temp_ggZZ4m_Hists09Nov2025-ZZ4l2016_Moriondsel.root
hadd Source file 23: temp_ggZZ4tau_Hists09Nov2025-ZZ4l2016_Moriondsel.root
hadd Source file 24: temp_ggZZ2e2tau_Hists09Nov2025-ZZ4l2016_Moriondsel.root
hadd Source file 25: temp_ggZZ2mu2tau_Hists09Nov2025-ZZ4l2016_Moriondsel.root
hadd Source file 26: temp_zz4l-powheg_Hists09Nov2025-ZZ4l2016_Moriondsel.root
hadd Target path: Hists09Nov2025-ZZ4l2016_Moriondsel_eemm.root:/
hadd Target path: Hists09Nov2025-ZZ4l2016_Moriondsel_eemm.root:/data_SingleElectron_Run2016F_UL2016_MiniAODv2-v2
hadd Target path: Hists09Nov2025-ZZ4l2016_Moriondsel_eemm.root:/data_SingleElectron_Run2016G_UL2016_MiniAODv2-v2
hadd Target path: Hists09Nov2025-ZZ4l2016_Moriondsel_eemm.root:/data_SingleElectron_Run2016H_UL2016_MiniAODv2-v2
hadd Target path: Hists09Nov2025-ZZ4l2016_Moriondsel_eemm.root:/data_DoubleEG_Run2016F_UL2016_MiniAODv2-v1
hadd Target path: Hists09Nov2025-ZZ4l2016_Moriondsel_eemm.root:/data_DoubleEG_Run2016G_UL2016_MiniAODv2-v1
hadd Target path: Hists09Nov2025-ZZ4l2016_Moriondsel_eemm.root:/data_DoubleEG_Run2016H_UL2016_MiniAODv2-v1
hadd Target path: Hists09Nov2025-ZZ4l2016_Moriondsel_eemm.root:/data_SingleMuon_Run2016F_UL2016_MiniAODv2-v2
hadd Target path: Hists09Nov2025-ZZ4l2016_Moriondsel_eemm.root:/data_SingleMuon_Run2016G_UL2016_MiniAODv2-v2
hadd Target path: Hists09Nov2025-ZZ4l2016_Moriondsel_eemm.root:/data_SingleMuon_Run2016H_UL2016_MiniAODv2-v2
hadd Target path: Hists09Nov2025-ZZ4l2016_Moriondsel_eemm.root:/data_DoubleMuon_Run2016F_UL2016_MiniAODv2-v1
hadd Target path: Hists09Nov2025-ZZ4l2016_Moriondsel_eemm.root:/data_DoubleMuon_Run2016G_UL2016_MiniAODv2-v1
hadd Target path: Hists09Nov2025-ZZ4l2016_Moriondsel_eemm.root:/data_DoubleMuon_Run2016H_UL2016_MiniAODv2-v1
hadd Target path: Hists09Nov2025-ZZ4l2016_Moriondsel_eemm.root:/data_MuonEG_Run2016F_UL2016_MiniAODv2-v2
hadd Target path: Hists09Nov2025-ZZ4l2016_Moriondsel_eemm.root:/data_MuonEG_Run2016G_UL2016_MiniAODv2-v2
hadd Target path: Hists09Nov2025-ZZ4l2016_Moriondsel_eemm.root:/data_MuonEG_Run2016H_UL2016_MiniAODv2-v2
hadd Target path: Hists09Nov2025-ZZ4l2016_Moriondsel_eemm.root:/WWZ
hadd Target path: Hists09Nov2025-ZZ4l2016_Moriondsel_eemm.root:/WZZ
hadd Target path: Hists09Nov2025-ZZ4l2016_Moriondsel_eemm.root:/tt-jets
hadd Target path: Hists09Nov2025-ZZ4l2016_Moriondsel_eemm.root:/wz3lnu-amcnlo
hadd Target path: Hists09Nov2025-ZZ4l2016_Moriondsel_eemm.root:/DYJetsToLL_M10to-50
hadd Target path: Hists09Nov2025-ZZ4l2016_Moriondsel_eemm.root:/ggZZ4e
hadd Target path: Hists09Nov2025-ZZ4l2016_Moriondsel_eemm.root:/ggZZ4m
hadd Target path: Hists09Nov2025-ZZ4l2016_Moriondsel_eemm.root:/ggZZ4tau
hadd Target path: Hists09Nov2025-ZZ4l2016_Moriondsel_eemm.root:/ggZZ2e2tau
hadd Target path: Hists09Nov2025-ZZ4l2016_Moriondsel_eemm.root:/ggZZ2mu2tau
hadd Target path: Hists09Nov2025-ZZ4l2016_Moriondsel_eemm.root:/zz4l-powheg
WARNING:root:No output found for dataset tt-jets
WARNING:root:Skipping dataset tt-jets
WARNING:root:No output found for dataset wz3lnu-amcnlo
WARNING:root:Skipping dataset wz3lnu-amcnlo
hadd Target file: Hists09Nov2025-ZZ4l2016_Moriondsel_mmee.root
hadd compression setting for all output: 1
hadd Source file 1: temp_ZTZ0_Hists09Nov2025-ZZ4l2016_Moriondsel.root
hadd Source file 2: temp_data_SingleElectron_Run2016F_UL2016_MiniAODv2-v2_Hists09Nov2025-ZZ4l2016_Moriondsel.root
hadd Source file 3: temp_data_SingleElectron_Run2016G_UL2016_MiniAODv2-v2_Hists09Nov2025-ZZ4l2016_Moriondsel.root
hadd Source file 4: temp_data_SingleElectron_Run2016H_UL2016_MiniAODv2-v2_Hists09Nov2025-ZZ4l2016_Moriondsel.root
hadd Source file 5: temp_data_DoubleEG_Run2016F_UL2016_MiniAODv2-v1_Hists09Nov2025-ZZ4l2016_Moriondsel.root
hadd Source file 6: temp_data_DoubleEG_Run2016G_UL2016_MiniAODv2-v1_Hists09Nov2025-ZZ4l2016_Moriondsel.root
hadd Source file 7: temp_data_DoubleEG_Run2016H_UL2016_MiniAODv2-v1_Hists09Nov2025-ZZ4l2016_Moriondsel.root
hadd Source file 8: temp_data_SingleMuon_Run2016F_UL2016_MiniAODv2-v2_Hists09Nov2025-ZZ4l2016_Moriondsel.root
hadd Source file 9: temp_data_SingleMuon_Run2016G_UL2016_MiniAODv2-v2_Hists09Nov2025-ZZ4l2016_Moriondsel.root
hadd Source file 10: temp_data_SingleMuon_Run2016H_UL2016_MiniAODv2-v2_Hists09Nov2025-ZZ4l2016_Moriondsel.root
hadd Source file 11: temp_data_DoubleMuon_Run2016F_UL2016_MiniAODv2-v1_Hists09Nov2025-ZZ4l2016_Moriondsel.root
hadd Source file 12: temp_data_DoubleMuon_Run2016G_UL2016_MiniAODv2-v1_Hists09Nov2025-ZZ4l2016_Moriondsel.root
hadd Source file 13: temp_data_DoubleMuon_Run2016H_UL2016_MiniAODv2-v1_Hists09Nov2025-ZZ4l2016_Moriondsel.root
hadd Source file 14: temp_data_MuonEG_Run2016F_UL2016_MiniAODv2-v2_Hists09Nov2025-ZZ4l2016_Moriondsel.root
hadd Source file 15: temp_data_MuonEG_Run2016G_UL2016_MiniAODv2-v2_Hists09Nov2025-ZZ4l2016_Moriondsel.root
hadd Source file 16: temp_data_MuonEG_Run2016H_UL2016_MiniAODv2-v2_Hists09Nov2025-ZZ4l2016_Moriondsel.root
hadd Source file 17: temp_WWZ_Hists09Nov2025-ZZ4l2016_Moriondsel.root
hadd Source file 18: temp_WZZ_Hists09Nov2025-ZZ4l2016_Moriondsel.root
hadd Source file 19: temp_ZZZ_Hists09Nov2025-ZZ4l2016_Moriondsel.root
hadd Source file 20: temp_ttZ-jets_Hists09Nov2025-ZZ4l2016_Moriondsel.root
hadd Source file 21: temp_tt-jets_Hists09Nov2025-ZZ4l2016_Moriondsel.root
hadd Source file 22: temp_wz3lnu-amcnlo_Hists09Nov2025-ZZ4l2016_Moriondsel.root
hadd Source file 23: temp_DYJetsToLL_M10to-50_Hists09Nov2025-ZZ4l2016_Moriondsel.root
hadd Source file 24: temp_ggZZ4e_Hists09Nov2025-ZZ4l2016_Moriondsel.root
hadd Source file 25: temp_ggZZ4m_Hists09Nov2025-ZZ4l2016_Moriondsel.root
hadd Source file 26: temp_ggZZ4tau_Hists09Nov2025-ZZ4l2016_Moriondsel.root
hadd Source file 27: temp_ggZZ2e2tau_Hists09Nov2025-ZZ4l2016_Moriondsel.root
hadd Source file 28: temp_ggZZ2mu2tau_Hists09Nov2025-ZZ4l2016_Moriondsel.root
hadd Source file 29: temp_zz4l-powheg_Hists09Nov2025-ZZ4l2016_Moriondsel.root
hadd Target path: Hists09Nov2025-ZZ4l2016_Moriondsel_mmee.root:/
hadd Target path: Hists09Nov2025-ZZ4l2016_Moriondsel_mmee.root:/ZTZ0
hadd Target path: Hists09Nov2025-ZZ4l2016_Moriondsel_mmee.root:/data_SingleElectron_Run2016F_UL2016_MiniAODv2-v2
hadd Target path: Hists09Nov2025-ZZ4l2016_Moriondsel_mmee.root:/data_SingleElectron_Run2016G_UL2016_MiniAODv2-v2
hadd Target path: Hists09Nov2025-ZZ4l2016_Moriondsel_mmee.root:/data_SingleElectron_Run2016H_UL2016_MiniAODv2-v2
hadd Target path: Hists09Nov2025-ZZ4l2016_Moriondsel_mmee.root:/data_DoubleEG_Run2016F_UL2016_MiniAODv2-v1
hadd Target path: Hists09Nov2025-ZZ4l2016_Moriondsel_mmee.root:/data_DoubleEG_Run2016G_UL2016_MiniAODv2-v1
hadd Target path: Hists09Nov2025-ZZ4l2016_Moriondsel_mmee.root:/data_DoubleEG_Run2016H_UL2016_MiniAODv2-v1
hadd Target path: Hists09Nov2025-ZZ4l2016_Moriondsel_mmee.root:/data_SingleMuon_Run2016F_UL2016_MiniAODv2-v2
hadd Target path: Hists09Nov2025-ZZ4l2016_Moriondsel_mmee.root:/data_SingleMuon_Run2016G_UL2016_MiniAODv2-v2
hadd Target path: Hists09Nov2025-ZZ4l2016_Moriondsel_mmee.root:/data_SingleMuon_Run2016H_UL2016_MiniAODv2-v2
hadd Target path: Hists09Nov2025-ZZ4l2016_Moriondsel_mmee.root:/data_DoubleMuon_Run2016F_UL2016_MiniAODv2-v1
hadd Target path: Hists09Nov2025-ZZ4l2016_Moriondsel_mmee.root:/data_DoubleMuon_Run2016G_UL2016_MiniAODv2-v1
hadd Target path: Hists09Nov2025-ZZ4l2016_Moriondsel_mmee.root:/data_DoubleMuon_Run2016H_UL2016_MiniAODv2-v1
hadd Target path: Hists09Nov2025-ZZ4l2016_Moriondsel_mmee.root:/data_MuonEG_Run2016F_UL2016_MiniAODv2-v2
hadd Target path: Hists09Nov2025-ZZ4l2016_Moriondsel_mmee.root:/data_MuonEG_Run2016G_UL2016_MiniAODv2-v2
hadd Target path: Hists09Nov2025-ZZ4l2016_Moriondsel_mmee.root:/data_MuonEG_Run2016H_UL2016_MiniAODv2-v2
hadd Target path: Hists09Nov2025-ZZ4l2016_Moriondsel_mmee.root:/WWZ
hadd Target path: Hists09Nov2025-ZZ4l2016_Moriondsel_mmee.root:/WZZ
hadd Target path: Hists09Nov2025-ZZ4l2016_Moriondsel_mmee.root:/ZZZ
hadd Target path: Hists09Nov2025-ZZ4l2016_Moriondsel_mmee.root:/ttZ-jets
hadd Target path: Hists09Nov2025-ZZ4l2016_Moriondsel_mmee.root:/tt-jets
hadd Target path: Hists09Nov2025-ZZ4l2016_Moriondsel_mmee.root:/wz3lnu-amcnlo
hadd Target path: Hists09Nov2025-ZZ4l2016_Moriondsel_mmee.root:/DYJetsToLL_M10to-50
hadd Target path: Hists09Nov2025-ZZ4l2016_Moriondsel_mmee.root:/ggZZ4e
hadd Target path: Hists09Nov2025-ZZ4l2016_Moriondsel_mmee.root:/ggZZ4m
hadd Target path: Hists09Nov2025-ZZ4l2016_Moriondsel_mmee.root:/ggZZ4tau
hadd Target path: Hists09Nov2025-ZZ4l2016_Moriondsel_mmee.root:/ggZZ2e2tau
hadd Target path: Hists09Nov2025-ZZ4l2016_Moriondsel_mmee.root:/ggZZ2mu2tau
hadd Target path: Hists09Nov2025-ZZ4l2016_Moriondsel_mmee.root:/zz4l-powheg
WARNING:root:No output found for dataset tt-jets
WARNING:root:Skipping dataset tt-jets
WARNING:root:No output found for dataset wz3lnu-amcnlo
WARNING:root:Skipping dataset wz3lnu-amcnlo
hadd Target file: Hists09Nov2025-ZZ4l2016_Moriondsel_mmmm.root
hadd compression setting for all output: 1
hadd Source file 1: temp_ggZZ4m_Hists09Nov2025-ZZ4l2016_Moriondsel.root
hadd Target path: Hists09Nov2025-ZZ4l2016_Moriondsel_mmmm.root:/
hadd Target path: Hists09Nov2025-ZZ4l2016_Moriondsel_mmmm.root:/ggZZ4m
Traceback (most recent call last):
  File "/afs/hep.wisc.edu/user/mondal6/cms/ZZSelection_updated/CMSSW_14_2_0/src/Analysis/VVAnalysis/./Utilities/scripts/makeHistFile.py", line 224, in <module>
    main()
  File "/afs/hep.wisc.edu/user/mondal6/cms/ZZSelection_updated/CMSSW_14_2_0/src/Analysis/VVAnalysis/./Utilities/scripts/makeHistFile.py", line 220, in main
    makeHistFile(args)
  File "/afs/hep.wisc.edu/user/mondal6/cms/ZZSelection_updated/CMSSW_14_2_0/src/Analysis/VVAnalysis/./Utilities/scripts/makeHistFile.py", line 151, in makeHistFile
    mc = selector.applySelector()
  File "/afs/hep.wisc.edu/user/mondal6/cms/ZZSelection_updated/CMSSW_14_2_0/src/Analysis/VVAnalysis/Utilities/scripts/python/SelectorTools.py", line 161, in applySelector
    self.processParallelByDataset(self.datasets, chan)
  File "/afs/hep.wisc.edu/user/mondal6/cms/ZZSelection_updated/CMSSW_14_2_0/src/Analysis/VVAnalysis/Utilities/scripts/python/SelectorTools.py", line 303, in processParallelByDataset
    self.combineParallelTreeFiles(tempTreeFiles, chan)
  File "/afs/hep.wisc.edu/user/mondal6/cms/ZZSelection_updated/CMSSW_14_2_0/src/Analysis/VVAnalysis/Utilities/scripts/python/SelectorTools.py", line 292, in combineParallelTreeFiles
    list(map(os.remove, tempfiles))
FileNotFoundError: [Errno 2] No such file or directory: 'FilledNtuples/TreeFile_temp_ZTZT_Hists09Nov2025-ZZ4l2016_Moriondsel.root'
