nohup: ignoring input
Error in <TFile::Get>: Unexpected type of TDirectoryFile::fKeys!
Error in <TFile::GetObjectChecked>: Unexpected type of TDirectoryFile::fKeys!
Error in <TFile::Get>: Unexpected type of TDirectoryFile::fKeys!
Error in <TFile::Get>: Unexpected type of TDirectoryFile::fKeys!
Error in <TFile::Get>: Unexpected type of TDirectoryFile::fKeys!
Error in <TFile::Get>: Unexpected type of TDirectoryFile::fKeys!
Error in <TFile::Get>: Unexpected type of TDirectoryFile::fKeys!
Error in <TFile::GetObjectChecked>: Unexpected type of TDirectoryFile::fKeys!
Error in <TFile::GetObjectChecked>: Unexpected type of TDirectoryFile::fKeys!
Error in <TFile::GetObjectChecked>: Unexpected type of TDirectoryFile::fKeys!
Error in <TFile::Get>: Unexpected type of TDirectoryFile::fKeys!
Error in <TFile::GetObjectChecked>: Unexpected type of TDirectoryFile::fKeys!
Error in <TFile::GetObjectChecked>: Unexpected type of TDirectoryFile::fKeys!
Error in <TFile::Get>: Unexpected type of TDirectoryFile::fKeys!
Error in <TFile::GetObjectChecked>: Unexpected type of TDirectoryFile::fKeys!
Error in <TFile::GetObjectChecked>: Unexpected type of TDirectoryFile::fKeys!
Error in <TFile::Get>: Unexpected type of TDirectoryFile::fKeys!
Error in <TFile::GetObjectChecked>: Unexpected type of TDirectoryFile::fKeys!
Error in <TFile::Get>: Unexpected type of TDirectoryFile::fKeys!
Error in <TFile::GetObjectChecked>: Unexpected type of TDirectoryFile::fKeys!
Error in <TFile::Get>: Unexpected type of TDirectoryFile::fKeys!
Error in <TFile::GetObjectChecked>: Unexpected type of TDirectoryFile::fKeys!
Error in <TFile::Get>: Unexpected type of TDirectoryFile::fKeys!
Error in <TFile::GetObjectChecked>: Unexpected type of TDirectoryFile::fKeys!
Info in <TCanvas::MakeDefCanvas>:  created default TCanvas with name c1
Info in <TCanvas::MakeDefCanvas>:  created default TCanvas with name c1
Info in <TCanvas::MakeDefCanvas>:  created default TCanvas with name c1
Info in <TCanvas::MakeDefCanvas>:  created default TCanvas with name c1
Info in <TCanvas::MakeDefCanvas>:  created default TCanvas with name c1
Info in <TCanvas::MakeDefCanvas>:  created default TCanvas with name c1
Info in <TCanvas::MakeDefCanvas>:  created default TCanvas with name c1
Info in <TCanvas::MakeDefCanvas>:  created default TCanvas with name c1
Info in <TCanvas::MakeDefCanvas>:  created default TCanvas with name c1
Info in <TCanvas::MakeDefCanvas>:  created default TCanvas with name c1
Info in <TCanvas::MakeDefCanvas>:  created default TCanvas with name c1
Info in <TCanvas::MakeDefCanvas>:  created default TCanvas with name c1
Error in <TFile::Get>: Unexpected type of TDirectoryFile::fKeys!
Error in <TFile::GetObjectChecked>: Unexpected type of TDirectoryFile::fKeys!
TROOT::Append:0: RuntimeWarning: Replacing existing TH1: sumweights (Potential memory leak).
Error in <TFile::Get>: Unexpected type of TDirectoryFile::fKeys!
Error in <TFile::GetObjectChecked>: Unexpected type of TDirectoryFile::fKeys!
TROOT::Append:0: RuntimeWarning: Replacing existing TH1: sumweights (Potential memory leak).
Error in <TFile::Get>: Unexpected type of TDirectoryFile::fKeys!
Error in <TFile::GetObjectChecked>: Unexpected type of TDirectoryFile::fKeys!
TROOT::Append:0: RuntimeWarning: Replacing existing TH1: sumweights (Potential memory leak).
Error in <TFile::Get>: Unexpected type of TDirectoryFile::fKeys!
Error in <TFile::GetObjectChecked>: Unexpected type of TDirectoryFile::fKeys!
TROOT::Append:0: RuntimeWarning: Replacing existing TH1: sumweights (Potential memory leak).
Error in <TFile::Get>: Unexpected type of TDirectoryFile::fKeys!
Error in <TFile::GetObjectChecked>: Unexpected type of TDirectoryFile::fKeys!
TROOT::Append:0: RuntimeWarning: Replacing existing TH1: sumweights (Potential memory leak).
Error in <TFile::Get>: Unexpected type of TDirectoryFile::fKeys!
Error in <TFile::GetObjectChecked>: Unexpected type of TDirectoryFile::fKeys!
TROOT::Append:0: RuntimeWarning: Replacing existing TH1: sumweights (Potential memory leak).
Error in <TFile::Get>: Unexpected type of TDirectoryFile::fKeys!
Error in <TFile::GetObjectChecked>: Unexpected type of TDirectoryFile::fKeys!
TROOT::Append:0: RuntimeWarning: Replacing existing TH1: sumweights (Potential memory leak).
hadd Target file: Hists27Oct2025-ZZ4l2018_MVAsel_eeee.root
hadd compression setting for all output: 1
hadd Source file 1: temp_ZTZT_Hists27Oct2025-ZZ4l2018_MVAsel.root
hadd Source file 2: temp_ZTZ0_Hists27Oct2025-ZZ4l2018_MVAsel.root
hadd Source file 3: temp_Z0ZT_Hists27Oct2025-ZZ4l2018_MVAsel.root
hadd Source file 4: temp_Z0Z0_Hists27Oct2025-ZZ4l2018_MVAsel.root
hadd Source file 5: temp_WWZ_Hists27Oct2025-ZZ4l2018_MVAsel.root
hadd Source file 6: temp_WZZ_Hists27Oct2025-ZZ4l2018_MVAsel.root
hadd Source file 7: temp_ZZZ_Hists27Oct2025-ZZ4l2018_MVAsel.root
hadd Source file 8: temp_ttZ-jets_Hists27Oct2025-ZZ4l2018_MVAsel.root
hadd Source file 9: temp_tt-jets_Hists27Oct2025-ZZ4l2018_MVAsel.root
hadd Source file 10: temp_wz3lnu-amcnlo_Hists27Oct2025-ZZ4l2018_MVAsel.root
hadd Source file 11: temp_DYJetsToLLM-50_Hists27Oct2025-ZZ4l2018_MVAsel.root
hadd Source file 12: temp_DYJetsToLL_M10to-50_Hists27Oct2025-ZZ4l2018_MVAsel.root
hadd Source file 13: temp_data_EGamma_Run2018A-UL2018_MiniAODv2_GT36-v1_Hists27Oct2025-ZZ4l2018_MVAsel.root
hadd Source file 14: temp_data_EGamma_Run2018B-UL2018_MiniAODv2_GT36-v1_Hists27Oct2025-ZZ4l2018_MVAsel.root
hadd Source file 15: temp_data_EGamma_Run2018C-UL2018_MiniAODv2_GT36-v1_Hists27Oct2025-ZZ4l2018_MVAsel.root
hadd Source file 16: temp_data_EGamma_Run2018D-UL2018_MiniAODv2_GT36-v2_Hists27Oct2025-ZZ4l2018_MVAsel.root
hadd Source file 17: temp_data_DoubleMuon_Run2018A-UL2018_MiniAODv2_GT36-v1_Hists27Oct2025-ZZ4l2018_MVAsel.root
hadd Source file 18: temp_data_DoubleMuon_Run2018B-UL2018_MiniAODv2_GT36-v1_Hists27Oct2025-ZZ4l2018_MVAsel.root
hadd Source file 19: temp_data_DoubleMuon_Run2018C-UL2018_MiniAODv2_GT36-v1_Hists27Oct2025-ZZ4l2018_MVAsel.root
hadd Source file 20: temp_data_DoubleMuon_Run2018D-UL2018_MiniAODv2_GT36-v1_Hists27Oct2025-ZZ4l2018_MVAsel.root
hadd Source file 21: temp_data_SingleMuon_Run2018A-UL2018_MiniAODv2_GT36-v2_Hists27Oct2025-ZZ4l2018_MVAsel.root
hadd Source file 22: temp_data_SingleMuon_Run2018B-UL2018_MiniAODv2_GT36-v2_Hists27Oct2025-ZZ4l2018_MVAsel.root
hadd Source file 23: temp_data_SingleMuon_Run2018C-UL2018_MiniAODv2_GT36-v3_Hists27Oct2025-ZZ4l2018_MVAsel.root
hadd Source file 24: temp_data_SingleMuon_Run2018D-UL2018_MiniAODv2_GT36-v2_Hists27Oct2025-ZZ4l2018_MVAsel.root
hadd Source file 25: temp_data_MuonEG_Run2018A-UL2018_MiniAODv2_GT36-v1_Hists27Oct2025-ZZ4l2018_MVAsel.root
hadd Source file 26: temp_data_MuonEG_Run2018B-UL2018_MiniAODv2_GT36-v1_Hists27Oct2025-ZZ4l2018_MVAsel.root
hadd Source file 27: temp_data_MuonEG_Run2018C-UL2018_MiniAODv2_GT36-v1_Hists27Oct2025-ZZ4l2018_MVAsel.root
hadd Source file 28: temp_data_MuonEG_Run2018D-UL2018_MiniAODv2_GT36-v1_Hists27Oct2025-ZZ4l2018_MVAsel.root
hadd Source file 29: temp_ggZZ2e2tau_Hists27Oct2025-ZZ4l2018_MVAsel.root
hadd Source file 30: temp_ggZZ4e_Hists27Oct2025-ZZ4l2018_MVAsel.root
hadd Source file 31: temp_ggZZ4t_Hists27Oct2025-ZZ4l2018_MVAsel.root
hadd Source file 32: temp_ggZZ4m_Hists27Oct2025-ZZ4l2018_MVAsel.root
hadd Source file 33: temp_ggZZ2e2mu_Hists27Oct2025-ZZ4l2018_MVAsel.root
hadd Source file 34: temp_ggZZ2mu2tau_Hists27Oct2025-ZZ4l2018_MVAsel.root
hadd Source file 35: temp_zz4l-powheg_Hists27Oct2025-ZZ4l2018_MVAsel.root
hadd Target path: Hists27Oct2025-ZZ4l2018_MVAsel_eeee.root:/
hadd Target path: Hists27Oct2025-ZZ4l2018_MVAsel_eeee.root:/ZTZT
hadd Target path: Hists27Oct2025-ZZ4l2018_MVAsel_eeee.root:/ZTZ0
hadd Target path: Hists27Oct2025-ZZ4l2018_MVAsel_eeee.root:/Z0ZT
hadd Target path: Hists27Oct2025-ZZ4l2018_MVAsel_eeee.root:/Z0Z0
hadd Target path: Hists27Oct2025-ZZ4l2018_MVAsel_eeee.root:/WWZ
hadd Target path: Hists27Oct2025-ZZ4l2018_MVAsel_eeee.root:/WZZ
hadd Target path: Hists27Oct2025-ZZ4l2018_MVAsel_eeee.root:/ZZZ
hadd Target path: Hists27Oct2025-ZZ4l2018_MVAsel_eeee.root:/ttZ-jets
hadd Target path: Hists27Oct2025-ZZ4l2018_MVAsel_eeee.root:/tt-jets
hadd Target path: Hists27Oct2025-ZZ4l2018_MVAsel_eeee.root:/wz3lnu-amcnlo
hadd Target path: Hists27Oct2025-ZZ4l2018_MVAsel_eeee.root:/DYJetsToLLM-50
hadd Target path: Hists27Oct2025-ZZ4l2018_MVAsel_eeee.root:/DYJetsToLL_M10to-50
hadd Target path: Hists27Oct2025-ZZ4l2018_MVAsel_eeee.root:/data_EGamma_Run2018A-UL2018_MiniAODv2_GT36-v1
hadd Target path: Hists27Oct2025-ZZ4l2018_MVAsel_eeee.root:/data_EGamma_Run2018B-UL2018_MiniAODv2_GT36-v1
hadd Target path: Hists27Oct2025-ZZ4l2018_MVAsel_eeee.root:/data_EGamma_Run2018C-UL2018_MiniAODv2_GT36-v1
hadd Target path: Hists27Oct2025-ZZ4l2018_MVAsel_eeee.root:/data_EGamma_Run2018D-UL2018_MiniAODv2_GT36-v2
hadd Target path: Hists27Oct2025-ZZ4l2018_MVAsel_eeee.root:/data_DoubleMuon_Run2018A-UL2018_MiniAODv2_GT36-v1
hadd Target path: Hists27Oct2025-ZZ4l2018_MVAsel_eeee.root:/data_DoubleMuon_Run2018B-UL2018_MiniAODv2_GT36-v1
hadd Target path: Hists27Oct2025-ZZ4l2018_MVAsel_eeee.root:/data_DoubleMuon_Run2018C-UL2018_MiniAODv2_GT36-v1
hadd Target path: Hists27Oct2025-ZZ4l2018_MVAsel_eeee.root:/data_DoubleMuon_Run2018D-UL2018_MiniAODv2_GT36-v1
hadd Target path: Hists27Oct2025-ZZ4l2018_MVAsel_eeee.root:/data_SingleMuon_Run2018A-UL2018_MiniAODv2_GT36-v2
hadd Target path: Hists27Oct2025-ZZ4l2018_MVAsel_eeee.root:/data_SingleMuon_Run2018B-UL2018_MiniAODv2_GT36-v2
hadd Target path: Hists27Oct2025-ZZ4l2018_MVAsel_eeee.root:/data_SingleMuon_Run2018C-UL2018_MiniAODv2_GT36-v3
hadd Target path: Hists27Oct2025-ZZ4l2018_MVAsel_eeee.root:/data_SingleMuon_Run2018D-UL2018_MiniAODv2_GT36-v2
hadd Target path: Hists27Oct2025-ZZ4l2018_MVAsel_eeee.root:/data_MuonEG_Run2018A-UL2018_MiniAODv2_GT36-v1
hadd Target path: Hists27Oct2025-ZZ4l2018_MVAsel_eeee.root:/data_MuonEG_Run2018B-UL2018_MiniAODv2_GT36-v1
hadd Target path: Hists27Oct2025-ZZ4l2018_MVAsel_eeee.root:/data_MuonEG_Run2018C-UL2018_MiniAODv2_GT36-v1
hadd Target path: Hists27Oct2025-ZZ4l2018_MVAsel_eeee.root:/data_MuonEG_Run2018D-UL2018_MiniAODv2_GT36-v1
hadd Target path: Hists27Oct2025-ZZ4l2018_MVAsel_eeee.root:/ggZZ2e2tau
hadd Target path: Hists27Oct2025-ZZ4l2018_MVAsel_eeee.root:/ggZZ4e
hadd Target path: Hists27Oct2025-ZZ4l2018_MVAsel_eeee.root:/ggZZ4t
hadd Target path: Hists27Oct2025-ZZ4l2018_MVAsel_eeee.root:/ggZZ4m
hadd Target path: Hists27Oct2025-ZZ4l2018_MVAsel_eeee.root:/ggZZ2e2mu
hadd Target path: Hists27Oct2025-ZZ4l2018_MVAsel_eeee.root:/ggZZ2mu2tau
hadd Target path: Hists27Oct2025-ZZ4l2018_MVAsel_eeee.root:/zz4l-powheg
hadd Target file: Hists27Oct2025-ZZ4l2018_MVAsel_eemm.root
hadd compression setting for all output: 1
hadd Source file 1: temp_ZTZT_Hists27Oct2025-ZZ4l2018_MVAsel.root
hadd Source file 2: temp_ZTZ0_Hists27Oct2025-ZZ4l2018_MVAsel.root
hadd Source file 3: temp_Z0ZT_Hists27Oct2025-ZZ4l2018_MVAsel.root
hadd Source file 4: temp_Z0Z0_Hists27Oct2025-ZZ4l2018_MVAsel.root
hadd Source file 5: temp_WWZ_Hists27Oct2025-ZZ4l2018_MVAsel.root
hadd Source file 6: temp_WZZ_Hists27Oct2025-ZZ4l2018_MVAsel.root
hadd Source file 7: temp_ZZZ_Hists27Oct2025-ZZ4l2018_MVAsel.root
hadd Source file 8: temp_ttZ-jets_Hists27Oct2025-ZZ4l2018_MVAsel.root
hadd Source file 9: temp_tt-jets_Hists27Oct2025-ZZ4l2018_MVAsel.root
hadd Source file 10: temp_wz3lnu-amcnlo_Hists27Oct2025-ZZ4l2018_MVAsel.root
hadd Source file 11: temp_DYJetsToLLM-50_Hists27Oct2025-ZZ4l2018_MVAsel.root
hadd Source file 12: temp_DYJetsToLL_M10to-50_Hists27Oct2025-ZZ4l2018_MVAsel.root
hadd Source file 13: temp_data_EGamma_Run2018A-UL2018_MiniAODv2_GT36-v1_Hists27Oct2025-ZZ4l2018_MVAsel.root
hadd Source file 14: temp_data_EGamma_Run2018B-UL2018_MiniAODv2_GT36-v1_Hists27Oct2025-ZZ4l2018_MVAsel.root
hadd Source file 15: temp_data_EGamma_Run2018C-UL2018_MiniAODv2_GT36-v1_Hists27Oct2025-ZZ4l2018_MVAsel.root
hadd Source file 16: temp_data_EGamma_Run2018D-UL2018_MiniAODv2_GT36-v2_Hists27Oct2025-ZZ4l2018_MVAsel.root
hadd Source file 17: temp_data_DoubleMuon_Run2018A-UL2018_MiniAODv2_GT36-v1_Hists27Oct2025-ZZ4l2018_MVAsel.root
hadd Source file 18: temp_data_DoubleMuon_Run2018B-UL2018_MiniAODv2_GT36-v1_Hists27Oct2025-ZZ4l2018_MVAsel.root
hadd Source file 19: temp_data_DoubleMuon_Run2018C-UL2018_MiniAODv2_GT36-v1_Hists27Oct2025-ZZ4l2018_MVAsel.root
hadd Source file 20: temp_data_DoubleMuon_Run2018D-UL2018_MiniAODv2_GT36-v1_Hists27Oct2025-ZZ4l2018_MVAsel.root
hadd Source file 21: temp_data_SingleMuon_Run2018A-UL2018_MiniAODv2_GT36-v2_Hists27Oct2025-ZZ4l2018_MVAsel.root
hadd Source file 22: temp_data_SingleMuon_Run2018B-UL2018_MiniAODv2_GT36-v2_Hists27Oct2025-ZZ4l2018_MVAsel.root
hadd Source file 23: temp_data_SingleMuon_Run2018C-UL2018_MiniAODv2_GT36-v3_Hists27Oct2025-ZZ4l2018_MVAsel.root
hadd Source file 24: temp_data_SingleMuon_Run2018D-UL2018_MiniAODv2_GT36-v2_Hists27Oct2025-ZZ4l2018_MVAsel.root
hadd Source file 25: temp_data_MuonEG_Run2018A-UL2018_MiniAODv2_GT36-v1_Hists27Oct2025-ZZ4l2018_MVAsel.root
hadd Source file 26: temp_data_MuonEG_Run2018B-UL2018_MiniAODv2_GT36-v1_Hists27Oct2025-ZZ4l2018_MVAsel.root
hadd Source file 27: temp_data_MuonEG_Run2018C-UL2018_MiniAODv2_GT36-v1_Hists27Oct2025-ZZ4l2018_MVAsel.root
hadd Source file 28: temp_data_MuonEG_Run2018D-UL2018_MiniAODv2_GT36-v1_Hists27Oct2025-ZZ4l2018_MVAsel.root
hadd Source file 29: temp_ggZZ2e2tau_Hists27Oct2025-ZZ4l2018_MVAsel.root
hadd Source file 30: temp_ggZZ4e_Hists27Oct2025-ZZ4l2018_MVAsel.root
hadd Source file 31: temp_ggZZ4t_Hists27Oct2025-ZZ4l2018_MVAsel.root
hadd Source file 32: temp_ggZZ4m_Hists27Oct2025-ZZ4l2018_MVAsel.root
hadd Source file 33: temp_ggZZ2e2mu_Hists27Oct2025-ZZ4l2018_MVAsel.root
hadd Source file 34: temp_ggZZ2mu2tau_Hists27Oct2025-ZZ4l2018_MVAsel.root
hadd Source file 35: temp_zz4l-powheg_Hists27Oct2025-ZZ4l2018_MVAsel.root
hadd Target path: Hists27Oct2025-ZZ4l2018_MVAsel_eemm.root:/
hadd Target path: Hists27Oct2025-ZZ4l2018_MVAsel_eemm.root:/ZTZT
hadd Target path: Hists27Oct2025-ZZ4l2018_MVAsel_eemm.root:/ZTZ0
hadd Target path: Hists27Oct2025-ZZ4l2018_MVAsel_eemm.root:/Z0ZT
hadd Target path: Hists27Oct2025-ZZ4l2018_MVAsel_eemm.root:/Z0Z0
hadd Target path: Hists27Oct2025-ZZ4l2018_MVAsel_eemm.root:/WWZ
hadd Target path: Hists27Oct2025-ZZ4l2018_MVAsel_eemm.root:/WZZ
hadd Target path: Hists27Oct2025-ZZ4l2018_MVAsel_eemm.root:/ZZZ
hadd Target path: Hists27Oct2025-ZZ4l2018_MVAsel_eemm.root:/ttZ-jets
hadd Target path: Hists27Oct2025-ZZ4l2018_MVAsel_eemm.root:/tt-jets
hadd Target path: Hists27Oct2025-ZZ4l2018_MVAsel_eemm.root:/wz3lnu-amcnlo
hadd Target path: Hists27Oct2025-ZZ4l2018_MVAsel_eemm.root:/DYJetsToLLM-50
hadd Target path: Hists27Oct2025-ZZ4l2018_MVAsel_eemm.root:/DYJetsToLL_M10to-50
hadd Target path: Hists27Oct2025-ZZ4l2018_MVAsel_eemm.root:/data_EGamma_Run2018A-UL2018_MiniAODv2_GT36-v1
hadd Target path: Hists27Oct2025-ZZ4l2018_MVAsel_eemm.root:/data_EGamma_Run2018B-UL2018_MiniAODv2_GT36-v1
hadd Target path: Hists27Oct2025-ZZ4l2018_MVAsel_eemm.root:/data_EGamma_Run2018C-UL2018_MiniAODv2_GT36-v1
hadd Target path: Hists27Oct2025-ZZ4l2018_MVAsel_eemm.root:/data_EGamma_Run2018D-UL2018_MiniAODv2_GT36-v2
hadd Target path: Hists27Oct2025-ZZ4l2018_MVAsel_eemm.root:/data_DoubleMuon_Run2018A-UL2018_MiniAODv2_GT36-v1
hadd Target path: Hists27Oct2025-ZZ4l2018_MVAsel_eemm.root:/data_DoubleMuon_Run2018B-UL2018_MiniAODv2_GT36-v1
hadd Target path: Hists27Oct2025-ZZ4l2018_MVAsel_eemm.root:/data_DoubleMuon_Run2018C-UL2018_MiniAODv2_GT36-v1
hadd Target path: Hists27Oct2025-ZZ4l2018_MVAsel_eemm.root:/data_DoubleMuon_Run2018D-UL2018_MiniAODv2_GT36-v1
hadd Target path: Hists27Oct2025-ZZ4l2018_MVAsel_eemm.root:/data_SingleMuon_Run2018A-UL2018_MiniAODv2_GT36-v2
hadd Target path: Hists27Oct2025-ZZ4l2018_MVAsel_eemm.root:/data_SingleMuon_Run2018B-UL2018_MiniAODv2_GT36-v2
hadd Target path: Hists27Oct2025-ZZ4l2018_MVAsel_eemm.root:/data_SingleMuon_Run2018C-UL2018_MiniAODv2_GT36-v3
hadd Target path: Hists27Oct2025-ZZ4l2018_MVAsel_eemm.root:/data_SingleMuon_Run2018D-UL2018_MiniAODv2_GT36-v2
hadd Target path: Hists27Oct2025-ZZ4l2018_MVAsel_eemm.root:/data_MuonEG_Run2018A-UL2018_MiniAODv2_GT36-v1
hadd Target path: Hists27Oct2025-ZZ4l2018_MVAsel_eemm.root:/data_MuonEG_Run2018B-UL2018_MiniAODv2_GT36-v1
hadd Target path: Hists27Oct2025-ZZ4l2018_MVAsel_eemm.root:/data_MuonEG_Run2018C-UL2018_MiniAODv2_GT36-v1
hadd Target path: Hists27Oct2025-ZZ4l2018_MVAsel_eemm.root:/data_MuonEG_Run2018D-UL2018_MiniAODv2_GT36-v1
hadd Target path: Hists27Oct2025-ZZ4l2018_MVAsel_eemm.root:/ggZZ2e2tau
hadd Target path: Hists27Oct2025-ZZ4l2018_MVAsel_eemm.root:/ggZZ4e
hadd Target path: Hists27Oct2025-ZZ4l2018_MVAsel_eemm.root:/ggZZ4t
hadd Target path: Hists27Oct2025-ZZ4l2018_MVAsel_eemm.root:/ggZZ4m
hadd Target path: Hists27Oct2025-ZZ4l2018_MVAsel_eemm.root:/ggZZ2e2mu
hadd Target path: Hists27Oct2025-ZZ4l2018_MVAsel_eemm.root:/ggZZ2mu2tau
hadd Target path: Hists27Oct2025-ZZ4l2018_MVAsel_eemm.root:/zz4l-powheg
hadd Target file: Hists27Oct2025-ZZ4l2018_MVAsel_mmee.root
hadd compression setting for all output: 1
hadd Source file 1: temp_ZTZT_Hists27Oct2025-ZZ4l2018_MVAsel.root
hadd Source file 2: temp_ZTZ0_Hists27Oct2025-ZZ4l2018_MVAsel.root
hadd Source file 3: temp_Z0ZT_Hists27Oct2025-ZZ4l2018_MVAsel.root
hadd Source file 4: temp_Z0Z0_Hists27Oct2025-ZZ4l2018_MVAsel.root
hadd Source file 5: temp_WWZ_Hists27Oct2025-ZZ4l2018_MVAsel.root
hadd Source file 6: temp_WZZ_Hists27Oct2025-ZZ4l2018_MVAsel.root
hadd Source file 7: temp_ZZZ_Hists27Oct2025-ZZ4l2018_MVAsel.root
hadd Source file 8: temp_ttZ-jets_Hists27Oct2025-ZZ4l2018_MVAsel.root
hadd Source file 9: temp_tt-jets_Hists27Oct2025-ZZ4l2018_MVAsel.root
hadd Source file 10: temp_wz3lnu-amcnlo_Hists27Oct2025-ZZ4l2018_MVAsel.root
hadd Source file 11: temp_DYJetsToLLM-50_Hists27Oct2025-ZZ4l2018_MVAsel.root
hadd Source file 12: temp_DYJetsToLL_M10to-50_Hists27Oct2025-ZZ4l2018_MVAsel.root
hadd Source file 13: temp_data_EGamma_Run2018A-UL2018_MiniAODv2_GT36-v1_Hists27Oct2025-ZZ4l2018_MVAsel.root
hadd Source file 14: temp_data_EGamma_Run2018B-UL2018_MiniAODv2_GT36-v1_Hists27Oct2025-ZZ4l2018_MVAsel.root
hadd Source file 15: temp_data_EGamma_Run2018C-UL2018_MiniAODv2_GT36-v1_Hists27Oct2025-ZZ4l2018_MVAsel.root
hadd Source file 16: temp_data_EGamma_Run2018D-UL2018_MiniAODv2_GT36-v2_Hists27Oct2025-ZZ4l2018_MVAsel.root
hadd Source file 17: temp_data_DoubleMuon_Run2018A-UL2018_MiniAODv2_GT36-v1_Hists27Oct2025-ZZ4l2018_MVAsel.root
hadd Source file 18: temp_data_DoubleMuon_Run2018B-UL2018_MiniAODv2_GT36-v1_Hists27Oct2025-ZZ4l2018_MVAsel.root
hadd Source file 19: temp_data_DoubleMuon_Run2018C-UL2018_MiniAODv2_GT36-v1_Hists27Oct2025-ZZ4l2018_MVAsel.root
hadd Source file 20: temp_data_DoubleMuon_Run2018D-UL2018_MiniAODv2_GT36-v1_Hists27Oct2025-ZZ4l2018_MVAsel.root
hadd Source file 21: temp_data_SingleMuon_Run2018A-UL2018_MiniAODv2_GT36-v2_Hists27Oct2025-ZZ4l2018_MVAsel.root
hadd Source file 22: temp_data_SingleMuon_Run2018B-UL2018_MiniAODv2_GT36-v2_Hists27Oct2025-ZZ4l2018_MVAsel.root
hadd Source file 23: temp_data_SingleMuon_Run2018C-UL2018_MiniAODv2_GT36-v3_Hists27Oct2025-ZZ4l2018_MVAsel.root
hadd Source file 24: temp_data_SingleMuon_Run2018D-UL2018_MiniAODv2_GT36-v2_Hists27Oct2025-ZZ4l2018_MVAsel.root
hadd Source file 25: temp_data_MuonEG_Run2018A-UL2018_MiniAODv2_GT36-v1_Hists27Oct2025-ZZ4l2018_MVAsel.root
hadd Source file 26: temp_data_MuonEG_Run2018B-UL2018_MiniAODv2_GT36-v1_Hists27Oct2025-ZZ4l2018_MVAsel.root
hadd Source file 27: temp_data_MuonEG_Run2018C-UL2018_MiniAODv2_GT36-v1_Hists27Oct2025-ZZ4l2018_MVAsel.root
hadd Source file 28: temp_data_MuonEG_Run2018D-UL2018_MiniAODv2_GT36-v1_Hists27Oct2025-ZZ4l2018_MVAsel.root
hadd Source file 29: temp_ggZZ2e2tau_Hists27Oct2025-ZZ4l2018_MVAsel.root
hadd Source file 30: temp_ggZZ4e_Hists27Oct2025-ZZ4l2018_MVAsel.root
hadd Source file 31: temp_ggZZ4t_Hists27Oct2025-ZZ4l2018_MVAsel.root
hadd Source file 32: temp_ggZZ4m_Hists27Oct2025-ZZ4l2018_MVAsel.root
hadd Source file 33: temp_ggZZ2e2mu_Hists27Oct2025-ZZ4l2018_MVAsel.root
hadd Source file 34: temp_ggZZ2mu2tau_Hists27Oct2025-ZZ4l2018_MVAsel.root
hadd Source file 35: temp_zz4l-powheg_Hists27Oct2025-ZZ4l2018_MVAsel.root
hadd Target path: Hists27Oct2025-ZZ4l2018_MVAsel_mmee.root:/
hadd Target path: Hists27Oct2025-ZZ4l2018_MVAsel_mmee.root:/ZTZT
hadd Target path: Hists27Oct2025-ZZ4l2018_MVAsel_mmee.root:/ZTZ0
hadd Target path: Hists27Oct2025-ZZ4l2018_MVAsel_mmee.root:/Z0ZT
hadd Target path: Hists27Oct2025-ZZ4l2018_MVAsel_mmee.root:/Z0Z0
hadd Target path: Hists27Oct2025-ZZ4l2018_MVAsel_mmee.root:/WWZ
hadd Target path: Hists27Oct2025-ZZ4l2018_MVAsel_mmee.root:/WZZ
hadd Target path: Hists27Oct2025-ZZ4l2018_MVAsel_mmee.root:/ZZZ
hadd Target path: Hists27Oct2025-ZZ4l2018_MVAsel_mmee.root:/ttZ-jets
hadd Target path: Hists27Oct2025-ZZ4l2018_MVAsel_mmee.root:/tt-jets
hadd Target path: Hists27Oct2025-ZZ4l2018_MVAsel_mmee.root:/wz3lnu-amcnlo
hadd Target path: Hists27Oct2025-ZZ4l2018_MVAsel_mmee.root:/DYJetsToLLM-50
hadd Target path: Hists27Oct2025-ZZ4l2018_MVAsel_mmee.root:/DYJetsToLL_M10to-50
hadd Target path: Hists27Oct2025-ZZ4l2018_MVAsel_mmee.root:/data_EGamma_Run2018A-UL2018_MiniAODv2_GT36-v1
hadd Target path: Hists27Oct2025-ZZ4l2018_MVAsel_mmee.root:/data_EGamma_Run2018B-UL2018_MiniAODv2_GT36-v1
hadd Target path: Hists27Oct2025-ZZ4l2018_MVAsel_mmee.root:/data_EGamma_Run2018C-UL2018_MiniAODv2_GT36-v1
hadd Target path: Hists27Oct2025-ZZ4l2018_MVAsel_mmee.root:/data_EGamma_Run2018D-UL2018_MiniAODv2_GT36-v2
hadd Target path: Hists27Oct2025-ZZ4l2018_MVAsel_mmee.root:/data_DoubleMuon_Run2018A-UL2018_MiniAODv2_GT36-v1
hadd Target path: Hists27Oct2025-ZZ4l2018_MVAsel_mmee.root:/data_DoubleMuon_Run2018B-UL2018_MiniAODv2_GT36-v1
hadd Target path: Hists27Oct2025-ZZ4l2018_MVAsel_mmee.root:/data_DoubleMuon_Run2018C-UL2018_MiniAODv2_GT36-v1
hadd Target path: Hists27Oct2025-ZZ4l2018_MVAsel_mmee.root:/data_DoubleMuon_Run2018D-UL2018_MiniAODv2_GT36-v1
hadd Target path: Hists27Oct2025-ZZ4l2018_MVAsel_mmee.root:/data_SingleMuon_Run2018A-UL2018_MiniAODv2_GT36-v2
hadd Target path: Hists27Oct2025-ZZ4l2018_MVAsel_mmee.root:/data_SingleMuon_Run2018B-UL2018_MiniAODv2_GT36-v2
hadd Target path: Hists27Oct2025-ZZ4l2018_MVAsel_mmee.root:/data_SingleMuon_Run2018C-UL2018_MiniAODv2_GT36-v3
hadd Target path: Hists27Oct2025-ZZ4l2018_MVAsel_mmee.root:/data_SingleMuon_Run2018D-UL2018_MiniAODv2_GT36-v2
hadd Target path: Hists27Oct2025-ZZ4l2018_MVAsel_mmee.root:/data_MuonEG_Run2018A-UL2018_MiniAODv2_GT36-v1
hadd Target path: Hists27Oct2025-ZZ4l2018_MVAsel_mmee.root:/data_MuonEG_Run2018B-UL2018_MiniAODv2_GT36-v1
hadd Target path: Hists27Oct2025-ZZ4l2018_MVAsel_mmee.root:/data_MuonEG_Run2018C-UL2018_MiniAODv2_GT36-v1
hadd Target path: Hists27Oct2025-ZZ4l2018_MVAsel_mmee.root:/data_MuonEG_Run2018D-UL2018_MiniAODv2_GT36-v1
hadd Target path: Hists27Oct2025-ZZ4l2018_MVAsel_mmee.root:/ggZZ2e2tau
hadd Target path: Hists27Oct2025-ZZ4l2018_MVAsel_mmee.root:/ggZZ4e
hadd Target path: Hists27Oct2025-ZZ4l2018_MVAsel_mmee.root:/ggZZ4t
hadd Target path: Hists27Oct2025-ZZ4l2018_MVAsel_mmee.root:/ggZZ4m
hadd Target path: Hists27Oct2025-ZZ4l2018_MVAsel_mmee.root:/ggZZ2e2mu
hadd Target path: Hists27Oct2025-ZZ4l2018_MVAsel_mmee.root:/ggZZ2mu2tau
hadd Target path: Hists27Oct2025-ZZ4l2018_MVAsel_mmee.root:/zz4l-powheg
hadd Target file: Hists27Oct2025-ZZ4l2018_MVAsel_mmmm.root
hadd compression setting for all output: 1
hadd Source file 1: temp_ZTZT_Hists27Oct2025-ZZ4l2018_MVAsel.root
hadd Source file 2: temp_ZTZ0_Hists27Oct2025-ZZ4l2018_MVAsel.root
hadd Source file 3: temp_Z0ZT_Hists27Oct2025-ZZ4l2018_MVAsel.root
hadd Source file 4: temp_Z0Z0_Hists27Oct2025-ZZ4l2018_MVAsel.root
hadd Source file 5: temp_WWZ_Hists27Oct2025-ZZ4l2018_MVAsel.root
hadd Source file 6: temp_WZZ_Hists27Oct2025-ZZ4l2018_MVAsel.root
hadd Source file 7: temp_ZZZ_Hists27Oct2025-ZZ4l2018_MVAsel.root
hadd Source file 8: temp_ttZ-jets_Hists27Oct2025-ZZ4l2018_MVAsel.root
hadd Source file 9: temp_tt-jets_Hists27Oct2025-ZZ4l2018_MVAsel.root
hadd Source file 10: temp_wz3lnu-amcnlo_Hists27Oct2025-ZZ4l2018_MVAsel.root
hadd Source file 11: temp_DYJetsToLLM-50_Hists27Oct2025-ZZ4l2018_MVAsel.root
hadd Source file 12: temp_DYJetsToLL_M10to-50_Hists27Oct2025-ZZ4l2018_MVAsel.root
hadd Source file 13: temp_data_EGamma_Run2018A-UL2018_MiniAODv2_GT36-v1_Hists27Oct2025-ZZ4l2018_MVAsel.root
hadd Source file 14: temp_data_EGamma_Run2018B-UL2018_MiniAODv2_GT36-v1_Hists27Oct2025-ZZ4l2018_MVAsel.root
hadd Source file 15: temp_data_EGamma_Run2018C-UL2018_MiniAODv2_GT36-v1_Hists27Oct2025-ZZ4l2018_MVAsel.root
hadd Source file 16: temp_data_EGamma_Run2018D-UL2018_MiniAODv2_GT36-v2_Hists27Oct2025-ZZ4l2018_MVAsel.root
hadd Source file 17: temp_data_DoubleMuon_Run2018A-UL2018_MiniAODv2_GT36-v1_Hists27Oct2025-ZZ4l2018_MVAsel.root
hadd Source file 18: temp_data_DoubleMuon_Run2018B-UL2018_MiniAODv2_GT36-v1_Hists27Oct2025-ZZ4l2018_MVAsel.root
hadd Source file 19: temp_data_DoubleMuon_Run2018C-UL2018_MiniAODv2_GT36-v1_Hists27Oct2025-ZZ4l2018_MVAsel.root
hadd Source file 20: temp_data_DoubleMuon_Run2018D-UL2018_MiniAODv2_GT36-v1_Hists27Oct2025-ZZ4l2018_MVAsel.root
hadd Source file 21: temp_data_SingleMuon_Run2018A-UL2018_MiniAODv2_GT36-v2_Hists27Oct2025-ZZ4l2018_MVAsel.root
hadd Source file 22: temp_data_SingleMuon_Run2018B-UL2018_MiniAODv2_GT36-v2_Hists27Oct2025-ZZ4l2018_MVAsel.root
hadd Source file 23: temp_data_SingleMuon_Run2018C-UL2018_MiniAODv2_GT36-v3_Hists27Oct2025-ZZ4l2018_MVAsel.root
hadd Source file 24: temp_data_SingleMuon_Run2018D-UL2018_MiniAODv2_GT36-v2_Hists27Oct2025-ZZ4l2018_MVAsel.root
hadd Source file 25: temp_data_MuonEG_Run2018A-UL2018_MiniAODv2_GT36-v1_Hists27Oct2025-ZZ4l2018_MVAsel.root
hadd Source file 26: temp_data_MuonEG_Run2018B-UL2018_MiniAODv2_GT36-v1_Hists27Oct2025-ZZ4l2018_MVAsel.root
hadd Source file 27: temp_data_MuonEG_Run2018C-UL2018_MiniAODv2_GT36-v1_Hists27Oct2025-ZZ4l2018_MVAsel.root
hadd Source file 28: temp_data_MuonEG_Run2018D-UL2018_MiniAODv2_GT36-v1_Hists27Oct2025-ZZ4l2018_MVAsel.root
hadd Source file 29: temp_ggZZ2e2tau_Hists27Oct2025-ZZ4l2018_MVAsel.root
hadd Source file 30: temp_ggZZ4e_Hists27Oct2025-ZZ4l2018_MVAsel.root
hadd Source file 31: temp_ggZZ4t_Hists27Oct2025-ZZ4l2018_MVAsel.root
hadd Source file 32: temp_ggZZ4m_Hists27Oct2025-ZZ4l2018_MVAsel.root
hadd Source file 33: temp_ggZZ2e2mu_Hists27Oct2025-ZZ4l2018_MVAsel.root
hadd Source file 34: temp_ggZZ2mu2tau_Hists27Oct2025-ZZ4l2018_MVAsel.root
hadd Source file 35: temp_zz4l-powheg_Hists27Oct2025-ZZ4l2018_MVAsel.root
hadd Target path: Hists27Oct2025-ZZ4l2018_MVAsel_mmmm.root:/
hadd Target path: Hists27Oct2025-ZZ4l2018_MVAsel_mmmm.root:/ZTZT
hadd Target path: Hists27Oct2025-ZZ4l2018_MVAsel_mmmm.root:/ZTZ0
hadd Target path: Hists27Oct2025-ZZ4l2018_MVAsel_mmmm.root:/Z0ZT
hadd Target path: Hists27Oct2025-ZZ4l2018_MVAsel_mmmm.root:/Z0Z0
hadd Target path: Hists27Oct2025-ZZ4l2018_MVAsel_mmmm.root:/WWZ
hadd Target path: Hists27Oct2025-ZZ4l2018_MVAsel_mmmm.root:/WZZ
hadd Target path: Hists27Oct2025-ZZ4l2018_MVAsel_mmmm.root:/ZZZ
hadd Target path: Hists27Oct2025-ZZ4l2018_MVAsel_mmmm.root:/ttZ-jets
hadd Target path: Hists27Oct2025-ZZ4l2018_MVAsel_mmmm.root:/tt-jets
hadd Target path: Hists27Oct2025-ZZ4l2018_MVAsel_mmmm.root:/wz3lnu-amcnlo
hadd Target path: Hists27Oct2025-ZZ4l2018_MVAsel_mmmm.root:/DYJetsToLLM-50
hadd Target path: Hists27Oct2025-ZZ4l2018_MVAsel_mmmm.root:/DYJetsToLL_M10to-50
hadd Target path: Hists27Oct2025-ZZ4l2018_MVAsel_mmmm.root:/data_EGamma_Run2018A-UL2018_MiniAODv2_GT36-v1
hadd Target path: Hists27Oct2025-ZZ4l2018_MVAsel_mmmm.root:/data_EGamma_Run2018B-UL2018_MiniAODv2_GT36-v1
hadd Target path: Hists27Oct2025-ZZ4l2018_MVAsel_mmmm.root:/data_EGamma_Run2018C-UL2018_MiniAODv2_GT36-v1
hadd Target path: Hists27Oct2025-ZZ4l2018_MVAsel_mmmm.root:/data_EGamma_Run2018D-UL2018_MiniAODv2_GT36-v2
hadd Target path: Hists27Oct2025-ZZ4l2018_MVAsel_mmmm.root:/data_DoubleMuon_Run2018A-UL2018_MiniAODv2_GT36-v1
hadd Target path: Hists27Oct2025-ZZ4l2018_MVAsel_mmmm.root:/data_DoubleMuon_Run2018B-UL2018_MiniAODv2_GT36-v1
hadd Target path: Hists27Oct2025-ZZ4l2018_MVAsel_mmmm.root:/data_DoubleMuon_Run2018C-UL2018_MiniAODv2_GT36-v1
hadd Target path: Hists27Oct2025-ZZ4l2018_MVAsel_mmmm.root:/data_DoubleMuon_Run2018D-UL2018_MiniAODv2_GT36-v1
hadd Target path: Hists27Oct2025-ZZ4l2018_MVAsel_mmmm.root:/data_SingleMuon_Run2018A-UL2018_MiniAODv2_GT36-v2
hadd Target path: Hists27Oct2025-ZZ4l2018_MVAsel_mmmm.root:/data_SingleMuon_Run2018B-UL2018_MiniAODv2_GT36-v2
hadd Target path: Hists27Oct2025-ZZ4l2018_MVAsel_mmmm.root:/data_SingleMuon_Run2018C-UL2018_MiniAODv2_GT36-v3
hadd Target path: Hists27Oct2025-ZZ4l2018_MVAsel_mmmm.root:/data_SingleMuon_Run2018D-UL2018_MiniAODv2_GT36-v2
hadd Target path: Hists27Oct2025-ZZ4l2018_MVAsel_mmmm.root:/data_MuonEG_Run2018A-UL2018_MiniAODv2_GT36-v1
hadd Target path: Hists27Oct2025-ZZ4l2018_MVAsel_mmmm.root:/data_MuonEG_Run2018B-UL2018_MiniAODv2_GT36-v1
hadd Target path: Hists27Oct2025-ZZ4l2018_MVAsel_mmmm.root:/data_MuonEG_Run2018C-UL2018_MiniAODv2_GT36-v1
hadd Target path: Hists27Oct2025-ZZ4l2018_MVAsel_mmmm.root:/data_MuonEG_Run2018D-UL2018_MiniAODv2_GT36-v1
hadd Target path: Hists27Oct2025-ZZ4l2018_MVAsel_mmmm.root:/ggZZ2e2tau
hadd Target path: Hists27Oct2025-ZZ4l2018_MVAsel_mmmm.root:/ggZZ4e
hadd Target path: Hists27Oct2025-ZZ4l2018_MVAsel_mmmm.root:/ggZZ4t
hadd Target path: Hists27Oct2025-ZZ4l2018_MVAsel_mmmm.root:/ggZZ4m
hadd Target path: Hists27Oct2025-ZZ4l2018_MVAsel_mmmm.root:/ggZZ2e2mu
hadd Target path: Hists27Oct2025-ZZ4l2018_MVAsel_mmmm.root:/ggZZ2mu2tau
hadd Target path: Hists27Oct2025-ZZ4l2018_MVAsel_mmmm.root:/zz4l-powheg
hadd Target file: Hists27Oct2025-ZZ4l2018_MVAsel.root
hadd compression setting for all output: 1
hadd Source file 1: Hists27Oct2025-ZZ4l2018_MVAsel_eeee.root
hadd Source file 2: Hists27Oct2025-ZZ4l2018_MVAsel_eemm.root
hadd Source file 3: Hists27Oct2025-ZZ4l2018_MVAsel_mmee.root
hadd Source file 4: Hists27Oct2025-ZZ4l2018_MVAsel_mmmm.root
hadd Target path: Hists27Oct2025-ZZ4l2018_MVAsel.root:/
hadd Target path: Hists27Oct2025-ZZ4l2018_MVAsel.root:/ZTZT
hadd Target path: Hists27Oct2025-ZZ4l2018_MVAsel.root:/ZTZ0
hadd Target path: Hists27Oct2025-ZZ4l2018_MVAsel.root:/Z0ZT
hadd Target path: Hists27Oct2025-ZZ4l2018_MVAsel.root:/Z0Z0
hadd Target path: Hists27Oct2025-ZZ4l2018_MVAsel.root:/WWZ
hadd Target path: Hists27Oct2025-ZZ4l2018_MVAsel.root:/WZZ
hadd Target path: Hists27Oct2025-ZZ4l2018_MVAsel.root:/ZZZ
hadd Target path: Hists27Oct2025-ZZ4l2018_MVAsel.root:/ttZ-jets
hadd Target path: Hists27Oct2025-ZZ4l2018_MVAsel.root:/tt-jets
hadd Target path: Hists27Oct2025-ZZ4l2018_MVAsel.root:/wz3lnu-amcnlo
hadd Target path: Hists27Oct2025-ZZ4l2018_MVAsel.root:/DYJetsToLLM-50
hadd Target path: Hists27Oct2025-ZZ4l2018_MVAsel.root:/DYJetsToLL_M10to-50
hadd Target path: Hists27Oct2025-ZZ4l2018_MVAsel.root:/data_EGamma_Run2018A-UL2018_MiniAODv2_GT36-v1
hadd Target path: Hists27Oct2025-ZZ4l2018_MVAsel.root:/data_EGamma_Run2018B-UL2018_MiniAODv2_GT36-v1
hadd Target path: Hists27Oct2025-ZZ4l2018_MVAsel.root:/data_EGamma_Run2018C-UL2018_MiniAODv2_GT36-v1
hadd Target path: Hists27Oct2025-ZZ4l2018_MVAsel.root:/data_EGamma_Run2018D-UL2018_MiniAODv2_GT36-v2
hadd Target path: Hists27Oct2025-ZZ4l2018_MVAsel.root:/data_DoubleMuon_Run2018A-UL2018_MiniAODv2_GT36-v1
hadd Target path: Hists27Oct2025-ZZ4l2018_MVAsel.root:/data_DoubleMuon_Run2018B-UL2018_MiniAODv2_GT36-v1
hadd Target path: Hists27Oct2025-ZZ4l2018_MVAsel.root:/data_DoubleMuon_Run2018C-UL2018_MiniAODv2_GT36-v1
hadd Target path: Hists27Oct2025-ZZ4l2018_MVAsel.root:/data_DoubleMuon_Run2018D-UL2018_MiniAODv2_GT36-v1
hadd Target path: Hists27Oct2025-ZZ4l2018_MVAsel.root:/data_SingleMuon_Run2018A-UL2018_MiniAODv2_GT36-v2
hadd Target path: Hists27Oct2025-ZZ4l2018_MVAsel.root:/data_SingleMuon_Run2018B-UL2018_MiniAODv2_GT36-v2
hadd Target path: Hists27Oct2025-ZZ4l2018_MVAsel.root:/data_SingleMuon_Run2018C-UL2018_MiniAODv2_GT36-v3
hadd Target path: Hists27Oct2025-ZZ4l2018_MVAsel.root:/data_SingleMuon_Run2018D-UL2018_MiniAODv2_GT36-v2
hadd Target path: Hists27Oct2025-ZZ4l2018_MVAsel.root:/data_MuonEG_Run2018A-UL2018_MiniAODv2_GT36-v1
hadd Target path: Hists27Oct2025-ZZ4l2018_MVAsel.root:/data_MuonEG_Run2018B-UL2018_MiniAODv2_GT36-v1
hadd Target path: Hists27Oct2025-ZZ4l2018_MVAsel.root:/data_MuonEG_Run2018C-UL2018_MiniAODv2_GT36-v1
hadd Target path: Hists27Oct2025-ZZ4l2018_MVAsel.root:/data_MuonEG_Run2018D-UL2018_MiniAODv2_GT36-v1
hadd Target path: Hists27Oct2025-ZZ4l2018_MVAsel.root:/ggZZ2e2tau
hadd Target path: Hists27Oct2025-ZZ4l2018_MVAsel.root:/ggZZ4e
hadd Target path: Hists27Oct2025-ZZ4l2018_MVAsel.root:/ggZZ4t
hadd Target path: Hists27Oct2025-ZZ4l2018_MVAsel.root:/ggZZ4m
hadd Target path: Hists27Oct2025-ZZ4l2018_MVAsel.root:/ggZZ2e2mu
hadd Target path: Hists27Oct2025-ZZ4l2018_MVAsel.root:/ggZZ2mu2tau
hadd Target path: Hists27Oct2025-ZZ4l2018_MVAsel.root:/zz4l-powheg
Pause here
hadd Target file: Hists27Oct2025-ZZ4l2018_MVAbkgd_eeee.root
hadd compression setting for all output: 1
hadd Source file 1: temp_ZTZT_Hists27Oct2025-ZZ4l2018_MVAbkgd.root
hadd Source file 2: temp_ZTZ0_Hists27Oct2025-ZZ4l2018_MVAbkgd.root
hadd Source file 3: temp_Z0ZT_Hists27Oct2025-ZZ4l2018_MVAbkgd.root
hadd Source file 4: temp_Z0Z0_Hists27Oct2025-ZZ4l2018_MVAbkgd.root
hadd Source file 5: temp_WWZ_Hists27Oct2025-ZZ4l2018_MVAbkgd.root
hadd Source file 6: temp_WZZ_Hists27Oct2025-ZZ4l2018_MVAbkgd.root
hadd Source file 7: temp_ZZZ_Hists27Oct2025-ZZ4l2018_MVAbkgd.root
hadd Source file 8: temp_ttZ-jets_Hists27Oct2025-ZZ4l2018_MVAbkgd.root
hadd Source file 9: temp_tt-jets_Hists27Oct2025-ZZ4l2018_MVAbkgd.root
hadd Source file 10: temp_wz3lnu-amcnlo_Hists27Oct2025-ZZ4l2018_MVAbkgd.root
hadd Source file 11: temp_DYJetsToLLM-50_Hists27Oct2025-ZZ4l2018_MVAbkgd.root
hadd Source file 12: temp_DYJetsToLL_M10to-50_Hists27Oct2025-ZZ4l2018_MVAbkgd.root
hadd Source file 13: temp_data_EGamma_Run2018A-UL2018_MiniAODv2_GT36-v1_Hists27Oct2025-ZZ4l2018_MVAbkgd.root
hadd Source file 14: temp_data_EGamma_Run2018B-UL2018_MiniAODv2_GT36-v1_Hists27Oct2025-ZZ4l2018_MVAbkgd.root
hadd Source file 15: temp_data_EGamma_Run2018C-UL2018_MiniAODv2_GT36-v1_Hists27Oct2025-ZZ4l2018_MVAbkgd.root
hadd Source file 16: temp_data_EGamma_Run2018D-UL2018_MiniAODv2_GT36-v2_Hists27Oct2025-ZZ4l2018_MVAbkgd.root
hadd Source file 17: temp_data_DoubleMuon_Run2018A-UL2018_MiniAODv2_GT36-v1_Hists27Oct2025-ZZ4l2018_MVAbkgd.root
hadd Source file 18: temp_data_DoubleMuon_Run2018B-UL2018_MiniAODv2_GT36-v1_Hists27Oct2025-ZZ4l2018_MVAbkgd.root
hadd Source file 19: temp_data_DoubleMuon_Run2018C-UL2018_MiniAODv2_GT36-v1_Hists27Oct2025-ZZ4l2018_MVAbkgd.root
hadd Source file 20: temp_data_DoubleMuon_Run2018D-UL2018_MiniAODv2_GT36-v1_Hists27Oct2025-ZZ4l2018_MVAbkgd.root
hadd Source file 21: temp_data_SingleMuon_Run2018A-UL2018_MiniAODv2_GT36-v2_Hists27Oct2025-ZZ4l2018_MVAbkgd.root
hadd Source file 22: temp_data_SingleMuon_Run2018B-UL2018_MiniAODv2_GT36-v2_Hists27Oct2025-ZZ4l2018_MVAbkgd.root
hadd Source file 23: temp_data_SingleMuon_Run2018C-UL2018_MiniAODv2_GT36-v3_Hists27Oct2025-ZZ4l2018_MVAbkgd.root
hadd Source file 24: temp_data_SingleMuon_Run2018D-UL2018_MiniAODv2_GT36-v2_Hists27Oct2025-ZZ4l2018_MVAbkgd.root
hadd Source file 25: temp_data_MuonEG_Run2018A-UL2018_MiniAODv2_GT36-v1_Hists27Oct2025-ZZ4l2018_MVAbkgd.root
hadd Source file 26: temp_data_MuonEG_Run2018B-UL2018_MiniAODv2_GT36-v1_Hists27Oct2025-ZZ4l2018_MVAbkgd.root
hadd Source file 27: temp_data_MuonEG_Run2018C-UL2018_MiniAODv2_GT36-v1_Hists27Oct2025-ZZ4l2018_MVAbkgd.root
hadd Source file 28: temp_data_MuonEG_Run2018D-UL2018_MiniAODv2_GT36-v1_Hists27Oct2025-ZZ4l2018_MVAbkgd.root
hadd Source file 29: temp_ggZZ2e2tau_Hists27Oct2025-ZZ4l2018_MVAbkgd.root
hadd Source file 30: temp_ggZZ4e_Hists27Oct2025-ZZ4l2018_MVAbkgd.root
hadd Source file 31: temp_ggZZ4t_Hists27Oct2025-ZZ4l2018_MVAbkgd.root
hadd Source file 32: temp_ggZZ4m_Hists27Oct2025-ZZ4l2018_MVAbkgd.root
hadd Source file 33: temp_ggZZ2e2mu_Hists27Oct2025-ZZ4l2018_MVAbkgd.root
hadd Source file 34: temp_ggZZ2mu2tau_Hists27Oct2025-ZZ4l2018_MVAbkgd.root
hadd Source file 35: temp_zz4l-powheg_Hists27Oct2025-ZZ4l2018_MVAbkgd.root
hadd Target path: Hists27Oct2025-ZZ4l2018_MVAbkgd_eeee.root:/
hadd Target path: Hists27Oct2025-ZZ4l2018_MVAbkgd_eeee.root:/ZTZT
hadd Target path: Hists27Oct2025-ZZ4l2018_MVAbkgd_eeee.root:/ZTZ0
hadd Target path: Hists27Oct2025-ZZ4l2018_MVAbkgd_eeee.root:/Z0ZT
hadd Target path: Hists27Oct2025-ZZ4l2018_MVAbkgd_eeee.root:/Z0Z0
hadd Target path: Hists27Oct2025-ZZ4l2018_MVAbkgd_eeee.root:/WWZ
hadd Target path: Hists27Oct2025-ZZ4l2018_MVAbkgd_eeee.root:/WZZ
hadd Target path: Hists27Oct2025-ZZ4l2018_MVAbkgd_eeee.root:/ZZZ
hadd Target path: Hists27Oct2025-ZZ4l2018_MVAbkgd_eeee.root:/ttZ-jets
hadd Target path: Hists27Oct2025-ZZ4l2018_MVAbkgd_eeee.root:/tt-jets
hadd Target path: Hists27Oct2025-ZZ4l2018_MVAbkgd_eeee.root:/wz3lnu-amcnlo
hadd Target path: Hists27Oct2025-ZZ4l2018_MVAbkgd_eeee.root:/DYJetsToLLM-50
hadd Target path: Hists27Oct2025-ZZ4l2018_MVAbkgd_eeee.root:/DYJetsToLL_M10to-50
hadd Target path: Hists27Oct2025-ZZ4l2018_MVAbkgd_eeee.root:/data_EGamma_Run2018A-UL2018_MiniAODv2_GT36-v1
hadd Target path: Hists27Oct2025-ZZ4l2018_MVAbkgd_eeee.root:/data_EGamma_Run2018B-UL2018_MiniAODv2_GT36-v1
hadd Target path: Hists27Oct2025-ZZ4l2018_MVAbkgd_eeee.root:/data_EGamma_Run2018C-UL2018_MiniAODv2_GT36-v1
hadd Target path: Hists27Oct2025-ZZ4l2018_MVAbkgd_eeee.root:/data_EGamma_Run2018D-UL2018_MiniAODv2_GT36-v2
hadd Target path: Hists27Oct2025-ZZ4l2018_MVAbkgd_eeee.root:/data_DoubleMuon_Run2018A-UL2018_MiniAODv2_GT36-v1
hadd Target path: Hists27Oct2025-ZZ4l2018_MVAbkgd_eeee.root:/data_DoubleMuon_Run2018B-UL2018_MiniAODv2_GT36-v1
hadd Target path: Hists27Oct2025-ZZ4l2018_MVAbkgd_eeee.root:/data_DoubleMuon_Run2018C-UL2018_MiniAODv2_GT36-v1
hadd Target path: Hists27Oct2025-ZZ4l2018_MVAbkgd_eeee.root:/data_DoubleMuon_Run2018D-UL2018_MiniAODv2_GT36-v1
hadd Target path: Hists27Oct2025-ZZ4l2018_MVAbkgd_eeee.root:/data_SingleMuon_Run2018A-UL2018_MiniAODv2_GT36-v2
hadd Target path: Hists27Oct2025-ZZ4l2018_MVAbkgd_eeee.root:/data_SingleMuon_Run2018B-UL2018_MiniAODv2_GT36-v2
hadd Target path: Hists27Oct2025-ZZ4l2018_MVAbkgd_eeee.root:/data_SingleMuon_Run2018C-UL2018_MiniAODv2_GT36-v3
hadd Target path: Hists27Oct2025-ZZ4l2018_MVAbkgd_eeee.root:/data_SingleMuon_Run2018D-UL2018_MiniAODv2_GT36-v2
hadd Target path: Hists27Oct2025-ZZ4l2018_MVAbkgd_eeee.root:/data_MuonEG_Run2018A-UL2018_MiniAODv2_GT36-v1
hadd Target path: Hists27Oct2025-ZZ4l2018_MVAbkgd_eeee.root:/data_MuonEG_Run2018B-UL2018_MiniAODv2_GT36-v1
hadd Target path: Hists27Oct2025-ZZ4l2018_MVAbkgd_eeee.root:/data_MuonEG_Run2018C-UL2018_MiniAODv2_GT36-v1
hadd Target path: Hists27Oct2025-ZZ4l2018_MVAbkgd_eeee.root:/data_MuonEG_Run2018D-UL2018_MiniAODv2_GT36-v1
hadd Target path: Hists27Oct2025-ZZ4l2018_MVAbkgd_eeee.root:/ggZZ2e2tau
hadd Target path: Hists27Oct2025-ZZ4l2018_MVAbkgd_eeee.root:/ggZZ4e
hadd Target path: Hists27Oct2025-ZZ4l2018_MVAbkgd_eeee.root:/ggZZ4t
hadd Target path: Hists27Oct2025-ZZ4l2018_MVAbkgd_eeee.root:/ggZZ4m
hadd Target path: Hists27Oct2025-ZZ4l2018_MVAbkgd_eeee.root:/ggZZ2e2mu
hadd Target path: Hists27Oct2025-ZZ4l2018_MVAbkgd_eeee.root:/ggZZ2mu2tau
hadd Target path: Hists27Oct2025-ZZ4l2018_MVAbkgd_eeee.root:/zz4l-powheg
hadd Target file: Hists27Oct2025-ZZ4l2018_MVAbkgd_eemm.root
hadd compression setting for all output: 1
hadd Source file 1: temp_ZTZT_Hists27Oct2025-ZZ4l2018_MVAbkgd.root
hadd Source file 2: temp_ZTZ0_Hists27Oct2025-ZZ4l2018_MVAbkgd.root
hadd Source file 3: temp_Z0ZT_Hists27Oct2025-ZZ4l2018_MVAbkgd.root
hadd Source file 4: temp_Z0Z0_Hists27Oct2025-ZZ4l2018_MVAbkgd.root
hadd Source file 5: temp_WWZ_Hists27Oct2025-ZZ4l2018_MVAbkgd.root
hadd Source file 6: temp_WZZ_Hists27Oct2025-ZZ4l2018_MVAbkgd.root
hadd Source file 7: temp_ZZZ_Hists27Oct2025-ZZ4l2018_MVAbkgd.root
hadd Source file 8: temp_ttZ-jets_Hists27Oct2025-ZZ4l2018_MVAbkgd.root
hadd Source file 9: temp_tt-jets_Hists27Oct2025-ZZ4l2018_MVAbkgd.root
hadd Source file 10: temp_wz3lnu-amcnlo_Hists27Oct2025-ZZ4l2018_MVAbkgd.root
hadd Source file 11: temp_DYJetsToLLM-50_Hists27Oct2025-ZZ4l2018_MVAbkgd.root
hadd Source file 12: temp_DYJetsToLL_M10to-50_Hists27Oct2025-ZZ4l2018_MVAbkgd.root
hadd Source file 13: temp_data_EGamma_Run2018A-UL2018_MiniAODv2_GT36-v1_Hists27Oct2025-ZZ4l2018_MVAbkgd.root
hadd Source file 14: temp_data_EGamma_Run2018B-UL2018_MiniAODv2_GT36-v1_Hists27Oct2025-ZZ4l2018_MVAbkgd.root
hadd Source file 15: temp_data_EGamma_Run2018C-UL2018_MiniAODv2_GT36-v1_Hists27Oct2025-ZZ4l2018_MVAbkgd.root
hadd Source file 16: temp_data_EGamma_Run2018D-UL2018_MiniAODv2_GT36-v2_Hists27Oct2025-ZZ4l2018_MVAbkgd.root
hadd Source file 17: temp_data_DoubleMuon_Run2018A-UL2018_MiniAODv2_GT36-v1_Hists27Oct2025-ZZ4l2018_MVAbkgd.root
hadd Source file 18: temp_data_DoubleMuon_Run2018B-UL2018_MiniAODv2_GT36-v1_Hists27Oct2025-ZZ4l2018_MVAbkgd.root
hadd Source file 19: temp_data_DoubleMuon_Run2018C-UL2018_MiniAODv2_GT36-v1_Hists27Oct2025-ZZ4l2018_MVAbkgd.root
hadd Source file 20: temp_data_DoubleMuon_Run2018D-UL2018_MiniAODv2_GT36-v1_Hists27Oct2025-ZZ4l2018_MVAbkgd.root
hadd Source file 21: temp_data_SingleMuon_Run2018A-UL2018_MiniAODv2_GT36-v2_Hists27Oct2025-ZZ4l2018_MVAbkgd.root
hadd Source file 22: temp_data_SingleMuon_Run2018B-UL2018_MiniAODv2_GT36-v2_Hists27Oct2025-ZZ4l2018_MVAbkgd.root
hadd Source file 23: temp_data_SingleMuon_Run2018C-UL2018_MiniAODv2_GT36-v3_Hists27Oct2025-ZZ4l2018_MVAbkgd.root
hadd Source file 24: temp_data_SingleMuon_Run2018D-UL2018_MiniAODv2_GT36-v2_Hists27Oct2025-ZZ4l2018_MVAbkgd.root
hadd Source file 25: temp_data_MuonEG_Run2018A-UL2018_MiniAODv2_GT36-v1_Hists27Oct2025-ZZ4l2018_MVAbkgd.root
hadd Source file 26: temp_data_MuonEG_Run2018B-UL2018_MiniAODv2_GT36-v1_Hists27Oct2025-ZZ4l2018_MVAbkgd.root
hadd Source file 27: temp_data_MuonEG_Run2018C-UL2018_MiniAODv2_GT36-v1_Hists27Oct2025-ZZ4l2018_MVAbkgd.root
hadd Source file 28: temp_data_MuonEG_Run2018D-UL2018_MiniAODv2_GT36-v1_Hists27Oct2025-ZZ4l2018_MVAbkgd.root
hadd Source file 29: temp_ggZZ2e2tau_Hists27Oct2025-ZZ4l2018_MVAbkgd.root
hadd Source file 30: temp_ggZZ4e_Hists27Oct2025-ZZ4l2018_MVAbkgd.root
hadd Source file 31: temp_ggZZ4t_Hists27Oct2025-ZZ4l2018_MVAbkgd.root
hadd Source file 32: temp_ggZZ4m_Hists27Oct2025-ZZ4l2018_MVAbkgd.root
hadd Source file 33: temp_ggZZ2e2mu_Hists27Oct2025-ZZ4l2018_MVAbkgd.root
hadd Source file 34: temp_ggZZ2mu2tau_Hists27Oct2025-ZZ4l2018_MVAbkgd.root
hadd Source file 35: temp_zz4l-powheg_Hists27Oct2025-ZZ4l2018_MVAbkgd.root
hadd Target path: Hists27Oct2025-ZZ4l2018_MVAbkgd_eemm.root:/
hadd Target path: Hists27Oct2025-ZZ4l2018_MVAbkgd_eemm.root:/ZTZT
hadd Target path: Hists27Oct2025-ZZ4l2018_MVAbkgd_eemm.root:/ZTZ0
hadd Target path: Hists27Oct2025-ZZ4l2018_MVAbkgd_eemm.root:/Z0ZT
hadd Target path: Hists27Oct2025-ZZ4l2018_MVAbkgd_eemm.root:/Z0Z0
hadd Target path: Hists27Oct2025-ZZ4l2018_MVAbkgd_eemm.root:/WWZ
hadd Target path: Hists27Oct2025-ZZ4l2018_MVAbkgd_eemm.root:/WZZ
hadd Target path: Hists27Oct2025-ZZ4l2018_MVAbkgd_eemm.root:/ZZZ
hadd Target path: Hists27Oct2025-ZZ4l2018_MVAbkgd_eemm.root:/ttZ-jets
hadd Target path: Hists27Oct2025-ZZ4l2018_MVAbkgd_eemm.root:/tt-jets
hadd Target path: Hists27Oct2025-ZZ4l2018_MVAbkgd_eemm.root:/wz3lnu-amcnlo
hadd Target path: Hists27Oct2025-ZZ4l2018_MVAbkgd_eemm.root:/DYJetsToLLM-50
hadd Target path: Hists27Oct2025-ZZ4l2018_MVAbkgd_eemm.root:/DYJetsToLL_M10to-50
hadd Target path: Hists27Oct2025-ZZ4l2018_MVAbkgd_eemm.root:/data_EGamma_Run2018A-UL2018_MiniAODv2_GT36-v1
hadd Target path: Hists27Oct2025-ZZ4l2018_MVAbkgd_eemm.root:/data_EGamma_Run2018B-UL2018_MiniAODv2_GT36-v1
hadd Target path: Hists27Oct2025-ZZ4l2018_MVAbkgd_eemm.root:/data_EGamma_Run2018C-UL2018_MiniAODv2_GT36-v1
hadd Target path: Hists27Oct2025-ZZ4l2018_MVAbkgd_eemm.root:/data_EGamma_Run2018D-UL2018_MiniAODv2_GT36-v2
hadd Target path: Hists27Oct2025-ZZ4l2018_MVAbkgd_eemm.root:/data_DoubleMuon_Run2018A-UL2018_MiniAODv2_GT36-v1
hadd Target path: Hists27Oct2025-ZZ4l2018_MVAbkgd_eemm.root:/data_DoubleMuon_Run2018B-UL2018_MiniAODv2_GT36-v1
hadd Target path: Hists27Oct2025-ZZ4l2018_MVAbkgd_eemm.root:/data_DoubleMuon_Run2018C-UL2018_MiniAODv2_GT36-v1
hadd Target path: Hists27Oct2025-ZZ4l2018_MVAbkgd_eemm.root:/data_DoubleMuon_Run2018D-UL2018_MiniAODv2_GT36-v1
hadd Target path: Hists27Oct2025-ZZ4l2018_MVAbkgd_eemm.root:/data_SingleMuon_Run2018A-UL2018_MiniAODv2_GT36-v2
hadd Target path: Hists27Oct2025-ZZ4l2018_MVAbkgd_eemm.root:/data_SingleMuon_Run2018B-UL2018_MiniAODv2_GT36-v2
hadd Target path: Hists27Oct2025-ZZ4l2018_MVAbkgd_eemm.root:/data_SingleMuon_Run2018C-UL2018_MiniAODv2_GT36-v3
hadd Target path: Hists27Oct2025-ZZ4l2018_MVAbkgd_eemm.root:/data_SingleMuon_Run2018D-UL2018_MiniAODv2_GT36-v2
hadd Target path: Hists27Oct2025-ZZ4l2018_MVAbkgd_eemm.root:/data_MuonEG_Run2018A-UL2018_MiniAODv2_GT36-v1
hadd Target path: Hists27Oct2025-ZZ4l2018_MVAbkgd_eemm.root:/data_MuonEG_Run2018B-UL2018_MiniAODv2_GT36-v1
hadd Target path: Hists27Oct2025-ZZ4l2018_MVAbkgd_eemm.root:/data_MuonEG_Run2018C-UL2018_MiniAODv2_GT36-v1
hadd Target path: Hists27Oct2025-ZZ4l2018_MVAbkgd_eemm.root:/data_MuonEG_Run2018D-UL2018_MiniAODv2_GT36-v1
hadd Target path: Hists27Oct2025-ZZ4l2018_MVAbkgd_eemm.root:/ggZZ2e2tau
hadd Target path: Hists27Oct2025-ZZ4l2018_MVAbkgd_eemm.root:/ggZZ4e
hadd Target path: Hists27Oct2025-ZZ4l2018_MVAbkgd_eemm.root:/ggZZ4t
hadd Target path: Hists27Oct2025-ZZ4l2018_MVAbkgd_eemm.root:/ggZZ4m
hadd Target path: Hists27Oct2025-ZZ4l2018_MVAbkgd_eemm.root:/ggZZ2e2mu
hadd Target path: Hists27Oct2025-ZZ4l2018_MVAbkgd_eemm.root:/ggZZ2mu2tau
hadd Target path: Hists27Oct2025-ZZ4l2018_MVAbkgd_eemm.root:/zz4l-powheg
hadd Target file: Hists27Oct2025-ZZ4l2018_MVAbkgd_mmee.root
hadd compression setting for all output: 1
hadd Source file 1: temp_ZTZT_Hists27Oct2025-ZZ4l2018_MVAbkgd.root
hadd Source file 2: temp_ZTZ0_Hists27Oct2025-ZZ4l2018_MVAbkgd.root
hadd Source file 3: temp_Z0ZT_Hists27Oct2025-ZZ4l2018_MVAbkgd.root
hadd Source file 4: temp_Z0Z0_Hists27Oct2025-ZZ4l2018_MVAbkgd.root
hadd Source file 5: temp_WWZ_Hists27Oct2025-ZZ4l2018_MVAbkgd.root
hadd Source file 6: temp_WZZ_Hists27Oct2025-ZZ4l2018_MVAbkgd.root
hadd Source file 7: temp_ZZZ_Hists27Oct2025-ZZ4l2018_MVAbkgd.root
hadd Source file 8: temp_ttZ-jets_Hists27Oct2025-ZZ4l2018_MVAbkgd.root
hadd Source file 9: temp_tt-jets_Hists27Oct2025-ZZ4l2018_MVAbkgd.root
hadd Source file 10: temp_wz3lnu-amcnlo_Hists27Oct2025-ZZ4l2018_MVAbkgd.root
hadd Source file 11: temp_DYJetsToLLM-50_Hists27Oct2025-ZZ4l2018_MVAbkgd.root
hadd Source file 12: temp_DYJetsToLL_M10to-50_Hists27Oct2025-ZZ4l2018_MVAbkgd.root
hadd Source file 13: temp_data_EGamma_Run2018A-UL2018_MiniAODv2_GT36-v1_Hists27Oct2025-ZZ4l2018_MVAbkgd.root
hadd Source file 14: temp_data_EGamma_Run2018B-UL2018_MiniAODv2_GT36-v1_Hists27Oct2025-ZZ4l2018_MVAbkgd.root
hadd Source file 15: temp_data_EGamma_Run2018C-UL2018_MiniAODv2_GT36-v1_Hists27Oct2025-ZZ4l2018_MVAbkgd.root
hadd Source file 16: temp_data_EGamma_Run2018D-UL2018_MiniAODv2_GT36-v2_Hists27Oct2025-ZZ4l2018_MVAbkgd.root
hadd Source file 17: temp_data_DoubleMuon_Run2018A-UL2018_MiniAODv2_GT36-v1_Hists27Oct2025-ZZ4l2018_MVAbkgd.root
hadd Source file 18: temp_data_DoubleMuon_Run2018B-UL2018_MiniAODv2_GT36-v1_Hists27Oct2025-ZZ4l2018_MVAbkgd.root
hadd Source file 19: temp_data_DoubleMuon_Run2018C-UL2018_MiniAODv2_GT36-v1_Hists27Oct2025-ZZ4l2018_MVAbkgd.root
hadd Source file 20: temp_data_DoubleMuon_Run2018D-UL2018_MiniAODv2_GT36-v1_Hists27Oct2025-ZZ4l2018_MVAbkgd.root
hadd Source file 21: temp_data_SingleMuon_Run2018A-UL2018_MiniAODv2_GT36-v2_Hists27Oct2025-ZZ4l2018_MVAbkgd.root
hadd Source file 22: temp_data_SingleMuon_Run2018B-UL2018_MiniAODv2_GT36-v2_Hists27Oct2025-ZZ4l2018_MVAbkgd.root
hadd Source file 23: temp_data_SingleMuon_Run2018C-UL2018_MiniAODv2_GT36-v3_Hists27Oct2025-ZZ4l2018_MVAbkgd.root
hadd Source file 24: temp_data_SingleMuon_Run2018D-UL2018_MiniAODv2_GT36-v2_Hists27Oct2025-ZZ4l2018_MVAbkgd.root
hadd Source file 25: temp_data_MuonEG_Run2018A-UL2018_MiniAODv2_GT36-v1_Hists27Oct2025-ZZ4l2018_MVAbkgd.root
hadd Source file 26: temp_data_MuonEG_Run2018B-UL2018_MiniAODv2_GT36-v1_Hists27Oct2025-ZZ4l2018_MVAbkgd.root
hadd Source file 27: temp_data_MuonEG_Run2018C-UL2018_MiniAODv2_GT36-v1_Hists27Oct2025-ZZ4l2018_MVAbkgd.root
hadd Source file 28: temp_data_MuonEG_Run2018D-UL2018_MiniAODv2_GT36-v1_Hists27Oct2025-ZZ4l2018_MVAbkgd.root
hadd Source file 29: temp_ggZZ2e2tau_Hists27Oct2025-ZZ4l2018_MVAbkgd.root
hadd Source file 30: temp_ggZZ4e_Hists27Oct2025-ZZ4l2018_MVAbkgd.root
hadd Source file 31: temp_ggZZ4t_Hists27Oct2025-ZZ4l2018_MVAbkgd.root
hadd Source file 32: temp_ggZZ4m_Hists27Oct2025-ZZ4l2018_MVAbkgd.root
hadd Source file 33: temp_ggZZ2e2mu_Hists27Oct2025-ZZ4l2018_MVAbkgd.root
hadd Source file 34: temp_ggZZ2mu2tau_Hists27Oct2025-ZZ4l2018_MVAbkgd.root
hadd Source file 35: temp_zz4l-powheg_Hists27Oct2025-ZZ4l2018_MVAbkgd.root
hadd Target path: Hists27Oct2025-ZZ4l2018_MVAbkgd_mmee.root:/
hadd Target path: Hists27Oct2025-ZZ4l2018_MVAbkgd_mmee.root:/ZTZT
hadd Target path: Hists27Oct2025-ZZ4l2018_MVAbkgd_mmee.root:/ZTZ0
hadd Target path: Hists27Oct2025-ZZ4l2018_MVAbkgd_mmee.root:/Z0ZT
hadd Target path: Hists27Oct2025-ZZ4l2018_MVAbkgd_mmee.root:/Z0Z0
hadd Target path: Hists27Oct2025-ZZ4l2018_MVAbkgd_mmee.root:/WWZ
hadd Target path: Hists27Oct2025-ZZ4l2018_MVAbkgd_mmee.root:/WZZ
hadd Target path: Hists27Oct2025-ZZ4l2018_MVAbkgd_mmee.root:/ZZZ
hadd Target path: Hists27Oct2025-ZZ4l2018_MVAbkgd_mmee.root:/ttZ-jets
hadd Target path: Hists27Oct2025-ZZ4l2018_MVAbkgd_mmee.root:/tt-jets
hadd Target path: Hists27Oct2025-ZZ4l2018_MVAbkgd_mmee.root:/wz3lnu-amcnlo
hadd Target path: Hists27Oct2025-ZZ4l2018_MVAbkgd_mmee.root:/DYJetsToLLM-50
hadd Target path: Hists27Oct2025-ZZ4l2018_MVAbkgd_mmee.root:/DYJetsToLL_M10to-50
hadd Target path: Hists27Oct2025-ZZ4l2018_MVAbkgd_mmee.root:/data_EGamma_Run2018A-UL2018_MiniAODv2_GT36-v1
hadd Target path: Hists27Oct2025-ZZ4l2018_MVAbkgd_mmee.root:/data_EGamma_Run2018B-UL2018_MiniAODv2_GT36-v1
hadd Target path: Hists27Oct2025-ZZ4l2018_MVAbkgd_mmee.root:/data_EGamma_Run2018C-UL2018_MiniAODv2_GT36-v1
hadd Target path: Hists27Oct2025-ZZ4l2018_MVAbkgd_mmee.root:/data_EGamma_Run2018D-UL2018_MiniAODv2_GT36-v2
hadd Target path: Hists27Oct2025-ZZ4l2018_MVAbkgd_mmee.root:/data_DoubleMuon_Run2018A-UL2018_MiniAODv2_GT36-v1
hadd Target path: Hists27Oct2025-ZZ4l2018_MVAbkgd_mmee.root:/data_DoubleMuon_Run2018B-UL2018_MiniAODv2_GT36-v1
hadd Target path: Hists27Oct2025-ZZ4l2018_MVAbkgd_mmee.root:/data_DoubleMuon_Run2018C-UL2018_MiniAODv2_GT36-v1
hadd Target path: Hists27Oct2025-ZZ4l2018_MVAbkgd_mmee.root:/data_DoubleMuon_Run2018D-UL2018_MiniAODv2_GT36-v1
hadd Target path: Hists27Oct2025-ZZ4l2018_MVAbkgd_mmee.root:/data_SingleMuon_Run2018A-UL2018_MiniAODv2_GT36-v2
hadd Target path: Hists27Oct2025-ZZ4l2018_MVAbkgd_mmee.root:/data_SingleMuon_Run2018B-UL2018_MiniAODv2_GT36-v2
hadd Target path: Hists27Oct2025-ZZ4l2018_MVAbkgd_mmee.root:/data_SingleMuon_Run2018C-UL2018_MiniAODv2_GT36-v3
hadd Target path: Hists27Oct2025-ZZ4l2018_MVAbkgd_mmee.root:/data_SingleMuon_Run2018D-UL2018_MiniAODv2_GT36-v2
hadd Target path: Hists27Oct2025-ZZ4l2018_MVAbkgd_mmee.root:/data_MuonEG_Run2018A-UL2018_MiniAODv2_GT36-v1
hadd Target path: Hists27Oct2025-ZZ4l2018_MVAbkgd_mmee.root:/data_MuonEG_Run2018B-UL2018_MiniAODv2_GT36-v1
hadd Target path: Hists27Oct2025-ZZ4l2018_MVAbkgd_mmee.root:/data_MuonEG_Run2018C-UL2018_MiniAODv2_GT36-v1
hadd Target path: Hists27Oct2025-ZZ4l2018_MVAbkgd_mmee.root:/data_MuonEG_Run2018D-UL2018_MiniAODv2_GT36-v1
hadd Target path: Hists27Oct2025-ZZ4l2018_MVAbkgd_mmee.root:/ggZZ2e2tau
hadd Target path: Hists27Oct2025-ZZ4l2018_MVAbkgd_mmee.root:/ggZZ4e
hadd Target path: Hists27Oct2025-ZZ4l2018_MVAbkgd_mmee.root:/ggZZ4t
hadd Target path: Hists27Oct2025-ZZ4l2018_MVAbkgd_mmee.root:/ggZZ4m
hadd Target path: Hists27Oct2025-ZZ4l2018_MVAbkgd_mmee.root:/ggZZ2e2mu
hadd Target path: Hists27Oct2025-ZZ4l2018_MVAbkgd_mmee.root:/ggZZ2mu2tau
hadd Target path: Hists27Oct2025-ZZ4l2018_MVAbkgd_mmee.root:/zz4l-powheg
hadd Target file: Hists27Oct2025-ZZ4l2018_MVAbkgd_mmmm.root
hadd compression setting for all output: 1
hadd Source file 1: temp_ZTZT_Hists27Oct2025-ZZ4l2018_MVAbkgd.root
hadd Source file 2: temp_ZTZ0_Hists27Oct2025-ZZ4l2018_MVAbkgd.root
hadd Source file 3: temp_Z0ZT_Hists27Oct2025-ZZ4l2018_MVAbkgd.root
hadd Source file 4: temp_Z0Z0_Hists27Oct2025-ZZ4l2018_MVAbkgd.root
hadd Source file 5: temp_WWZ_Hists27Oct2025-ZZ4l2018_MVAbkgd.root
hadd Source file 6: temp_WZZ_Hists27Oct2025-ZZ4l2018_MVAbkgd.root
hadd Source file 7: temp_ZZZ_Hists27Oct2025-ZZ4l2018_MVAbkgd.root
hadd Source file 8: temp_ttZ-jets_Hists27Oct2025-ZZ4l2018_MVAbkgd.root
hadd Source file 9: temp_tt-jets_Hists27Oct2025-ZZ4l2018_MVAbkgd.root
hadd Source file 10: temp_wz3lnu-amcnlo_Hists27Oct2025-ZZ4l2018_MVAbkgd.root
hadd Source file 11: temp_DYJetsToLLM-50_Hists27Oct2025-ZZ4l2018_MVAbkgd.root
hadd Source file 12: temp_DYJetsToLL_M10to-50_Hists27Oct2025-ZZ4l2018_MVAbkgd.root
hadd Source file 13: temp_data_EGamma_Run2018A-UL2018_MiniAODv2_GT36-v1_Hists27Oct2025-ZZ4l2018_MVAbkgd.root
hadd Source file 14: temp_data_EGamma_Run2018B-UL2018_MiniAODv2_GT36-v1_Hists27Oct2025-ZZ4l2018_MVAbkgd.root
hadd Source file 15: temp_data_EGamma_Run2018C-UL2018_MiniAODv2_GT36-v1_Hists27Oct2025-ZZ4l2018_MVAbkgd.root
hadd Source file 16: temp_data_EGamma_Run2018D-UL2018_MiniAODv2_GT36-v2_Hists27Oct2025-ZZ4l2018_MVAbkgd.root
hadd Source file 17: temp_data_DoubleMuon_Run2018A-UL2018_MiniAODv2_GT36-v1_Hists27Oct2025-ZZ4l2018_MVAbkgd.root
hadd Source file 18: temp_data_DoubleMuon_Run2018B-UL2018_MiniAODv2_GT36-v1_Hists27Oct2025-ZZ4l2018_MVAbkgd.root
hadd Source file 19: temp_data_DoubleMuon_Run2018C-UL2018_MiniAODv2_GT36-v1_Hists27Oct2025-ZZ4l2018_MVAbkgd.root
hadd Source file 20: temp_data_DoubleMuon_Run2018D-UL2018_MiniAODv2_GT36-v1_Hists27Oct2025-ZZ4l2018_MVAbkgd.root
hadd Source file 21: temp_data_SingleMuon_Run2018A-UL2018_MiniAODv2_GT36-v2_Hists27Oct2025-ZZ4l2018_MVAbkgd.root
hadd Source file 22: temp_data_SingleMuon_Run2018B-UL2018_MiniAODv2_GT36-v2_Hists27Oct2025-ZZ4l2018_MVAbkgd.root
hadd Source file 23: temp_data_SingleMuon_Run2018C-UL2018_MiniAODv2_GT36-v3_Hists27Oct2025-ZZ4l2018_MVAbkgd.root
hadd Source file 24: temp_data_SingleMuon_Run2018D-UL2018_MiniAODv2_GT36-v2_Hists27Oct2025-ZZ4l2018_MVAbkgd.root
hadd Source file 25: temp_data_MuonEG_Run2018A-UL2018_MiniAODv2_GT36-v1_Hists27Oct2025-ZZ4l2018_MVAbkgd.root
hadd Source file 26: temp_data_MuonEG_Run2018B-UL2018_MiniAODv2_GT36-v1_Hists27Oct2025-ZZ4l2018_MVAbkgd.root
hadd Source file 27: temp_data_MuonEG_Run2018C-UL2018_MiniAODv2_GT36-v1_Hists27Oct2025-ZZ4l2018_MVAbkgd.root
hadd Source file 28: temp_data_MuonEG_Run2018D-UL2018_MiniAODv2_GT36-v1_Hists27Oct2025-ZZ4l2018_MVAbkgd.root
hadd Source file 29: temp_ggZZ2e2tau_Hists27Oct2025-ZZ4l2018_MVAbkgd.root
hadd Source file 30: temp_ggZZ4e_Hists27Oct2025-ZZ4l2018_MVAbkgd.root
hadd Source file 31: temp_ggZZ4t_Hists27Oct2025-ZZ4l2018_MVAbkgd.root
hadd Source file 32: temp_ggZZ4m_Hists27Oct2025-ZZ4l2018_MVAbkgd.root
hadd Source file 33: temp_ggZZ2e2mu_Hists27Oct2025-ZZ4l2018_MVAbkgd.root
hadd Source file 34: temp_ggZZ2mu2tau_Hists27Oct2025-ZZ4l2018_MVAbkgd.root
hadd Source file 35: temp_zz4l-powheg_Hists27Oct2025-ZZ4l2018_MVAbkgd.root
hadd Target path: Hists27Oct2025-ZZ4l2018_MVAbkgd_mmmm.root:/
hadd Target path: Hists27Oct2025-ZZ4l2018_MVAbkgd_mmmm.root:/ZTZT
hadd Target path: Hists27Oct2025-ZZ4l2018_MVAbkgd_mmmm.root:/ZTZ0
hadd Target path: Hists27Oct2025-ZZ4l2018_MVAbkgd_mmmm.root:/Z0ZT
hadd Target path: Hists27Oct2025-ZZ4l2018_MVAbkgd_mmmm.root:/Z0Z0
hadd Target path: Hists27Oct2025-ZZ4l2018_MVAbkgd_mmmm.root:/WWZ
hadd Target path: Hists27Oct2025-ZZ4l2018_MVAbkgd_mmmm.root:/WZZ
hadd Target path: Hists27Oct2025-ZZ4l2018_MVAbkgd_mmmm.root:/ZZZ
hadd Target path: Hists27Oct2025-ZZ4l2018_MVAbkgd_mmmm.root:/ttZ-jets
hadd Target path: Hists27Oct2025-ZZ4l2018_MVAbkgd_mmmm.root:/tt-jets
hadd Target path: Hists27Oct2025-ZZ4l2018_MVAbkgd_mmmm.root:/wz3lnu-amcnlo
hadd Target path: Hists27Oct2025-ZZ4l2018_MVAbkgd_mmmm.root:/DYJetsToLLM-50
hadd Target path: Hists27Oct2025-ZZ4l2018_MVAbkgd_mmmm.root:/DYJetsToLL_M10to-50
hadd Target path: Hists27Oct2025-ZZ4l2018_MVAbkgd_mmmm.root:/data_EGamma_Run2018A-UL2018_MiniAODv2_GT36-v1
hadd Target path: Hists27Oct2025-ZZ4l2018_MVAbkgd_mmmm.root:/data_EGamma_Run2018B-UL2018_MiniAODv2_GT36-v1
hadd Target path: Hists27Oct2025-ZZ4l2018_MVAbkgd_mmmm.root:/data_EGamma_Run2018C-UL2018_MiniAODv2_GT36-v1
hadd Target path: Hists27Oct2025-ZZ4l2018_MVAbkgd_mmmm.root:/data_EGamma_Run2018D-UL2018_MiniAODv2_GT36-v2
hadd Target path: Hists27Oct2025-ZZ4l2018_MVAbkgd_mmmm.root:/data_DoubleMuon_Run2018A-UL2018_MiniAODv2_GT36-v1
hadd Target path: Hists27Oct2025-ZZ4l2018_MVAbkgd_mmmm.root:/data_DoubleMuon_Run2018B-UL2018_MiniAODv2_GT36-v1
hadd Target path: Hists27Oct2025-ZZ4l2018_MVAbkgd_mmmm.root:/data_DoubleMuon_Run2018C-UL2018_MiniAODv2_GT36-v1
hadd Target path: Hists27Oct2025-ZZ4l2018_MVAbkgd_mmmm.root:/data_DoubleMuon_Run2018D-UL2018_MiniAODv2_GT36-v1
hadd Target path: Hists27Oct2025-ZZ4l2018_MVAbkgd_mmmm.root:/data_SingleMuon_Run2018A-UL2018_MiniAODv2_GT36-v2
hadd Target path: Hists27Oct2025-ZZ4l2018_MVAbkgd_mmmm.root:/data_SingleMuon_Run2018B-UL2018_MiniAODv2_GT36-v2
hadd Target path: Hists27Oct2025-ZZ4l2018_MVAbkgd_mmmm.root:/data_SingleMuon_Run2018C-UL2018_MiniAODv2_GT36-v3
hadd Target path: Hists27Oct2025-ZZ4l2018_MVAbkgd_mmmm.root:/data_SingleMuon_Run2018D-UL2018_MiniAODv2_GT36-v2
hadd Target path: Hists27Oct2025-ZZ4l2018_MVAbkgd_mmmm.root:/data_MuonEG_Run2018A-UL2018_MiniAODv2_GT36-v1
hadd Target path: Hists27Oct2025-ZZ4l2018_MVAbkgd_mmmm.root:/data_MuonEG_Run2018B-UL2018_MiniAODv2_GT36-v1
hadd Target path: Hists27Oct2025-ZZ4l2018_MVAbkgd_mmmm.root:/data_MuonEG_Run2018C-UL2018_MiniAODv2_GT36-v1
hadd Target path: Hists27Oct2025-ZZ4l2018_MVAbkgd_mmmm.root:/data_MuonEG_Run2018D-UL2018_MiniAODv2_GT36-v1
hadd Target path: Hists27Oct2025-ZZ4l2018_MVAbkgd_mmmm.root:/ggZZ2e2tau
hadd Target path: Hists27Oct2025-ZZ4l2018_MVAbkgd_mmmm.root:/ggZZ4e
hadd Target path: Hists27Oct2025-ZZ4l2018_MVAbkgd_mmmm.root:/ggZZ4t
hadd Target path: Hists27Oct2025-ZZ4l2018_MVAbkgd_mmmm.root:/ggZZ4m
hadd Target path: Hists27Oct2025-ZZ4l2018_MVAbkgd_mmmm.root:/ggZZ2e2mu
hadd Target path: Hists27Oct2025-ZZ4l2018_MVAbkgd_mmmm.root:/ggZZ2mu2tau
hadd Target path: Hists27Oct2025-ZZ4l2018_MVAbkgd_mmmm.root:/zz4l-powheg
hadd Target file: Hists27Oct2025-ZZ4l2018_MVAbkgd.root
hadd compression setting for all output: 1
hadd Source file 1: Hists27Oct2025-ZZ4l2018_MVAbkgd_eeee.root
hadd Source file 2: Hists27Oct2025-ZZ4l2018_MVAbkgd_eemm.root
hadd Source file 3: Hists27Oct2025-ZZ4l2018_MVAbkgd_mmee.root
hadd Source file 4: Hists27Oct2025-ZZ4l2018_MVAbkgd_mmmm.root
hadd Target path: Hists27Oct2025-ZZ4l2018_MVAbkgd.root:/
hadd Target path: Hists27Oct2025-ZZ4l2018_MVAbkgd.root:/ZTZT
hadd Target path: Hists27Oct2025-ZZ4l2018_MVAbkgd.root:/ZTZ0
hadd Target path: Hists27Oct2025-ZZ4l2018_MVAbkgd.root:/Z0ZT
hadd Target path: Hists27Oct2025-ZZ4l2018_MVAbkgd.root:/Z0Z0
hadd Target path: Hists27Oct2025-ZZ4l2018_MVAbkgd.root:/WWZ
hadd Target path: Hists27Oct2025-ZZ4l2018_MVAbkgd.root:/WZZ
hadd Target path: Hists27Oct2025-ZZ4l2018_MVAbkgd.root:/ZZZ
hadd Target path: Hists27Oct2025-ZZ4l2018_MVAbkgd.root:/ttZ-jets
hadd Target path: Hists27Oct2025-ZZ4l2018_MVAbkgd.root:/tt-jets
hadd Target path: Hists27Oct2025-ZZ4l2018_MVAbkgd.root:/wz3lnu-amcnlo
hadd Target path: Hists27Oct2025-ZZ4l2018_MVAbkgd.root:/DYJetsToLLM-50
hadd Target path: Hists27Oct2025-ZZ4l2018_MVAbkgd.root:/DYJetsToLL_M10to-50
hadd Target path: Hists27Oct2025-ZZ4l2018_MVAbkgd.root:/data_EGamma_Run2018A-UL2018_MiniAODv2_GT36-v1
hadd Target path: Hists27Oct2025-ZZ4l2018_MVAbkgd.root:/data_EGamma_Run2018B-UL2018_MiniAODv2_GT36-v1
hadd Target path: Hists27Oct2025-ZZ4l2018_MVAbkgd.root:/data_EGamma_Run2018C-UL2018_MiniAODv2_GT36-v1
hadd Target path: Hists27Oct2025-ZZ4l2018_MVAbkgd.root:/data_EGamma_Run2018D-UL2018_MiniAODv2_GT36-v2
hadd Target path: Hists27Oct2025-ZZ4l2018_MVAbkgd.root:/data_DoubleMuon_Run2018A-UL2018_MiniAODv2_GT36-v1
hadd Target path: Hists27Oct2025-ZZ4l2018_MVAbkgd.root:/data_DoubleMuon_Run2018B-UL2018_MiniAODv2_GT36-v1
hadd Target path: Hists27Oct2025-ZZ4l2018_MVAbkgd.root:/data_DoubleMuon_Run2018C-UL2018_MiniAODv2_GT36-v1
hadd Target path: Hists27Oct2025-ZZ4l2018_MVAbkgd.root:/data_DoubleMuon_Run2018D-UL2018_MiniAODv2_GT36-v1
hadd Target path: Hists27Oct2025-ZZ4l2018_MVAbkgd.root:/data_SingleMuon_Run2018A-UL2018_MiniAODv2_GT36-v2
hadd Target path: Hists27Oct2025-ZZ4l2018_MVAbkgd.root:/data_SingleMuon_Run2018B-UL2018_MiniAODv2_GT36-v2
hadd Target path: Hists27Oct2025-ZZ4l2018_MVAbkgd.root:/data_SingleMuon_Run2018C-UL2018_MiniAODv2_GT36-v3
hadd Target path: Hists27Oct2025-ZZ4l2018_MVAbkgd.root:/data_SingleMuon_Run2018D-UL2018_MiniAODv2_GT36-v2
hadd Target path: Hists27Oct2025-ZZ4l2018_MVAbkgd.root:/data_MuonEG_Run2018A-UL2018_MiniAODv2_GT36-v1
hadd Target path: Hists27Oct2025-ZZ4l2018_MVAbkgd.root:/data_MuonEG_Run2018B-UL2018_MiniAODv2_GT36-v1
hadd Target path: Hists27Oct2025-ZZ4l2018_MVAbkgd.root:/data_MuonEG_Run2018C-UL2018_MiniAODv2_GT36-v1
hadd Target path: Hists27Oct2025-ZZ4l2018_MVAbkgd.root:/data_MuonEG_Run2018D-UL2018_MiniAODv2_GT36-v1
hadd Target path: Hists27Oct2025-ZZ4l2018_MVAbkgd.root:/ggZZ2e2tau
hadd Target path: Hists27Oct2025-ZZ4l2018_MVAbkgd.root:/ggZZ4e
hadd Target path: Hists27Oct2025-ZZ4l2018_MVAbkgd.root:/ggZZ4t
hadd Target path: Hists27Oct2025-ZZ4l2018_MVAbkgd.root:/ggZZ4m
hadd Target path: Hists27Oct2025-ZZ4l2018_MVAbkgd.root:/ggZZ2e2mu
hadd Target path: Hists27Oct2025-ZZ4l2018_MVAbkgd.root:/ggZZ2mu2tau
hadd Target path: Hists27Oct2025-ZZ4l2018_MVAbkgd.root:/zz4l-powheg
hadd Target file: Hists27Oct2025-ZZ4l2018_MVA.root
hadd compression setting for all output: 1
hadd Source file 1: Hists27Oct2025-ZZ4l2018_MVAsel.root
hadd Source file 2: Hists27Oct2025-ZZ4l2018_MVAbkgd.root
hadd Target path: Hists27Oct2025-ZZ4l2018_MVA.root:/
hadd Target path: Hists27Oct2025-ZZ4l2018_MVA.root:/ZTZT
hadd Target path: Hists27Oct2025-ZZ4l2018_MVA.root:/ZTZ0
hadd Target path: Hists27Oct2025-ZZ4l2018_MVA.root:/Z0ZT
hadd Target path: Hists27Oct2025-ZZ4l2018_MVA.root:/Z0Z0
hadd Target path: Hists27Oct2025-ZZ4l2018_MVA.root:/WWZ
hadd Target path: Hists27Oct2025-ZZ4l2018_MVA.root:/WZZ
hadd Target path: Hists27Oct2025-ZZ4l2018_MVA.root:/ZZZ
hadd Target path: Hists27Oct2025-ZZ4l2018_MVA.root:/ttZ-jets
hadd Target path: Hists27Oct2025-ZZ4l2018_MVA.root:/tt-jets
hadd Target path: Hists27Oct2025-ZZ4l2018_MVA.root:/wz3lnu-amcnlo
hadd Target path: Hists27Oct2025-ZZ4l2018_MVA.root:/DYJetsToLLM-50
hadd Target path: Hists27Oct2025-ZZ4l2018_MVA.root:/DYJetsToLL_M10to-50
hadd Target path: Hists27Oct2025-ZZ4l2018_MVA.root:/data_EGamma_Run2018A-UL2018_MiniAODv2_GT36-v1
hadd Target path: Hists27Oct2025-ZZ4l2018_MVA.root:/data_EGamma_Run2018B-UL2018_MiniAODv2_GT36-v1
hadd Target path: Hists27Oct2025-ZZ4l2018_MVA.root:/data_EGamma_Run2018C-UL2018_MiniAODv2_GT36-v1
hadd Target path: Hists27Oct2025-ZZ4l2018_MVA.root:/data_EGamma_Run2018D-UL2018_MiniAODv2_GT36-v2
hadd Target path: Hists27Oct2025-ZZ4l2018_MVA.root:/data_DoubleMuon_Run2018A-UL2018_MiniAODv2_GT36-v1
hadd Target path: Hists27Oct2025-ZZ4l2018_MVA.root:/data_DoubleMuon_Run2018B-UL2018_MiniAODv2_GT36-v1
hadd Target path: Hists27Oct2025-ZZ4l2018_MVA.root:/data_DoubleMuon_Run2018C-UL2018_MiniAODv2_GT36-v1
hadd Target path: Hists27Oct2025-ZZ4l2018_MVA.root:/data_DoubleMuon_Run2018D-UL2018_MiniAODv2_GT36-v1
hadd Target path: Hists27Oct2025-ZZ4l2018_MVA.root:/data_SingleMuon_Run2018A-UL2018_MiniAODv2_GT36-v2
hadd Target path: Hists27Oct2025-ZZ4l2018_MVA.root:/data_SingleMuon_Run2018B-UL2018_MiniAODv2_GT36-v2
hadd Target path: Hists27Oct2025-ZZ4l2018_MVA.root:/data_SingleMuon_Run2018C-UL2018_MiniAODv2_GT36-v3
hadd Target path: Hists27Oct2025-ZZ4l2018_MVA.root:/data_SingleMuon_Run2018D-UL2018_MiniAODv2_GT36-v2
hadd Target path: Hists27Oct2025-ZZ4l2018_MVA.root:/data_MuonEG_Run2018A-UL2018_MiniAODv2_GT36-v1
hadd Target path: Hists27Oct2025-ZZ4l2018_MVA.root:/data_MuonEG_Run2018B-UL2018_MiniAODv2_GT36-v1
hadd Target path: Hists27Oct2025-ZZ4l2018_MVA.root:/data_MuonEG_Run2018C-UL2018_MiniAODv2_GT36-v1
hadd Target path: Hists27Oct2025-ZZ4l2018_MVA.root:/data_MuonEG_Run2018D-UL2018_MiniAODv2_GT36-v1
hadd Target path: Hists27Oct2025-ZZ4l2018_MVA.root:/ggZZ2e2tau
hadd Target path: Hists27Oct2025-ZZ4l2018_MVA.root:/ggZZ4e
hadd Target path: Hists27Oct2025-ZZ4l2018_MVA.root:/ggZZ4t
hadd Target path: Hists27Oct2025-ZZ4l2018_MVA.root:/ggZZ4m
hadd Target path: Hists27Oct2025-ZZ4l2018_MVA.root:/ggZZ2e2mu
hadd Target path: Hists27Oct2025-ZZ4l2018_MVA.root:/ggZZ2mu2tau
hadd Target path: Hists27Oct2025-ZZ4l2018_MVA.root:/zz4l-powheg
WARNING:root:Skipping invalid filename ggZZ4tau
Job done!!===================================
