nohup: ignoring input
Error in <TFile::Get>: Unexpected type of TDirectoryFile::fKeys!
Error in <TFile::GetObjectChecked>: Unexpected type of TDirectoryFile::fKeys!
Error in <TFile::Get>: Unexpected type of TDirectoryFile::fKeys!
Error in <TFile::GetObjectChecked>: Unexpected type of TDirectoryFile::fKeys!
Error in <TFile::Get>: Unexpected type of TDirectoryFile::fKeys!
Error in <TFile::GetObjectChecked>: Unexpected type of TDirectoryFile::fKeys!
Error in <TFile::Get>: Unexpected type of TDirectoryFile::fKeys!
Error in <TFile::GetObjectChecked>: Unexpected type of TDirectoryFile::fKeys!
Info in <TCanvas::MakeDefCanvas>:  created default TCanvas with name c1
Info in <TCanvas::MakeDefCanvas>:  created default TCanvas with name c1
Info in <TCanvas::MakeDefCanvas>:  created default TCanvas with name c1
Info in <TCanvas::MakeDefCanvas>:  created default TCanvas with name c1
Error in <TFile::Get>: Unexpected type of TDirectoryFile::fKeys!
Error in <TFile::GetObjectChecked>: Unexpected type of TDirectoryFile::fKeys!
Info in <TCanvas::MakeDefCanvas>:  created default TCanvas with name c1
Error in <TFile::Get>: Unexpected type of TDirectoryFile::fKeys!
Error in <TFile::GetObjectChecked>: Unexpected type of TDirectoryFile::fKeys!
Info in <TCanvas::MakeDefCanvas>:  created default TCanvas with name c1
Error in <TFile::Get>: Unexpected type of TDirectoryFile::fKeys!
Error in <TFile::GetObjectChecked>: Unexpected type of TDirectoryFile::fKeys!
Info in <TCanvas::MakeDefCanvas>:  created default TCanvas with name c1
Error in <TFile::Get>: Unexpected type of TDirectoryFile::fKeys!
Error in <TFile::GetObjectChecked>: Unexpected type of TDirectoryFile::fKeys!
Info in <TCanvas::MakeDefCanvas>:  created default TCanvas with name c1
Error in <TFile::Get>: Unexpected type of TDirectoryFile::fKeys!
Error in <TFile::GetObjectChecked>: Unexpected type of TDirectoryFile::fKeys!
TROOT::Append:0: RuntimeWarning: Replacing existing TH1: sumweights (Potential memory leak).
WARNING:root:No output found for dataset tt-jets
WARNING:root:Skipping dataset tt-jets
Error in <TFile::Get>: Unexpected type of TDirectoryFile::fKeys!
Error in <TFile::GetObjectChecked>: Unexpected type of TDirectoryFile::fKeys!
WARNING:root:No output found for dataset wz3lnu-amcnlo
WARNING:root:Skipping dataset wz3lnu-amcnlo
Error in <TFile::Get>: Unexpected type of TDirectoryFile::fKeys!
Error in <TFile::GetObjectChecked>: Unexpected type of TDirectoryFile::fKeys!
Error in <TFile::Get>: Unexpected type of TDirectoryFile::fKeys!
Error in <TFile::GetObjectChecked>: Unexpected type of TDirectoryFile::fKeys!
Error in <TFile::Get>: Unexpected type of TDirectoryFile::fKeys!
Error in <TFile::GetObjectChecked>: Unexpected type of TDirectoryFile::fKeys!
Info in <TCanvas::MakeDefCanvas>:  created default TCanvas with name c1
Error in <TFile::Get>: Unexpected type of TDirectoryFile::fKeys!
Error in <TFile::GetObjectChecked>: Unexpected type of TDirectoryFile::fKeys!
TROOT::Append:0: RuntimeWarning: Replacing existing TH1: sumweights (Potential memory leak).
Error in <TFile::Get>: Unexpected type of TDirectoryFile::fKeys!
Error in <TFile::GetObjectChecked>: Unexpected type of TDirectoryFile::fKeys!
TROOT::Append:0: RuntimeWarning: Replacing existing TH1: sumweights (Potential memory leak).
Error in <TFile::Get>: Unexpected type of TDirectoryFile::fKeys!
Error in <TFile::GetObjectChecked>: Unexpected type of TDirectoryFile::fKeys!
TROOT::Append:0: RuntimeWarning: Replacing existing TH1: sumweights (Potential memory leak).
Error in <TFile::Get>: Unexpected type of TDirectoryFile::fKeys!
Error in <TFile::GetObjectChecked>: Unexpected type of TDirectoryFile::fKeys!
TROOT::Append:0: RuntimeWarning: Replacing existing TH1: sumweights (Potential memory leak).
Error in <TFile::Get>: Unexpected type of TDirectoryFile::fKeys!
Error in <TFile::GetObjectChecked>: Unexpected type of TDirectoryFile::fKeys!
TROOT::Append:0: RuntimeWarning: Replacing existing TH1: sumweights (Potential memory leak).
Info in <TCanvas::MakeDefCanvas>:  created default TCanvas with name c1
multiprocessing.pool.RemoteTraceback: 
"""
Traceback (most recent call last):
  File "/cvmfs/cms.cern.ch/el9_amd64_gcc12/external/python3/3.9.14-b98669a1dd7ad6f9a9402f3cf1f9d11c/lib/python3.9/multiprocessing/pool.py", line 125, in worker
    result = (True, func(*args, **kwds))
  File "/cvmfs/cms.cern.ch/el9_amd64_gcc12/external/python3/3.9.14-b98669a1dd7ad6f9a9402f3cf1f9d11c/lib/python3.9/multiprocessing/pool.py", line 48, in mapstar
    return list(map(*args))
  File "/afs/hep.wisc.edu/user/mondal6/cms/ZZSelection_updated/CMSSW_14_2_0/src/Analysis/VVAnalysis/Utilities/scripts/python/SelectorTools.py", line 52, in __call__
    self.processDatasetHelper(args)
  File "/afs/hep.wisc.edu/user/mondal6/cms/ZZSelection_updated/CMSSW_14_2_0/src/Analysis/VVAnalysis/Utilities/scripts/python/SelectorTools.py", line 307, in processDatasetHelper
    self.processDataset(*args)
  File "/afs/hep.wisc.edu/user/mondal6/cms/ZZSelection_updated/CMSSW_14_2_0/src/Analysis/VVAnalysis/Utilities/scripts/python/SelectorTools.py", line 197, in processDataset
    self.processLocalFiles(select, file_path, addSumweights, chan)
  File "/afs/hep.wisc.edu/user/mondal6/cms/ZZSelection_updated/CMSSW_14_2_0/src/Analysis/VVAnalysis/Utilities/scripts/python/SelectorTools.py", line 312, in processLocalFiles
    filenames.extend(self.getFileNames(entry))
  File "/afs/hep.wisc.edu/user/mondal6/cms/ZZSelection_updated/CMSSW_14_2_0/src/Analysis/VVAnalysis/Utilities/scripts/python/SelectorTools.py", line 248, in getFileNames
    raise ValueError("Invalid path! Skipping dataset. Path was %s"
ValueError: Invalid path! Skipping dataset. Path was /hdfs/store/user/mondal6/ZZ4l2016AnalysisJobs_2019-09-11/2025-10-26-zz4l-powheg-ZZ4l2016-loosePreselectionTo4lmass-v1/*.root
"""

The above exception was the direct cause of the following exception:

Traceback (most recent call last):
  File "/afs/hep.wisc.edu/user/mondal6/cms/ZZSelection_updated/CMSSW_14_2_0/src/Analysis/VVAnalysis/./Utilities/scripts/makeHistFile.py", line 224, in <module>
    main()
  File "/afs/hep.wisc.edu/user/mondal6/cms/ZZSelection_updated/CMSSW_14_2_0/src/Analysis/VVAnalysis/./Utilities/scripts/makeHistFile.py", line 220, in main
    makeHistFile(args)
  File "/afs/hep.wisc.edu/user/mondal6/cms/ZZSelection_updated/CMSSW_14_2_0/src/Analysis/VVAnalysis/./Utilities/scripts/makeHistFile.py", line 151, in makeHistFile
    mc = selector.applySelector()
  File "/afs/hep.wisc.edu/user/mondal6/cms/ZZSelection_updated/CMSSW_14_2_0/src/Analysis/VVAnalysis/Utilities/scripts/python/SelectorTools.py", line 161, in applySelector
    self.processParallelByDataset(self.datasets, chan)
  File "/afs/hep.wisc.edu/user/mondal6/cms/ZZSelection_updated/CMSSW_14_2_0/src/Analysis/VVAnalysis/Utilities/scripts/python/SelectorTools.py", line 298, in processParallelByDataset
    p.map(self, [[dataset, f, chan] for dataset, f in datasets.items()])
  File "/cvmfs/cms.cern.ch/el9_amd64_gcc12/external/python3/3.9.14-b98669a1dd7ad6f9a9402f3cf1f9d11c/lib/python3.9/multiprocessing/pool.py", line 364, in map
    return self._map_async(func, iterable, mapstar, chunksize).get()
  File "/cvmfs/cms.cern.ch/el9_amd64_gcc12/external/python3/3.9.14-b98669a1dd7ad6f9a9402f3cf1f9d11c/lib/python3.9/multiprocessing/pool.py", line 771, in get
    raise self._value
ValueError: Invalid path! Skipping dataset. Path was /hdfs/store/user/mondal6/ZZ4l2016AnalysisJobs_2019-09-11/2025-10-26-zz4l-powheg-ZZ4l2016-loosePreselectionTo4lmass-v1/*.root
Job done!!===================================
