nohup: ignoring input
Error in <TFile::Get>: Unexpected type of TDirectoryFile::fKeys!
Error in <TFile::GetObjectChecked>: Unexpected type of TDirectoryFile::fKeys!
Error in <TFile::Get>: Unexpected type of TDirectoryFile::fKeys!
Error in <TFile::GetObjectChecked>: Unexpected type of TDirectoryFile::fKeys!
Error in <TFile::Get>: Unexpected type of TDirectoryFile::fKeys!
Error in <TFile::GetObjectChecked>: Unexpected type of TDirectoryFile::fKeys!
Error in <TFile::Get>: Unexpected type of TDirectoryFile::fKeys!
Error in <TFile::GetObjectChecked>: Unexpected type of TDirectoryFile::fKeys!
Info in <TCanvas::MakeDefCanvas>:  created default TCanvas with name c1
Info in <TCanvas::MakeDefCanvas>:  created default TCanvas with name c1
Info in <TCanvas::MakeDefCanvas>:  created default TCanvas with name c1
Info in <TCanvas::MakeDefCanvas>:  created default TCanvas with name c1
hadd Target file: Hists12Mar2026-ZZ4l2017_Moriondsel_eeee.root
hadd compression setting for all output: 1
hadd Source file 1: temp_ZTZT_Hists12Mar2026-ZZ4l2017_Moriondsel.root
hadd Source file 2: temp_ZTZ0_Hists12Mar2026-ZZ4l2017_Moriondsel.root
hadd Source file 3: temp_Z0ZT_Hists12Mar2026-ZZ4l2017_Moriondsel.root
hadd Source file 4: temp_Z0Z0_Hists12Mar2026-ZZ4l2017_Moriondsel.root
hadd Target path: Hists12Mar2026-ZZ4l2017_Moriondsel_eeee.root:/
hadd Target path: Hists12Mar2026-ZZ4l2017_Moriondsel_eeee.root:/ZTZT
hadd Target path: Hists12Mar2026-ZZ4l2017_Moriondsel_eeee.root:/ZTZ0
hadd Target path: Hists12Mar2026-ZZ4l2017_Moriondsel_eeee.root:/Z0ZT
hadd Target path: Hists12Mar2026-ZZ4l2017_Moriondsel_eeee.root:/Z0Z0
hadd Target file: Hists12Mar2026-ZZ4l2017_Moriondsel_eemm.root
hadd compression setting for all output: 1
hadd Source file 1: temp_ZTZT_Hists12Mar2026-ZZ4l2017_Moriondsel.root
hadd Source file 2: temp_ZTZ0_Hists12Mar2026-ZZ4l2017_Moriondsel.root
hadd Source file 3: temp_Z0ZT_Hists12Mar2026-ZZ4l2017_Moriondsel.root
hadd Source file 4: temp_Z0Z0_Hists12Mar2026-ZZ4l2017_Moriondsel.root
hadd Target path: Hists12Mar2026-ZZ4l2017_Moriondsel_eemm.root:/
hadd Target path: Hists12Mar2026-ZZ4l2017_Moriondsel_eemm.root:/ZTZT
hadd Target path: Hists12Mar2026-ZZ4l2017_Moriondsel_eemm.root:/ZTZ0
hadd Target path: Hists12Mar2026-ZZ4l2017_Moriondsel_eemm.root:/Z0ZT
hadd Target path: Hists12Mar2026-ZZ4l2017_Moriondsel_eemm.root:/Z0Z0
hadd Target file: Hists12Mar2026-ZZ4l2017_Moriondsel_mmee.root
hadd compression setting for all output: 1
hadd Source file 1: temp_ZTZT_Hists12Mar2026-ZZ4l2017_Moriondsel.root
hadd Source file 2: temp_ZTZ0_Hists12Mar2026-ZZ4l2017_Moriondsel.root
hadd Source file 3: temp_Z0ZT_Hists12Mar2026-ZZ4l2017_Moriondsel.root
hadd Source file 4: temp_Z0Z0_Hists12Mar2026-ZZ4l2017_Moriondsel.root
hadd Target path: Hists12Mar2026-ZZ4l2017_Moriondsel_mmee.root:/
hadd Target path: Hists12Mar2026-ZZ4l2017_Moriondsel_mmee.root:/ZTZT
hadd Target path: Hists12Mar2026-ZZ4l2017_Moriondsel_mmee.root:/ZTZ0
hadd Target path: Hists12Mar2026-ZZ4l2017_Moriondsel_mmee.root:/Z0ZT
hadd Target path: Hists12Mar2026-ZZ4l2017_Moriondsel_mmee.root:/Z0Z0
hadd Target file: Hists12Mar2026-ZZ4l2017_Moriondsel_mmmm.root
hadd compression setting for all output: 1
hadd Source file 1: temp_ZTZT_Hists12Mar2026-ZZ4l2017_Moriondsel.root
hadd Source file 2: temp_ZTZ0_Hists12Mar2026-ZZ4l2017_Moriondsel.root
hadd Source file 3: temp_Z0ZT_Hists12Mar2026-ZZ4l2017_Moriondsel.root
hadd Source file 4: temp_Z0Z0_Hists12Mar2026-ZZ4l2017_Moriondsel.root
hadd Target path: Hists12Mar2026-ZZ4l2017_Moriondsel_mmmm.root:/
hadd Target path: Hists12Mar2026-ZZ4l2017_Moriondsel_mmmm.root:/ZTZT
hadd Target path: Hists12Mar2026-ZZ4l2017_Moriondsel_mmmm.root:/ZTZ0
hadd Target path: Hists12Mar2026-ZZ4l2017_Moriondsel_mmmm.root:/Z0ZT
hadd Target path: Hists12Mar2026-ZZ4l2017_Moriondsel_mmmm.root:/Z0Z0
hadd Target file: Hists12Mar2026-ZZ4l2017_Moriondsel.root
hadd compression setting for all output: 1
hadd Source file 1: Hists12Mar2026-ZZ4l2017_Moriondsel_eeee.root
hadd Source file 2: Hists12Mar2026-ZZ4l2017_Moriondsel_eemm.root
hadd Source file 3: Hists12Mar2026-ZZ4l2017_Moriondsel_mmee.root
hadd Source file 4: Hists12Mar2026-ZZ4l2017_Moriondsel_mmmm.root
hadd Target path: Hists12Mar2026-ZZ4l2017_Moriondsel.root:/
hadd Target path: Hists12Mar2026-ZZ4l2017_Moriondsel.root:/ZTZT
hadd Target path: Hists12Mar2026-ZZ4l2017_Moriondsel.root:/ZTZ0
hadd Target path: Hists12Mar2026-ZZ4l2017_Moriondsel.root:/Z0ZT
hadd Target path: Hists12Mar2026-ZZ4l2017_Moriondsel.root:/Z0Z0
Pause here
hadd Target file: Hists12Mar2026-ZZ4l2017_Moriondbkgd_eeee.root
hadd compression setting for all output: 1
hadd Source file 1: temp_ZTZT_Hists12Mar2026-ZZ4l2017_Moriondbkgd.root
hadd Source file 2: temp_ZTZ0_Hists12Mar2026-ZZ4l2017_Moriondbkgd.root
hadd Source file 3: temp_Z0ZT_Hists12Mar2026-ZZ4l2017_Moriondbkgd.root
hadd Source file 4: temp_Z0Z0_Hists12Mar2026-ZZ4l2017_Moriondbkgd.root
hadd Target path: Hists12Mar2026-ZZ4l2017_Moriondbkgd_eeee.root:/
hadd Target path: Hists12Mar2026-ZZ4l2017_Moriondbkgd_eeee.root:/ZTZT
hadd Target path: Hists12Mar2026-ZZ4l2017_Moriondbkgd_eeee.root:/ZTZ0
hadd Target path: Hists12Mar2026-ZZ4l2017_Moriondbkgd_eeee.root:/Z0ZT
hadd Target path: Hists12Mar2026-ZZ4l2017_Moriondbkgd_eeee.root:/Z0Z0
hadd Target file: Hists12Mar2026-ZZ4l2017_Moriondbkgd_eemm.root
hadd compression setting for all output: 1
hadd Source file 1: temp_ZTZT_Hists12Mar2026-ZZ4l2017_Moriondbkgd.root
hadd Source file 2: temp_ZTZ0_Hists12Mar2026-ZZ4l2017_Moriondbkgd.root
hadd Source file 3: temp_Z0ZT_Hists12Mar2026-ZZ4l2017_Moriondbkgd.root
hadd Source file 4: temp_Z0Z0_Hists12Mar2026-ZZ4l2017_Moriondbkgd.root
hadd Target path: Hists12Mar2026-ZZ4l2017_Moriondbkgd_eemm.root:/
hadd Target path: Hists12Mar2026-ZZ4l2017_Moriondbkgd_eemm.root:/ZTZT
hadd Target path: Hists12Mar2026-ZZ4l2017_Moriondbkgd_eemm.root:/ZTZ0
hadd Target path: Hists12Mar2026-ZZ4l2017_Moriondbkgd_eemm.root:/Z0ZT
hadd Target path: Hists12Mar2026-ZZ4l2017_Moriondbkgd_eemm.root:/Z0Z0
hadd Target file: Hists12Mar2026-ZZ4l2017_Moriondbkgd_mmee.root
hadd compression setting for all output: 1
hadd Source file 1: temp_ZTZT_Hists12Mar2026-ZZ4l2017_Moriondbkgd.root
hadd Source file 2: temp_ZTZ0_Hists12Mar2026-ZZ4l2017_Moriondbkgd.root
hadd Source file 3: temp_Z0ZT_Hists12Mar2026-ZZ4l2017_Moriondbkgd.root
hadd Source file 4: temp_Z0Z0_Hists12Mar2026-ZZ4l2017_Moriondbkgd.root
hadd Target path: Hists12Mar2026-ZZ4l2017_Moriondbkgd_mmee.root:/
hadd Target path: Hists12Mar2026-ZZ4l2017_Moriondbkgd_mmee.root:/ZTZT
hadd Target path: Hists12Mar2026-ZZ4l2017_Moriondbkgd_mmee.root:/ZTZ0
hadd Target path: Hists12Mar2026-ZZ4l2017_Moriondbkgd_mmee.root:/Z0ZT
hadd Target path: Hists12Mar2026-ZZ4l2017_Moriondbkgd_mmee.root:/Z0Z0
hadd Target file: Hists12Mar2026-ZZ4l2017_Moriondbkgd_mmmm.root
hadd compression setting for all output: 1
hadd Source file 1: temp_ZTZT_Hists12Mar2026-ZZ4l2017_Moriondbkgd.root
hadd Source file 2: temp_ZTZ0_Hists12Mar2026-ZZ4l2017_Moriondbkgd.root
hadd Source file 3: temp_Z0ZT_Hists12Mar2026-ZZ4l2017_Moriondbkgd.root
hadd Source file 4: temp_Z0Z0_Hists12Mar2026-ZZ4l2017_Moriondbkgd.root
hadd Target path: Hists12Mar2026-ZZ4l2017_Moriondbkgd_mmmm.root:/
hadd Target path: Hists12Mar2026-ZZ4l2017_Moriondbkgd_mmmm.root:/ZTZT
hadd Target path: Hists12Mar2026-ZZ4l2017_Moriondbkgd_mmmm.root:/ZTZ0
hadd Target path: Hists12Mar2026-ZZ4l2017_Moriondbkgd_mmmm.root:/Z0ZT
hadd Target path: Hists12Mar2026-ZZ4l2017_Moriondbkgd_mmmm.root:/Z0Z0
hadd Target file: Hists12Mar2026-ZZ4l2017_Moriondbkgd.root
hadd compression setting for all output: 1
hadd Source file 1: Hists12Mar2026-ZZ4l2017_Moriondbkgd_eeee.root
hadd Source file 2: Hists12Mar2026-ZZ4l2017_Moriondbkgd_eemm.root
hadd Source file 3: Hists12Mar2026-ZZ4l2017_Moriondbkgd_mmee.root
hadd Source file 4: Hists12Mar2026-ZZ4l2017_Moriondbkgd_mmmm.root
hadd Target path: Hists12Mar2026-ZZ4l2017_Moriondbkgd.root:/
hadd Target path: Hists12Mar2026-ZZ4l2017_Moriondbkgd.root:/ZTZT
hadd Target path: Hists12Mar2026-ZZ4l2017_Moriondbkgd.root:/ZTZ0
hadd Target path: Hists12Mar2026-ZZ4l2017_Moriondbkgd.root:/Z0ZT
hadd Target path: Hists12Mar2026-ZZ4l2017_Moriondbkgd.root:/Z0Z0
hadd Target file: Hists12Mar2026-ZZ4l2017_Moriond.root
hadd compression setting for all output: 1
hadd Source file 1: Hists12Mar2026-ZZ4l2017_Moriondsel.root
hadd Source file 2: Hists12Mar2026-ZZ4l2017_Moriondbkgd.root
hadd Target path: Hists12Mar2026-ZZ4l2017_Moriond.root:/
hadd Target path: Hists12Mar2026-ZZ4l2017_Moriond.root:/ZTZT
hadd Target path: Hists12Mar2026-ZZ4l2017_Moriond.root:/ZTZ0
hadd Target path: Hists12Mar2026-ZZ4l2017_Moriond.root:/Z0ZT
hadd Target path: Hists12Mar2026-ZZ4l2017_Moriond.root:/Z0Z0
WARNING:root:Skipping invalid filename zz4l-powheg
WARNING:root:Skipping invalid filename ggZZ4e
WARNING:root:Skipping invalid filename ggZZ4m
WARNING:root:Skipping invalid filename ggZZ4tau
WARNING:root:Skipping invalid filename ggZZ2e2mu
WARNING:root:Skipping invalid filename ggZZ2e2tau
WARNING:root:Skipping invalid filename ggZZ2mu2tau
Job done!!===================================
